#-----------------------------------------------------------
# Vivado v2019.1 (64-bit)
# SW Build 2552052 on Fri May 24 14:49:42 MDT 2019
# IP Build 2548770 on Fri May 24 18:01:18 MDT 2019
# Start of session at: Fri Apr  8 09:42:02 2022
# Process ID: 54880
# Current directory: C:/Users/babol_zotlnwp/AppData/Roaming/Xilinx/Vivado
# Command line: vivado.exe -gui_launcher_event rodinguilauncherevent41720
# Log file: C:/Users/babol_zotlnwp/AppData/Roaming/Xilinx/Vivado/vivado.log
# Journal file: C:/Users/babol_zotlnwp/AppData/Roaming/Xilinx/Vivado\vivado.jou
#-----------------------------------------------------------
start_gui
open_project C:/Projects/Public/daisyplus_openssd_toshiba_19.1_lpddr4/cosm-plus-sys.xpr
update_compile_order -fileset sources_1
open_bd_design {C:/Projects/Public/daisyplus_openssd_toshiba_19.1_lpddr4/cosm-plus-sys.srcs/sources_1/bd/sys_top/sys_top.bd}
generate_target all [get_files  C:/Projects/Public/daisyplus_openssd_toshiba_19.1_lpddr4/cosm-plus-sys.srcs/sources_1/bd/sys_top/sys_top.bd]
catch { config_ip_cache -export [get_ips -all sys_top_axi_bram_ctrl_1_0] }
catch { config_ip_cache -export [get_ips -all sys_top_pll_bank11_0] }
catch { config_ip_cache -export [get_ips -all sys_top_proc_sys_reset_3_0] }
catch { config_ip_cache -export [get_ips -all sys_top_s00_data_fifo_141] }
catch { config_ip_cache -export [get_ips -all sys_top_auto_cc_0] }
catch { config_ip_cache -export [get_ips -all sys_top_s00_data_fifo_142] }
catch { config_ip_cache -export [get_ips -all sys_top_auto_cc_1] }
catch { config_ip_cache -export [get_ips -all sys_top_auto_ds_0] }
catch { config_ip_cache -export [get_ips -all sys_top_auto_pc_0] }
catch { config_ip_cache -export [get_ips -all sys_top_auto_cc_2] }
catch { config_ip_cache -export [get_ips -all sys_top_auto_ds_1] }
catch { config_ip_cache -export [get_ips -all sys_top_auto_cc_3] }
catch { config_ip_cache -export [get_ips -all sys_top_auto_ds_2] }
catch { config_ip_cache -export [get_ips -all sys_top_auto_pc_1] }
catch { config_ip_cache -export [get_ips -all sys_top_auto_cc_4] }
catch { config_ip_cache -export [get_ips -all sys_top_auto_ds_3] }
catch { config_ip_cache -export [get_ips -all sys_top_auto_cc_5] }
catch { config_ip_cache -export [get_ips -all sys_top_auto_ds_4] }
catch { config_ip_cache -export [get_ips -all sys_top_auto_pc_2] }
catch { config_ip_cache -export [get_ips -all sys_top_auto_cc_6] }
catch { config_ip_cache -export [get_ips -all sys_top_auto_ds_5] }
catch { config_ip_cache -export [get_ips -all sys_top_auto_cc_7] }
catch { config_ip_cache -export [get_ips -all sys_top_auto_ds_6] }
catch { config_ip_cache -export [get_ips -all sys_top_auto_pc_3] }
catch { config_ip_cache -export [get_ips -all sys_top_auto_cc_8] }
catch { config_ip_cache -export [get_ips -all sys_top_auto_ds_7] }
catch { config_ip_cache -export [get_ips -all sys_top_s00_data_fifo_143] }
catch { config_ip_cache -export [get_ips -all sys_top_auto_pc_4] }
catch { config_ip_cache -export [get_ips -all sys_top_auto_ds_8] }
catch { config_ip_cache -export [get_ips -all sys_top_auto_cc_9] }
catch { config_ip_cache -export [get_ips -all sys_top_auto_ds_9] }
catch { config_ip_cache -export [get_ips -all sys_top_s00_data_fifo_144] }
catch { config_ip_cache -export [get_ips -all sys_top_auto_cc_10] }
catch { config_ip_cache -export [get_ips -all sys_top_auto_cc_11] }
catch { config_ip_cache -export [get_ips -all sys_top_s00_regslice_0] }
catch { config_ip_cache -export [get_ips -all sys_top_auto_us_cc_df_0] }
catch { config_ip_cache -export [get_ips -all sys_top_s01_regslice_0] }
catch { config_ip_cache -export [get_ips -all sys_top_auto_us_cc_df_1] }
catch { config_ip_cache -export [get_ips -all sys_top_s02_regslice_0] }
catch { config_ip_cache -export [get_ips -all sys_top_auto_us_cc_df_2] }
catch { config_ip_cache -export [get_ips -all sys_top_s03_regslice_0] }
catch { config_ip_cache -export [get_ips -all sys_top_auto_us_cc_df_3] }
export_ip_user_files -of_objects [get_files C:/Projects/Public/daisyplus_openssd_toshiba_19.1_lpddr4/cosm-plus-sys.srcs/sources_1/bd/sys_top/sys_top.bd] -no_script -sync -force -quiet
create_ip_run [get_files -of_objects [get_fileset sources_1] C:/Projects/Public/daisyplus_openssd_toshiba_19.1_lpddr4/cosm-plus-sys.srcs/sources_1/bd/sys_top/sys_top.bd]
launch_runs -jobs 6 {sys_top_axi_bram_ctrl_1_0_synth_1 sys_top_pll_bank11_0_synth_1 sys_top_proc_sys_reset_3_0_synth_1 sys_top_auto_cc_3_synth_1 sys_top_auto_ds_2_synth_1 sys_top_auto_pc_1_synth_1 sys_top_auto_cc_4_synth_1 sys_top_auto_ds_3_synth_1 sys_top_s01_regslice_0_synth_1 sys_top_auto_us_cc_df_1_synth_1}
export_simulation -of_objects [get_files C:/Projects/Public/daisyplus_openssd_toshiba_19.1_lpddr4/cosm-plus-sys.srcs/sources_1/bd/sys_top/sys_top.bd] -directory C:/Projects/Public/daisyplus_openssd_toshiba_19.1_lpddr4/cosm-plus-sys.ip_user_files/sim_scripts -ip_user_files_dir C:/Projects/Public/daisyplus_openssd_toshiba_19.1_lpddr4/cosm-plus-sys.ip_user_files -ipstatic_source_dir C:/Projects/Public/daisyplus_openssd_toshiba_19.1_lpddr4/cosm-plus-sys.ip_user_files/ipstatic -lib_map_path [list {modelsim=C:/Projects/Public/daisyplus_openssd_toshiba_19.1_lpddr4/cosm-plus-sys.cache/compile_simlib/modelsim} {questa=C:/Projects/Public/daisyplus_openssd_toshiba_19.1_lpddr4/cosm-plus-sys.cache/compile_simlib/questa} {riviera=C:/Projects/Public/daisyplus_openssd_toshiba_19.1_lpddr4/cosm-plus-sys.cache/compile_simlib/riviera} {activehdl=C:/Projects/Public/daisyplus_openssd_toshiba_19.1_lpddr4/cosm-plus-sys.cache/compile_simlib/activehdl}] -use_ip_compiled_libs -force -quiet
reset_run synth_1
launch_runs impl_1 -jobs 6
wait_on_run impl_1
launch_runs impl_1 -to_step write_bitstream -jobs 6
wait_on_run impl_1
file copy -force C:/Projects/Public/daisyplus_openssd_toshiba_19.1_lpddr4/cosm-plus-sys.runs/impl_1/sys_top_wrapper.sysdef C:/Projects/Public/daisyplus_openssd_toshiba_19.1_lpddr4/cosm-plus-sys.sdk/sys_top_wrapper.hdf

startgroup
set_property -dict [list CONFIG.JITTER_SEL {No_Jitter} CONFIG.CLKOUT1_REQUESTED_OUT_FREQ {100} CONFIG.CLKOUT2_REQUESTED_OUT_FREQ {50} CONFIG.MMCM_BANDWIDTH {OPTIMIZED} CONFIG.MMCM_CLKFBOUT_MULT_F {24.000} CONFIG.MMCM_CLKIN1_PERIOD {20.000} CONFIG.MMCM_CLKOUT0_DIVIDE_F {12.000} CONFIG.MMCM_CLKOUT1_DIVIDE {24} CONFIG.MMCM_CLKOUT2_DIVIDE {6} CONFIG.CLKOUT1_JITTER {139.132} CONFIG.CLKOUT1_PHASE_ERROR {154.682} CONFIG.CLKOUT2_JITTER {163.701} CONFIG.CLKOUT2_PHASE_ERROR {154.682} CONFIG.CLKOUT3_JITTER {124.137} CONFIG.CLKOUT3_PHASE_ERROR {154.682}] [get_bd_cells pll_bank11]
endgroup
save_bd_design
generate_target all [get_files  C:/Projects/Public/daisyplus_openssd_toshiba_19.1_lpddr4/cosm-plus-sys.srcs/sources_1/bd/sys_top/sys_top.bd]
catch { config_ip_cache -export [get_ips -all sys_top_axi_bram_ctrl_1_0] }
catch { [ delete_ip_run [get_ips -all sys_top_axi_bram_ctrl_1_0] ] }
catch { config_ip_cache -export [get_ips -all sys_top_pll_bank11_0] }
catch { config_ip_cache -export [get_ips -all sys_top_proc_sys_reset_3_0] }
catch { [ delete_ip_run [get_ips -all sys_top_proc_sys_reset_3_0] ] }
catch { config_ip_cache -export [get_ips -all sys_top_s00_data_fifo_145] }
catch { config_ip_cache -export [get_ips -all sys_top_auto_cc_0] }
catch { config_ip_cache -export [get_ips -all sys_top_s00_data_fifo_146] }
catch { config_ip_cache -export [get_ips -all sys_top_auto_cc_1] }
catch { config_ip_cache -export [get_ips -all sys_top_auto_ds_0] }
catch { config_ip_cache -export [get_ips -all sys_top_auto_pc_0] }
catch { config_ip_cache -export [get_ips -all sys_top_auto_cc_2] }
catch { config_ip_cache -export [get_ips -all sys_top_auto_ds_1] }
catch { config_ip_cache -export [get_ips -all sys_top_auto_cc_3] }
catch { config_ip_cache -export [get_ips -all sys_top_auto_ds_2] }
catch { config_ip_cache -export [get_ips -all sys_top_auto_pc_1] }
catch { config_ip_cache -export [get_ips -all sys_top_auto_cc_4] }
catch { config_ip_cache -export [get_ips -all sys_top_auto_ds_3] }
catch { config_ip_cache -export [get_ips -all sys_top_auto_cc_5] }
catch { config_ip_cache -export [get_ips -all sys_top_auto_ds_4] }
catch { config_ip_cache -export [get_ips -all sys_top_auto_pc_2] }
catch { config_ip_cache -export [get_ips -all sys_top_auto_cc_6] }
catch { config_ip_cache -export [get_ips -all sys_top_auto_ds_5] }
catch { config_ip_cache -export [get_ips -all sys_top_auto_cc_7] }
catch { config_ip_cache -export [get_ips -all sys_top_auto_ds_6] }
catch { config_ip_cache -export [get_ips -all sys_top_auto_pc_3] }
catch { config_ip_cache -export [get_ips -all sys_top_auto_cc_8] }
catch { config_ip_cache -export [get_ips -all sys_top_auto_ds_7] }
catch { config_ip_cache -export [get_ips -all sys_top_s00_data_fifo_147] }
catch { config_ip_cache -export [get_ips -all sys_top_auto_pc_4] }
catch { config_ip_cache -export [get_ips -all sys_top_auto_ds_8] }
catch { config_ip_cache -export [get_ips -all sys_top_auto_cc_9] }
catch { config_ip_cache -export [get_ips -all sys_top_auto_ds_9] }
catch { config_ip_cache -export [get_ips -all sys_top_s00_data_fifo_148] }
catch { config_ip_cache -export [get_ips -all sys_top_auto_cc_10] }
catch { config_ip_cache -export [get_ips -all sys_top_auto_cc_11] }
catch { config_ip_cache -export [get_ips -all sys_top_s00_regslice_0] }
catch { config_ip_cache -export [get_ips -all sys_top_auto_us_cc_df_0] }
catch { config_ip_cache -export [get_ips -all sys_top_s01_regslice_0] }
catch { config_ip_cache -export [get_ips -all sys_top_auto_us_cc_df_1] }
catch { config_ip_cache -export [get_ips -all sys_top_s02_regslice_0] }
catch { config_ip_cache -export [get_ips -all sys_top_auto_us_cc_df_2] }
catch { config_ip_cache -export [get_ips -all sys_top_s03_regslice_0] }
catch { config_ip_cache -export [get_ips -all sys_top_auto_us_cc_df_3] }
export_ip_user_files -of_objects [get_files C:/Projects/Public/daisyplus_openssd_toshiba_19.1_lpddr4/cosm-plus-sys.srcs/sources_1/bd/sys_top/sys_top.bd] -no_script -sync -force -quiet
create_ip_run [get_files -of_objects [get_fileset sources_1] C:/Projects/Public/daisyplus_openssd_toshiba_19.1_lpddr4/cosm-plus-sys.srcs/sources_1/bd/sys_top/sys_top.bd]
launch_runs -jobs 6 sys_top_pll_bank11_0_synth_1
export_simulation -of_objects [get_files C:/Projects/Public/daisyplus_openssd_toshiba_19.1_lpddr4/cosm-plus-sys.srcs/sources_1/bd/sys_top/sys_top.bd] -directory C:/Projects/Public/daisyplus_openssd_toshiba_19.1_lpddr4/cosm-plus-sys.ip_user_files/sim_scripts -ip_user_files_dir C:/Projects/Public/daisyplus_openssd_toshiba_19.1_lpddr4/cosm-plus-sys.ip_user_files -ipstatic_source_dir C:/Projects/Public/daisyplus_openssd_toshiba_19.1_lpddr4/cosm-plus-sys.ip_user_files/ipstatic -lib_map_path [list {modelsim=C:/Projects/Public/daisyplus_openssd_toshiba_19.1_lpddr4/cosm-plus-sys.cache/compile_simlib/modelsim} {questa=C:/Projects/Public/daisyplus_openssd_toshiba_19.1_lpddr4/cosm-plus-sys.cache/compile_simlib/questa} {riviera=C:/Projects/Public/daisyplus_openssd_toshiba_19.1_lpddr4/cosm-plus-sys.cache/compile_simlib/riviera} {activehdl=C:/Projects/Public/daisyplus_openssd_toshiba_19.1_lpddr4/cosm-plus-sys.cache/compile_simlib/activehdl}] -use_ip_compiled_libs -force -quiet
reset_run synth_1
launch_runs impl_1 -jobs 6
wait_on_run impl_1
launch_runs impl_1 -to_step write_bitstream -jobs 6
wait_on_run impl_1
file copy -force C:/Projects/Public/daisyplus_openssd_toshiba_19.1_lpddr4/cosm-plus-sys.runs/impl_1/sys_top_wrapper.sysdef C:/Projects/Public/daisyplus_openssd_toshiba_19.1_lpddr4/cosm-plus-sys.sdk/sys_top_wrapper.hdf

open_run synth_1 -name synth_1
set_property OUTPUT_IMPEDANCE RDRV_40_40 [get_ports [list nand_if_1_nand_ale]]
set_property OUTPUT_IMPEDANCE NONE [get_ports nand_if_*_nand_dqs_p]
set_property OUTPUT_IMPEDANCE "NONE" [get_ports nand_if_*_nand_dqs_p]
set_property OUTPUT_IMPEDANCE RDRV_40_40 [get_ports [list nand_if_1_nand_dqs_p]]
set_property OUTPUT_IMPEDANCE RDRV_NONE_NONE [get_ports nand_if_*_nand_dqs_p]
close_design
reset_run impl_1
launch_runs impl_1 -jobs 6
wait_on_run impl_1
open_run synth_1 -name synth_1
set_property OUTPUT_IMPEDANCE RDRV_NONE_NONE [get_ports [list nand_if_0_nand_dqs_p]]
set_property OUTPUT_IMPEDANCE RDRV_48_48 [get_ports [list nand_if_0_nand_dqs_p]]
set_property OUTPUT_IMPEDANCE RDRV_48_48 [get_ports [list nand_if_0_nand_re_p]]
close_design
reset_run impl_1
launch_runs impl_1 -jobs 6
wait_on_run impl_1
launch_runs impl_1 -to_step write_bitstream -jobs 6
wait_on_run impl_1
file copy -force C:/Projects/Public/daisyplus_openssd_toshiba_19.1_lpddr4/cosm-plus-sys.runs/impl_1/sys_top_wrapper.sysdef C:/Projects/Public/daisyplus_openssd_toshiba_19.1_lpddr4/cosm-plus-sys.sdk/sys_top_wrapper.hdf

reset_run impl_1
launch_runs impl_1 -jobs 6
wait_on_run impl_1
reset_run impl_1
open_run synth_1 -name synth_1
set_property ODT RTT_NONE [get_ports [list nand_if_0_nand_dqs_p]]
set_property ODT RTT_NONE [get_ports [list nand_if_0_nand_dqs_p]]
launch_runs impl_1 -jobs 6
wait_on_run impl_1
launch_runs impl_1 -to_step write_bitstream -jobs 6
wait_on_run impl_1
close_design
file copy -force C:/Projects/Public/daisyplus_openssd_toshiba_19.1_lpddr4/cosm-plus-sys.runs/impl_1/sys_top_wrapper.sysdef C:/Projects/Public/daisyplus_openssd_toshiba_19.1_lpddr4/cosm-plus-sys.sdk/sys_top_wrapper.hdf

reset_run impl_1
launch_runs impl_1 -jobs 6
wait_on_run impl_1
launch_runs impl_1 -to_step write_bitstream -jobs 6
wait_on_run impl_1
file copy -force C:/Projects/Public/daisyplus_openssd_toshiba_19.1_lpddr4/cosm-plus-sys.runs/impl_1/sys_top_wrapper.sysdef C:/Projects/Public/daisyplus_openssd_toshiba_19.1_lpddr4/cosm-plus-sys.sdk/sys_top_wrapper.hdf

reset_run impl_1
launch_runs impl_1 -jobs 6
wait_on_run impl_1
open_run impl_1
launch_runs impl_1 -to_step write_bitstream -jobs 6
wait_on_run impl_1
file copy -force C:/Projects/Public/daisyplus_openssd_toshiba_19.1_lpddr4/cosm-plus-sys.runs/impl_1/sys_top_wrapper.sysdef C:/Projects/Public/daisyplus_openssd_toshiba_19.1_lpddr4/cosm-plus-sys.sdk/sys_top_wrapper.hdf

reset_run impl_1
launch_runs impl_1 -jobs 6
wait_on_run impl_1
launch_runs impl_1 -to_step write_bitstream -jobs 6
wait_on_run impl_1
file copy -force C:/Projects/Public/daisyplus_openssd_toshiba_19.1_lpddr4/cosm-plus-sys.runs/impl_1/sys_top_wrapper.sysdef C:/Projects/Public/daisyplus_openssd_toshiba_19.1_lpddr4/cosm-plus-sys.sdk/sys_top_wrapper.hdf

file copy -force C:/Projects/Public/daisyplus_openssd_toshiba_19.1_lpddr4/cosm-plus-sys.runs/impl_1/sys_top_wrapper.sysdef C:/Projects/Public/daisyplus_openssd_toshiba_19.1_lpddr4/cosm-plus-sys.sdk/sys_top_wrapper.hdf

reset_run impl_1
launch_runs impl_1 -jobs 6
wait_on_run impl_1
launch_runs impl_1 -to_step write_bitstream -jobs 6
wait_on_run impl_1
file copy -force C:/Projects/Public/daisyplus_openssd_toshiba_19.1_lpddr4/cosm-plus-sys.runs/impl_1/sys_top_wrapper.sysdef C:/Projects/Public/daisyplus_openssd_toshiba_19.1_lpddr4/cosm-plus-sys.sdk/sys_top_wrapper.hdf

reset_run impl_1
launch_runs impl_1 -jobs 6
wait_on_run impl_1
reset_run impl_1
launch_runs impl_1 -jobs 6
wait_on_run impl_1
launch_runs impl_1 -to_step write_bitstream -jobs 6
wait_on_run impl_1
file copy -force C:/Projects/Public/daisyplus_openssd_toshiba_19.1_lpddr4/cosm-plus-sys.runs/impl_1/sys_top_wrapper.sysdef C:/Projects/Public/daisyplus_openssd_toshiba_19.1_lpddr4/cosm-plus-sys.sdk/sys_top_wrapper.hdf

open_hw
connect_hw_server
open_hw_target
set_property PROGRAM.FILE {C:/Projects/Public/daisyplus_openssd_toshiba_19.1_lpddr4/cosm-plus-sys.runs/impl_1/sys_top_wrapper.bit} [get_hw_devices xczu17_0]
set_property PROBES.FILE {C:/Projects/Public/daisyplus_openssd_toshiba_19.1_lpddr4/cosm-plus-sys.runs/impl_1/sys_top_wrapper.ltx} [get_hw_devices xczu17_0]
set_property FULL_PROBES.FILE {C:/Projects/Public/daisyplus_openssd_toshiba_19.1_lpddr4/cosm-plus-sys.runs/impl_1/sys_top_wrapper.ltx} [get_hw_devices xczu17_0]
current_hw_device [get_hw_devices xczu17_0]
refresh_hw_device [lindex [get_hw_devices xczu17_0] 0]
display_hw_ila_data [ get_hw_ila_data hw_ila_data_1 -of_objects [get_hw_ilas -of_objects [get_hw_devices xczu17_0] -filter {CELL_NAME=~"u_ila_0"}]]
display_hw_ila_data [ get_hw_ila_data hw_ila_data_2 -of_objects [get_hw_ilas -of_objects [get_hw_devices xczu17_0] -filter {CELL_NAME=~"u_ila_1"}]]
display_hw_ila_data [ get_hw_ila_data hw_ila_data_3 -of_objects [get_hw_ilas -of_objects [get_hw_devices xczu17_0] -filter {CELL_NAME=~"u_ila_2"}]]
current_hw_device [get_hw_devices arm_dap_1]
refresh_hw_device -update_hw_probes false [lindex [get_hw_devices arm_dap_1] 0]
current_hw_device [get_hw_devices xczu17_0]
run_hw_ila [get_hw_ilas -of_objects [get_hw_devices xczu17_0] -filter {CELL_NAME=~"u_ila_2"}] -trigger_now
wait_on_hw_ila [get_hw_ilas -of_objects [get_hw_devices xczu17_0] -filter {CELL_NAME=~"u_ila_2"}]
display_hw_ila_data [upload_hw_ila_data [get_hw_ilas -of_objects [get_hw_devices xczu17_0] -filter {CELL_NAME=~"u_ila_2"}]]
run_hw_ila [get_hw_ilas -of_objects [get_hw_devices xczu17_0] -filter {CELL_NAME=~"u_ila_1"}] -trigger_now
wait_on_hw_ila [get_hw_ilas -of_objects [get_hw_devices xczu17_0] -filter {CELL_NAME=~"u_ila_1"}]
display_hw_ila_data [upload_hw_ila_data [get_hw_ilas -of_objects [get_hw_devices xczu17_0] -filter {CELL_NAME=~"u_ila_1"}]]
run_hw_ila [get_hw_ilas -of_objects [get_hw_devices xczu17_0] -filter {CELL_NAME=~"u_ila_0"}] -trigger_now
wait_on_hw_ila [get_hw_ilas -of_objects [get_hw_devices xczu17_0] -filter {CELL_NAME=~"u_ila_0"}]
display_hw_ila_data [upload_hw_ila_data [get_hw_ilas -of_objects [get_hw_devices xczu17_0] -filter {CELL_NAME=~"u_ila_0"}]]
set_property TRIGGER_COMPARE_VALUE eq1'bX [get_hw_probes sys_top_i/v2nfc_1/inst/Inst_NPhy_Toggle_Top/wPI_BUFF_WE_PM_PHY -of_objects [get_hw_ilas -of_objects [get_hw_devices xczu17_0] -filter {CELL_NAME=~"u_ila_2"}]]
set_property TRIGGER_COMPARE_VALUE eq1'b0 [get_hw_probes {sys_top_i/v2nfc_1/inst/Inst_NPhy_Toggle_Top/Inst_NPhy_Toggle_Physical_Output/O_NAND_CE[0]} -of_objects [get_hw_ilas -of_objects [get_hw_devices xczu17_0] -filter {CELL_NAME=~"u_ila_2"}]]
run_hw_ila [get_hw_ilas -of_objects [get_hw_devices xczu17_0] -filter {CELL_NAME=~"u_ila_2"}]
run_hw_ila [get_hw_ilas -of_objects [get_hw_devices xczu17_0] -filter {CELL_NAME=~"u_ila_1"}]
wait_on_hw_ila [get_hw_ilas -of_objects [get_hw_devices xczu17_0] -filter {CELL_NAME=~"u_ila_1"}]
display_hw_ila_data [upload_hw_ila_data [get_hw_ilas -of_objects [get_hw_devices xczu17_0] -filter {CELL_NAME=~"u_ila_1"}]]
wait_on_hw_ila [get_hw_ilas -of_objects [get_hw_devices xczu17_0] -filter {CELL_NAME=~"u_ila_2"}]
display_hw_ila_data [upload_hw_ila_data [get_hw_ilas -of_objects [get_hw_devices xczu17_0] -filter {CELL_NAME=~"u_ila_2"}]]
run_hw_ila [get_hw_ilas -of_objects [get_hw_devices xczu17_0] -filter {CELL_NAME=~"u_ila_2"}]
run_hw_ila [get_hw_ilas -of_objects [get_hw_devices xczu17_0] -filter {CELL_NAME=~"u_ila_1"}]
wait_on_hw_ila [get_hw_ilas -of_objects [get_hw_devices xczu17_0] -filter {CELL_NAME=~"u_ila_1"}]
display_hw_ila_data [upload_hw_ila_data [get_hw_ilas -of_objects [get_hw_devices xczu17_0] -filter {CELL_NAME=~"u_ila_1"}]]
wait_on_hw_ila [get_hw_ilas -of_objects [get_hw_devices xczu17_0] -filter {CELL_NAME=~"u_ila_2"}]
display_hw_ila_data [upload_hw_ila_data [get_hw_ilas -of_objects [get_hw_devices xczu17_0] -filter {CELL_NAME=~"u_ila_2"}]]
run_hw_ila [get_hw_ilas -of_objects [get_hw_devices xczu17_0] -filter {CELL_NAME=~"u_ila_2"}] -trigger_now
wait_on_hw_ila [get_hw_ilas -of_objects [get_hw_devices xczu17_0] -filter {CELL_NAME=~"u_ila_2"}]
display_hw_ila_data [upload_hw_ila_data [get_hw_ilas -of_objects [get_hw_devices xczu17_0] -filter {CELL_NAME=~"u_ila_2"}]]
reset_run impl_1
launch_runs impl_1 -jobs 6
wait_on_run impl_1
disconnect_hw_server localhost:3121
launch_runs impl_1 -to_step write_bitstream -jobs 6
wait_on_run impl_1
file copy -force C:/Projects/Public/daisyplus_openssd_toshiba_19.1_lpddr4/cosm-plus-sys.runs/impl_1/sys_top_wrapper.sysdef C:/Projects/Public/daisyplus_openssd_toshiba_19.1_lpddr4/cosm-plus-sys.sdk/sys_top_wrapper.hdf

create_ip_run [get_files -of_objects [get_fileset sources_1] C:/Projects/Public/daisyplus_openssd_toshiba_19.1_lpddr4/cosm-plus-sys.srcs/sources_1/bd/sys_top/sys_top.bd]
refresh_design
set_property ODT RTT_40 [get_ports [list nand_if_1_nand_dqs_p]]
reset_run impl_1
launch_runs impl_1 -jobs 6
wait_on_run impl_1
launch_runs impl_1 -to_step write_bitstream -jobs 6
wait_on_run impl_1
close_design
file copy -force C:/Projects/Public/daisyplus_openssd_toshiba_19.1_lpddr4/cosm-plus-sys.runs/impl_1/sys_top_wrapper.sysdef C:/Projects/Public/daisyplus_openssd_toshiba_19.1_lpddr4/cosm-plus-sys.sdk/sys_top_wrapper.hdf

connect_hw_server
open_hw_target
set_property PROGRAM.FILE {C:/Projects/Public/daisyplus_openssd_toshiba_19.1_lpddr4/cosm-plus-sys.runs/impl_1/sys_top_wrapper.bit} [get_hw_devices xczu17_0]
set_property PROBES.FILE {C:/Projects/Public/daisyplus_openssd_toshiba_19.1_lpddr4/cosm-plus-sys.runs/impl_1/sys_top_wrapper.ltx} [get_hw_devices xczu17_0]
set_property FULL_PROBES.FILE {C:/Projects/Public/daisyplus_openssd_toshiba_19.1_lpddr4/cosm-plus-sys.runs/impl_1/sys_top_wrapper.ltx} [get_hw_devices xczu17_0]
current_hw_device [get_hw_devices xczu17_0]
refresh_hw_device [lindex [get_hw_devices xczu17_0] 0]
display_hw_ila_data [ get_hw_ila_data hw_ila_data_1 -of_objects [get_hw_ilas -of_objects [get_hw_devices xczu17_0] -filter {CELL_NAME=~"u_ila_0"}]]
display_hw_ila_data [ get_hw_ila_data hw_ila_data_2 -of_objects [get_hw_ilas -of_objects [get_hw_devices xczu17_0] -filter {CELL_NAME=~"u_ila_1"}]]
display_hw_ila_data [ get_hw_ila_data hw_ila_data_3 -of_objects [get_hw_ilas -of_objects [get_hw_devices xczu17_0] -filter {CELL_NAME=~"u_ila_2"}]]
current_hw_device [get_hw_devices arm_dap_1]
refresh_hw_device -update_hw_probes false [lindex [get_hw_devices arm_dap_1] 0]
current_hw_device [get_hw_devices xczu17_0]
run_hw_ila [get_hw_ilas -of_objects [get_hw_devices xczu17_0] -filter {CELL_NAME=~"u_ila_1"}]
run_hw_ila [get_hw_ilas -of_objects [get_hw_devices xczu17_0] -filter {CELL_NAME=~"u_ila_2"}]
wait_on_hw_ila [get_hw_ilas -of_objects [get_hw_devices xczu17_0] -filter {CELL_NAME=~"u_ila_1"}]
display_hw_ila_data [upload_hw_ila_data [get_hw_ilas -of_objects [get_hw_devices xczu17_0] -filter {CELL_NAME=~"u_ila_1"}]]
wait_on_hw_ila [get_hw_ilas -of_objects [get_hw_devices xczu17_0] -filter {CELL_NAME=~"u_ila_2"}]
display_hw_ila_data [upload_hw_ila_data [get_hw_ilas -of_objects [get_hw_devices xczu17_0] -filter {CELL_NAME=~"u_ila_2"}]]
run_hw_ila [get_hw_ilas -of_objects [get_hw_devices xczu17_0] -filter {CELL_NAME=~"u_ila_2"}] -trigger_now
wait_on_hw_ila [get_hw_ilas -of_objects [get_hw_devices xczu17_0] -filter {CELL_NAME=~"u_ila_2"}]
display_hw_ila_data [upload_hw_ila_data [get_hw_ilas -of_objects [get_hw_devices xczu17_0] -filter {CELL_NAME=~"u_ila_2"}]]
run_hw_ila [get_hw_ilas -of_objects [get_hw_devices xczu17_0] -filter {CELL_NAME=~"u_ila_1"}]
run_hw_ila [get_hw_ilas -of_objects [get_hw_devices xczu17_0] -filter {CELL_NAME=~"u_ila_2"}]
wait_on_hw_ila [get_hw_ilas -of_objects [get_hw_devices xczu17_0] -filter {CELL_NAME=~"u_ila_1"}]
display_hw_ila_data [upload_hw_ila_data [get_hw_ilas -of_objects [get_hw_devices xczu17_0] -filter {CELL_NAME=~"u_ila_1"}]]
wait_on_hw_ila [get_hw_ilas -of_objects [get_hw_devices xczu17_0] -filter {CELL_NAME=~"u_ila_2"}]
display_hw_ila_data [upload_hw_ila_data [get_hw_ilas -of_objects [get_hw_devices xczu17_0] -filter {CELL_NAME=~"u_ila_2"}]]
run_hw_ila [get_hw_ilas -of_objects [get_hw_devices xczu17_0] -filter {CELL_NAME=~"u_ila_2"}] -trigger_now
wait_on_hw_ila [get_hw_ilas -of_objects [get_hw_devices xczu17_0] -filter {CELL_NAME=~"u_ila_2"}]
display_hw_ila_data [upload_hw_ila_data [get_hw_ilas -of_objects [get_hw_devices xczu17_0] -filter {CELL_NAME=~"u_ila_2"}]]
run_hw_ila [get_hw_ilas -of_objects [get_hw_devices xczu17_0] -filter {CELL_NAME=~"u_ila_2"}]
run_hw_ila [get_hw_ilas -of_objects [get_hw_devices xczu17_0] -filter {CELL_NAME=~"u_ila_1"}]
wait_on_hw_ila [get_hw_ilas -of_objects [get_hw_devices xczu17_0] -filter {CELL_NAME=~"u_ila_1"}]
display_hw_ila_data [upload_hw_ila_data [get_hw_ilas -of_objects [get_hw_devices xczu17_0] -filter {CELL_NAME=~"u_ila_1"}]]
save_wave_config {C:/Projects/Public/daisyplus_openssd_toshiba_19.1_lpddr4/cosm-plus-sys.hw/hw_1/wave/hw_ila_data_1/hw_ila_data_1.wcfg}
save_wave_config {C:/Projects/Public/daisyplus_openssd_toshiba_19.1_lpddr4/cosm-plus-sys.hw/hw_1/wave/hw_ila_data_2/hw_ila_data_2.wcfg}
save_wave_config {C:/Projects/Public/daisyplus_openssd_toshiba_19.1_lpddr4/cosm-plus-sys.hw/hw_1/wave/hw_ila_data_3/hw_ila_data_3.wcfg}
disconnect_hw_server localhost:3121
open_bd_design {C:/Projects/Public/daisyplus_openssd_toshiba_19.1_lpddr4/cosm-plus-sys.srcs/sources_1/bd/sys_top/sys_top.bd}
update_ip_catalog -rebuild -scan_changes
report_ip_status -name ip_status
open_bd_design {C:/Projects/Public/daisyplus_openssd_toshiba_19.1_lpddr4/cosm-plus-sys.srcs/sources_1/bd/sys_top/sys_top.bd}
upgrade_ip [get_ips  {sys_top_v2nfc_2_0 sys_top_v2nfc_0_0 sys_top_v2nfc_0_1 sys_top_v2nfc_0_2}] -log ip_upgrade.log
export_ip_user_files -of_objects [get_ips {sys_top_v2nfc_2_0 sys_top_v2nfc_0_0 sys_top_v2nfc_0_1 sys_top_v2nfc_0_2}] -no_script -sync -force -quiet
report_ip_status -name ip_status 
generate_target all [get_files  C:/Projects/Public/daisyplus_openssd_toshiba_19.1_lpddr4/cosm-plus-sys.srcs/sources_1/bd/sys_top/sys_top.bd]
catch { config_ip_cache -export [get_ips -all sys_top_v2nfc_0_0] }
catch { config_ip_cache -export [get_ips -all sys_top_v2nfc_0_1] }
catch { config_ip_cache -export [get_ips -all sys_top_v2nfc_0_2] }
catch { config_ip_cache -export [get_ips -all sys_top_v2nfc_2_0] }
catch { config_ip_cache -export [get_ips -all sys_top_s00_data_fifo_149] }
catch { config_ip_cache -export [get_ips -all sys_top_auto_cc_0] }
catch { config_ip_cache -export [get_ips -all sys_top_s00_data_fifo_150] }
catch { config_ip_cache -export [get_ips -all sys_top_auto_cc_1] }
catch { config_ip_cache -export [get_ips -all sys_top_auto_ds_0] }
catch { config_ip_cache -export [get_ips -all sys_top_auto_pc_0] }
catch { config_ip_cache -export [get_ips -all sys_top_auto_cc_2] }
catch { config_ip_cache -export [get_ips -all sys_top_auto_ds_1] }
catch { config_ip_cache -export [get_ips -all sys_top_auto_cc_3] }
catch { config_ip_cache -export [get_ips -all sys_top_auto_ds_2] }
catch { config_ip_cache -export [get_ips -all sys_top_auto_pc_1] }
catch { config_ip_cache -export [get_ips -all sys_top_auto_cc_4] }
catch { config_ip_cache -export [get_ips -all sys_top_auto_ds_3] }
catch { config_ip_cache -export [get_ips -all sys_top_auto_cc_5] }
catch { config_ip_cache -export [get_ips -all sys_top_auto_ds_4] }
catch { config_ip_cache -export [get_ips -all sys_top_auto_pc_2] }
catch { config_ip_cache -export [get_ips -all sys_top_auto_cc_6] }
catch { config_ip_cache -export [get_ips -all sys_top_auto_ds_5] }
catch { config_ip_cache -export [get_ips -all sys_top_auto_cc_7] }
catch { config_ip_cache -export [get_ips -all sys_top_auto_ds_6] }
catch { config_ip_cache -export [get_ips -all sys_top_auto_pc_3] }
catch { config_ip_cache -export [get_ips -all sys_top_auto_cc_8] }
catch { config_ip_cache -export [get_ips -all sys_top_auto_ds_7] }
catch { config_ip_cache -export [get_ips -all sys_top_s00_data_fifo_151] }
catch { config_ip_cache -export [get_ips -all sys_top_auto_pc_4] }
catch { config_ip_cache -export [get_ips -all sys_top_auto_ds_8] }
catch { config_ip_cache -export [get_ips -all sys_top_auto_cc_9] }
catch { config_ip_cache -export [get_ips -all sys_top_auto_ds_9] }
catch { config_ip_cache -export [get_ips -all sys_top_s00_data_fifo_152] }
catch { config_ip_cache -export [get_ips -all sys_top_auto_cc_10] }
catch { config_ip_cache -export [get_ips -all sys_top_auto_cc_11] }
catch { config_ip_cache -export [get_ips -all sys_top_s00_regslice_0] }
catch { config_ip_cache -export [get_ips -all sys_top_auto_us_cc_df_0] }
catch { config_ip_cache -export [get_ips -all sys_top_s01_regslice_0] }
catch { config_ip_cache -export [get_ips -all sys_top_auto_us_cc_df_1] }
catch { config_ip_cache -export [get_ips -all sys_top_s02_regslice_0] }
catch { config_ip_cache -export [get_ips -all sys_top_auto_us_cc_df_2] }
catch { config_ip_cache -export [get_ips -all sys_top_s03_regslice_0] }
catch { config_ip_cache -export [get_ips -all sys_top_auto_us_cc_df_3] }
export_ip_user_files -of_objects [get_files C:/Projects/Public/daisyplus_openssd_toshiba_19.1_lpddr4/cosm-plus-sys.srcs/sources_1/bd/sys_top/sys_top.bd] -no_script -sync -force -quiet
create_ip_run [get_files -of_objects [get_fileset sources_1] C:/Projects/Public/daisyplus_openssd_toshiba_19.1_lpddr4/cosm-plus-sys.srcs/sources_1/bd/sys_top/sys_top.bd]
launch_runs -jobs 6 {sys_top_v2nfc_0_0_synth_1 sys_top_v2nfc_0_1_synth_1 sys_top_v2nfc_0_2_synth_1 sys_top_v2nfc_2_0_synth_1}
export_simulation -of_objects [get_files C:/Projects/Public/daisyplus_openssd_toshiba_19.1_lpddr4/cosm-plus-sys.srcs/sources_1/bd/sys_top/sys_top.bd] -directory C:/Projects/Public/daisyplus_openssd_toshiba_19.1_lpddr4/cosm-plus-sys.ip_user_files/sim_scripts -ip_user_files_dir C:/Projects/Public/daisyplus_openssd_toshiba_19.1_lpddr4/cosm-plus-sys.ip_user_files -ipstatic_source_dir C:/Projects/Public/daisyplus_openssd_toshiba_19.1_lpddr4/cosm-plus-sys.ip_user_files/ipstatic -lib_map_path [list {modelsim=C:/Projects/Public/daisyplus_openssd_toshiba_19.1_lpddr4/cosm-plus-sys.cache/compile_simlib/modelsim} {questa=C:/Projects/Public/daisyplus_openssd_toshiba_19.1_lpddr4/cosm-plus-sys.cache/compile_simlib/questa} {riviera=C:/Projects/Public/daisyplus_openssd_toshiba_19.1_lpddr4/cosm-plus-sys.cache/compile_simlib/riviera} {activehdl=C:/Projects/Public/daisyplus_openssd_toshiba_19.1_lpddr4/cosm-plus-sys.cache/compile_simlib/activehdl}] -use_ip_compiled_libs -force -quiet
report_ip_status -name ip_status 
reset_run synth_1
launch_runs impl_1 -jobs 6
wait_on_run impl_1
launch_runs impl_1 -to_step write_bitstream -jobs 6
wait_on_run impl_1
file copy -force C:/Projects/Public/daisyplus_openssd_toshiba_19.1_lpddr4/cosm-plus-sys.runs/impl_1/sys_top_wrapper.sysdef C:/Projects/Public/daisyplus_openssd_toshiba_19.1_lpddr4/cosm-plus-sys.sdk/sys_top_wrapper.hdf

update_ip_catalog -rebuild -scan_changes
report_ip_status -name ip_status
upgrade_ip [get_ips  {sys_top_v2nfc_2_0 sys_top_v2nfc_0_0 sys_top_v2nfc_0_1 sys_top_v2nfc_0_2}] -log ip_upgrade.log
export_ip_user_files -of_objects [get_ips {sys_top_v2nfc_2_0 sys_top_v2nfc_0_0 sys_top_v2nfc_0_1 sys_top_v2nfc_0_2}] -no_script -sync -force -quiet
open_bd_design {C:/Projects/Public/daisyplus_openssd_toshiba_19.1_lpddr4/cosm-plus-sys.srcs/sources_1/bd/sys_top/sys_top.bd}
report_ip_status -name ip_status 
generate_target all [get_files  C:/Projects/Public/daisyplus_openssd_toshiba_19.1_lpddr4/cosm-plus-sys.srcs/sources_1/bd/sys_top/sys_top.bd]
catch { config_ip_cache -export [get_ips -all sys_top_v2nfc_0_0] }
catch { config_ip_cache -export [get_ips -all sys_top_v2nfc_0_1] }
catch { config_ip_cache -export [get_ips -all sys_top_v2nfc_0_2] }
catch { config_ip_cache -export [get_ips -all sys_top_v2nfc_2_0] }
catch { config_ip_cache -export [get_ips -all sys_top_s00_data_fifo_153] }
catch { config_ip_cache -export [get_ips -all sys_top_auto_cc_0] }
catch { config_ip_cache -export [get_ips -all sys_top_s00_data_fifo_154] }
catch { config_ip_cache -export [get_ips -all sys_top_auto_cc_1] }
catch { config_ip_cache -export [get_ips -all sys_top_auto_ds_0] }
catch { config_ip_cache -export [get_ips -all sys_top_auto_pc_0] }
catch { config_ip_cache -export [get_ips -all sys_top_auto_cc_2] }
catch { config_ip_cache -export [get_ips -all sys_top_auto_ds_1] }
catch { config_ip_cache -export [get_ips -all sys_top_auto_cc_3] }
catch { config_ip_cache -export [get_ips -all sys_top_auto_ds_2] }
catch { config_ip_cache -export [get_ips -all sys_top_auto_pc_1] }
catch { config_ip_cache -export [get_ips -all sys_top_auto_cc_4] }
catch { config_ip_cache -export [get_ips -all sys_top_auto_ds_3] }
catch { config_ip_cache -export [get_ips -all sys_top_auto_cc_5] }
catch { config_ip_cache -export [get_ips -all sys_top_auto_ds_4] }
catch { config_ip_cache -export [get_ips -all sys_top_auto_pc_2] }
catch { config_ip_cache -export [get_ips -all sys_top_auto_cc_6] }
catch { config_ip_cache -export [get_ips -all sys_top_auto_ds_5] }
catch { config_ip_cache -export [get_ips -all sys_top_auto_cc_7] }
catch { config_ip_cache -export [get_ips -all sys_top_auto_ds_6] }
catch { config_ip_cache -export [get_ips -all sys_top_auto_pc_3] }
catch { config_ip_cache -export [get_ips -all sys_top_auto_cc_8] }
catch { config_ip_cache -export [get_ips -all sys_top_auto_ds_7] }
catch { config_ip_cache -export [get_ips -all sys_top_s00_data_fifo_155] }
catch { config_ip_cache -export [get_ips -all sys_top_auto_pc_4] }
catch { config_ip_cache -export [get_ips -all sys_top_auto_ds_8] }
catch { config_ip_cache -export [get_ips -all sys_top_auto_cc_9] }
catch { config_ip_cache -export [get_ips -all sys_top_auto_ds_9] }
catch { config_ip_cache -export [get_ips -all sys_top_s00_data_fifo_156] }
catch { config_ip_cache -export [get_ips -all sys_top_auto_cc_10] }
catch { config_ip_cache -export [get_ips -all sys_top_auto_cc_11] }
catch { config_ip_cache -export [get_ips -all sys_top_s00_regslice_0] }
catch { config_ip_cache -export [get_ips -all sys_top_auto_us_cc_df_0] }
catch { config_ip_cache -export [get_ips -all sys_top_s01_regslice_0] }
catch { config_ip_cache -export [get_ips -all sys_top_auto_us_cc_df_1] }
catch { config_ip_cache -export [get_ips -all sys_top_s02_regslice_0] }
catch { config_ip_cache -export [get_ips -all sys_top_auto_us_cc_df_2] }
catch { config_ip_cache -export [get_ips -all sys_top_s03_regslice_0] }
catch { config_ip_cache -export [get_ips -all sys_top_auto_us_cc_df_3] }
export_ip_user_files -of_objects [get_files C:/Projects/Public/daisyplus_openssd_toshiba_19.1_lpddr4/cosm-plus-sys.srcs/sources_1/bd/sys_top/sys_top.bd] -no_script -sync -force -quiet
create_ip_run [get_files -of_objects [get_fileset sources_1] C:/Projects/Public/daisyplus_openssd_toshiba_19.1_lpddr4/cosm-plus-sys.srcs/sources_1/bd/sys_top/sys_top.bd]
launch_runs -jobs 6 {sys_top_v2nfc_0_0_synth_1 sys_top_v2nfc_0_1_synth_1 sys_top_v2nfc_0_2_synth_1 sys_top_v2nfc_2_0_synth_1}
export_simulation -of_objects [get_files C:/Projects/Public/daisyplus_openssd_toshiba_19.1_lpddr4/cosm-plus-sys.srcs/sources_1/bd/sys_top/sys_top.bd] -directory C:/Projects/Public/daisyplus_openssd_toshiba_19.1_lpddr4/cosm-plus-sys.ip_user_files/sim_scripts -ip_user_files_dir C:/Projects/Public/daisyplus_openssd_toshiba_19.1_lpddr4/cosm-plus-sys.ip_user_files -ipstatic_source_dir C:/Projects/Public/daisyplus_openssd_toshiba_19.1_lpddr4/cosm-plus-sys.ip_user_files/ipstatic -lib_map_path [list {modelsim=C:/Projects/Public/daisyplus_openssd_toshiba_19.1_lpddr4/cosm-plus-sys.cache/compile_simlib/modelsim} {questa=C:/Projects/Public/daisyplus_openssd_toshiba_19.1_lpddr4/cosm-plus-sys.cache/compile_simlib/questa} {riviera=C:/Projects/Public/daisyplus_openssd_toshiba_19.1_lpddr4/cosm-plus-sys.cache/compile_simlib/riviera} {activehdl=C:/Projects/Public/daisyplus_openssd_toshiba_19.1_lpddr4/cosm-plus-sys.cache/compile_simlib/activehdl}] -use_ip_compiled_libs -force -quiet
reset_run synth_1
launch_runs impl_1 -jobs 6
wait_on_run impl_1
launch_runs impl_1 -to_step write_bitstream -jobs 6
wait_on_run impl_1
file copy -force C:/Projects/Public/daisyplus_openssd_toshiba_19.1_lpddr4/cosm-plus-sys.runs/impl_1/sys_top_wrapper.sysdef C:/Projects/Public/daisyplus_openssd_toshiba_19.1_lpddr4/cosm-plus-sys.sdk/sys_top_wrapper.hdf

open_run impl_1
reset_run impl_1
launch_runs impl_1 -jobs 6
wait_on_run impl_1
launch_runs impl_1 -to_step write_bitstream -jobs 6
wait_on_run impl_1
create_ip_run [get_files -of_objects [get_fileset sources_1] C:/Projects/Public/daisyplus_openssd_toshiba_19.1_lpddr4/cosm-plus-sys.srcs/sources_1/bd/sys_top/sys_top.bd]
refresh_design
file copy -force C:/Projects/Public/daisyplus_openssd_toshiba_19.1_lpddr4/cosm-plus-sys.runs/impl_1/sys_top_wrapper.sysdef C:/Projects/Public/daisyplus_openssd_toshiba_19.1_lpddr4/cosm-plus-sys.sdk/sys_top_wrapper.hdf

reset_run impl_1
launch_runs impl_1 -jobs 6
wait_on_run impl_1
launch_runs impl_1 -to_step write_bitstream -jobs 6
wait_on_run impl_1
file copy -force C:/Projects/Public/daisyplus_openssd_toshiba_19.1_lpddr4/cosm-plus-sys.runs/impl_1/sys_top_wrapper.sysdef C:/Projects/Public/daisyplus_openssd_toshiba_19.1_lpddr4/cosm-plus-sys.sdk/sys_top_wrapper.hdf

reset_run impl_1
launch_runs impl_1 -jobs 6
wait_on_run impl_1
launch_runs impl_1 -to_step write_bitstream -jobs 6
wait_on_run impl_1
file copy -force C:/Projects/Public/daisyplus_openssd_toshiba_19.1_lpddr4/cosm-plus-sys.runs/impl_1/sys_top_wrapper.sysdef C:/Projects/Public/daisyplus_openssd_toshiba_19.1_lpddr4/cosm-plus-sys.sdk/sys_top_wrapper.hdf

close_design
open_run synth_1 -name synth_1
set_property OUTPUT_IMPEDANCE RDRV_60_60 [get_ports [list nand_if_1_nand_dqs_p]]
save_constraints
set_property OFFCHIP_TERM NONE [get_ports [list nand_if_1_nand_dqs_p]]
save_constraints
reset_run impl_1
launch_runs impl_1 -jobs 6
wait_on_run impl_1
set_property IOSTANDARD DIFF_SSTL18_I [get_ports [list nand_if_1_nand_dqs_p]]
create_ip_run [get_files -of_objects [get_fileset sources_1] C:/Projects/Public/daisyplus_openssd_toshiba_19.1_lpddr4/cosm-plus-sys.srcs/sources_1/bd/sys_top/sys_top.bd]
refresh_design
set_property IOSTANDARD DIFF_SSTL18_II [get_ports [list nand_if_1_nand_dqs_p]]
set_property IOSTANDARD DIFF_HSTL_I_18 [get_ports [list nand_if_1_nand_dqs_p]]
save_constraints
reset_run impl_1
launch_runs impl_1 -jobs 6
connect_debug_port u_ila_1/probe0 [get_nets [list sys_top_i/v2nfc_0/inst/Inst_NPhy_Toggle_Top/wDQOutEnable_PM_PHY ]] -channel_start_index 75
connect_debug_port u_ila_0/probe0 [get_nets [list sys_top_i/v2nfc_3/inst/Inst_NPhy_Toggle_Top/wDQOutEnable_PM_PHY ]] -channel_start_index 75
connect_debug_port u_ila_0/probe0 [get_nets [list sys_top_i/v2nfc_3/inst/Inst_NPhy_Toggle_Top/wDQOutEnable_PM_PHY ]] -channel_start_index 22
connect_debug_port u_ila_2/probe0 [get_nets [list sys_top_i/v2nfc_1/inst/Inst_NPhy_Toggle_Top/wDQOutEnable_PM_PHY ]] -channel_start_index 75
save_constraints
launch_runs impl_1 -jobs 6
wait_on_run impl_1
reset_run impl_1
launch_runs impl_1 -jobs 6
wait_on_run impl_1
connect_hw_server
open_hw_target
current_hw_device [get_hw_devices xczu17_0]
refresh_hw_device -update_hw_probes false [lindex [get_hw_devices xczu17_0] 0]
current_hw_device [get_hw_devices arm_dap_1]
refresh_hw_device -update_hw_probes false [lindex [get_hw_devices arm_dap_1] 0]
current_hw_device [get_hw_devices xczu17_0]
refresh_hw_device [lindex [get_hw_devices xczu17_0] 0]
refresh_hw_device [lindex [get_hw_devices xczu17_0] 0]
create_ip_run [get_files -of_objects [get_fileset sources_1] C:/Projects/Public/daisyplus_openssd_toshiba_19.1_lpddr4/cosm-plus-sys.srcs/sources_1/bd/sys_top/sys_top.bd]
refresh_design
launch_runs impl_1 -to_step write_bitstream -jobs 6
wait_on_run impl_1
file copy -force C:/Projects/Public/daisyplus_openssd_toshiba_19.1_lpddr4/cosm-plus-sys.runs/impl_1/sys_top_wrapper.sysdef C:/Projects/Public/daisyplus_openssd_toshiba_19.1_lpddr4/cosm-plus-sys.sdk/sys_top_wrapper.hdf

reset_run impl_1
launch_runs impl_1 -jobs 6
wait_on_run impl_1
launch_runs impl_1 -to_step write_bitstream -jobs 6
wait_on_run impl_1
file copy -force C:/Projects/Public/daisyplus_openssd_toshiba_19.1_lpddr4/cosm-plus-sys.runs/impl_1/sys_top_wrapper.sysdef C:/Projects/Public/daisyplus_openssd_toshiba_19.1_lpddr4/cosm-plus-sys.sdk/sys_top_wrapper.hdf

reset_run impl_1
launch_runs impl_1 -jobs 6
wait_on_run impl_1
launch_runs impl_1 -to_step write_bitstream -jobs 6
wait_on_run impl_1
file copy -force C:/Projects/Public/daisyplus_openssd_toshiba_19.1_lpddr4/cosm-plus-sys.runs/impl_1/sys_top_wrapper.sysdef C:/Projects/Public/daisyplus_openssd_toshiba_19.1_lpddr4/cosm-plus-sys.sdk/sys_top_wrapper.hdf

reset_run impl_1
launch_runs impl_1 -jobs 6
wait_on_run impl_1
launch_runs impl_1 -to_step write_bitstream -jobs 6
wait_on_run impl_1
file copy -force C:/Projects/Public/daisyplus_openssd_toshiba_19.1_lpddr4/cosm-plus-sys.runs/impl_1/sys_top_wrapper.sysdef C:/Projects/Public/daisyplus_openssd_toshiba_19.1_lpddr4/cosm-plus-sys.sdk/sys_top_wrapper.hdf

reset_run impl_1
launch_runs impl_1 -jobs 6
wait_on_run impl_1
launch_runs impl_1 -to_step write_bitstream -jobs 6
wait_on_run impl_1
file copy -force C:/Projects/Public/daisyplus_openssd_toshiba_19.1_lpddr4/cosm-plus-sys.runs/impl_1/sys_top_wrapper.sysdef C:/Projects/Public/daisyplus_openssd_toshiba_19.1_lpddr4/cosm-plus-sys.sdk/sys_top_wrapper.hdf

open_run impl_1
reset_run impl_1
launch_runs impl_1 -jobs 6
wait_on_run impl_1
launch_runs impl_1 -to_step write_bitstream -jobs 6
wait_on_run impl_1
file copy -force C:/Projects/Public/daisyplus_openssd_toshiba_19.1_lpddr4/cosm-plus-sys.runs/impl_1/sys_top_wrapper.sysdef C:/Projects/Public/daisyplus_openssd_toshiba_19.1_lpddr4/cosm-plus-sys.sdk/sys_top_wrapper.hdf

disconnect_hw_server localhost:3121
archive_project C:/Projects/Public/daisy-sys-toshiba.xpr.zip -temp_dir C:/Users/babol_zotlnwp/AppData/Roaming/Xilinx/Vivado/.Xil/Vivado-54880-07d2-workstation -force -include_local_ip_cache
archive_project C:/Projects/Public/daisy-sys-toshiba-4c8w.xpr.zip -temp_dir C:/Users/babol_zotlnwp/AppData/Roaming/Xilinx/Vivado/.Xil/Vivado-54880-07d2-workstation -force -include_local_ip_cache
