16:56:31 **** Auto Build of configuration Debug for project cosmosplus_ocssd ****
make pre-build main-build 
a9-linaro-pre-build-step
' '
'Building file: ../src/nvme/debug.c'
'Invoking: ARM v7 gcc compiler'
arm-none-eabi-gcc -Wall -O0 -g3 -c -fmessage-length=0 -MT"src/nvme/debug.o" -mcpu=cortex-a9 -mfpu=vfpv3 -mfloat-abi=hard -I../../cosmosplus_ocssd_bsp/ps7_cortexa9_0/include -MMD -MP -MF"src/nvme/debug.d" -MT"src/nvme/debug.o" -o "src/nvme/debug.o" "../src/nvme/debug.c"
'Finished building: ../src/nvme/debug.c'
' '
'Building file: ../src/nvme/host_lld.c'
'Invoking: ARM v7 gcc compiler'
arm-none-eabi-gcc -Wall -O0 -g3 -c -fmessage-length=0 -MT"src/nvme/host_lld.o" -mcpu=cortex-a9 -mfpu=vfpv3 -mfloat-abi=hard -I../../cosmosplus_ocssd_bsp/ps7_cortexa9_0/include -MMD -MP -MF"src/nvme/host_lld.d" -MT"src/nvme/host_lld.o" -o "src/nvme/host_lld.o" "../src/nvme/host_lld.c"
../src/nvme/host_lld.c: In function 'set_direct_tx_dma':
../src/nvme/host_lld.c:342:64: warning: 'hostDmaReg.<Ub2f8>.dword[4]' may be used uninitialized in this function [-Wmaybe-uninitialized]
  IO_WRITE32((HOST_DMA_CMD_FIFO_REG_ADDR + 16), hostDmaReg.dword[4]);//slot_modified
                                                                ^
../src/nvme/host_lld.c: In function 'set_direct_rx_dma':
../src/nvme/host_lld.c:367:64: warning: 'hostDmaReg.<Ub2f8>.dword[4]' may be used uninitialized in this function [-Wmaybe-uninitialized]
  IO_WRITE32((HOST_DMA_CMD_FIFO_REG_ADDR + 16), hostDmaReg.dword[4]);//slot_modified
                                                                ^
'Finished building: ../src/nvme/host_lld.c'
' '
'Building file: ../src/nvme/nvme_admin_cmd.c'
'Invoking: ARM v7 gcc compiler'
arm-none-eabi-gcc -Wall -O0 -g3 -c -fmessage-length=0 -MT"src/nvme/nvme_admin_cmd.o" -mcpu=cortex-a9 -mfpu=vfpv3 -mfloat-abi=hard -I../../cosmosplus_ocssd_bsp/ps7_cortexa9_0/include -MMD -MP -MF"src/nvme/nvme_admin_cmd.d" -MT"src/nvme/nvme_admin_cmd.o" -o "src/nvme/nvme_admin_cmd.o" "../src/nvme/nvme_admin_cmd.c"
'Finished building: ../src/nvme/nvme_admin_cmd.c'
' '
'Building file: ../src/nvme/nvme_identify.c'
'Invoking: ARM v7 gcc compiler'
arm-none-eabi-gcc -Wall -O0 -g3 -c -fmessage-length=0 -MT"src/nvme/nvme_identify.o" -mcpu=cortex-a9 -mfpu=vfpv3 -mfloat-abi=hard -I../../cosmosplus_ocssd_bsp/ps7_cortexa9_0/include -MMD -MP -MF"src/nvme/nvme_identify.d" -MT"src/nvme/nvme_identify.o" -o "src/nvme/nvme_identify.o" "../src/nvme/nvme_identify.c"
'Finished building: ../src/nvme/nvme_identify.c'
' '
'Building file: ../src/nvme/nvme_io_cmd.c'
'Invoking: ARM v7 gcc compiler'
arm-none-eabi-gcc -Wall -O0 -g3 -c -fmessage-length=0 -MT"src/nvme/nvme_io_cmd.o" -mcpu=cortex-a9 -mfpu=vfpv3 -mfloat-abi=hard -I../../cosmosplus_ocssd_bsp/ps7_cortexa9_0/include -MMD -MP -MF"src/nvme/nvme_io_cmd.d" -MT"src/nvme/nvme_io_cmd.o" -o "src/nvme/nvme_io_cmd.o" "../src/nvme/nvme_io_cmd.c"
'Finished building: ../src/nvme/nvme_io_cmd.c'
' '
'Building file: ../src/nvme/nvme_main.c'
'Invoking: ARM v7 gcc compiler'
arm-none-eabi-gcc -Wall -O0 -g3 -c -fmessage-length=0 -MT"src/nvme/nvme_main.o" -mcpu=cortex-a9 -mfpu=vfpv3 -mfloat-abi=hard -I../../cosmosplus_ocssd_bsp/ps7_cortexa9_0/include -MMD -MP -MF"src/nvme/nvme_main.d" -MT"src/nvme/nvme_main.o" -o "src/nvme/nvme_main.o" "../src/nvme/nvme_main.c"
'Finished building: ../src/nvme/nvme_main.c'
' '
'Building file: ../src/nvme/ocssd_lld.c'
'Invoking: ARM v7 gcc compiler'
arm-none-eabi-gcc -Wall -O0 -g3 -c -fmessage-length=0 -MT"src/nvme/ocssd_lld.o" -mcpu=cortex-a9 -mfpu=vfpv3 -mfloat-abi=hard -I../../cosmosplus_ocssd_bsp/ps7_cortexa9_0/include -MMD -MP -MF"src/nvme/ocssd_lld.d" -MT"src/nvme/ocssd_lld.o" -o "src/nvme/ocssd_lld.o" "../src/nvme/ocssd_lld.c"
'Finished building: ../src/nvme/ocssd_lld.c'
' '
'Building file: ../src/address_translation.c'
'Invoking: ARM v7 gcc compiler'
arm-none-eabi-gcc -Wall -O0 -g3 -c -fmessage-length=0 -MT"src/address_translation.o" -mcpu=cortex-a9 -mfpu=vfpv3 -mfloat-abi=hard -I../../cosmosplus_ocssd_bsp/ps7_cortexa9_0/include -MMD -MP -MF"src/address_translation.d" -MT"src/address_translation.o" -o "src/address_translation.o" "../src/address_translation.c"
'Finished building: ../src/address_translation.c'
' '
'Building file: ../src/data_buffer.c'
'Invoking: ARM v7 gcc compiler'
arm-none-eabi-gcc -Wall -O0 -g3 -c -fmessage-length=0 -MT"src/data_buffer.o" -mcpu=cortex-a9 -mfpu=vfpv3 -mfloat-abi=hard -I../../cosmosplus_ocssd_bsp/ps7_cortexa9_0/include -MMD -MP -MF"src/data_buffer.d" -MT"src/data_buffer.o" -o "src/data_buffer.o" "../src/data_buffer.c"
'Finished building: ../src/data_buffer.c'
' '
'Building file: ../src/ftl_config.c'
'Invoking: ARM v7 gcc compiler'
arm-none-eabi-gcc -Wall -O0 -g3 -c -fmessage-length=0 -MT"src/ftl_config.o" -mcpu=cortex-a9 -mfpu=vfpv3 -mfloat-abi=hard -I../../cosmosplus_ocssd_bsp/ps7_cortexa9_0/include -MMD -MP -MF"src/ftl_config.d" -MT"src/ftl_config.o" -o "src/ftl_config.o" "../src/ftl_config.c"
../src/ftl_config.c: In function 'InitNandArray':
../src/ftl_config.c:183:34: warning: passing argument 3 of 'V2FReadIdSync' from incompatible pointer type [-Wincompatible-pointer-types]
   V2FReadIdSync(&chCtlReg[i], 0, idData);
                                  ^~~~~~
In file included from ../src/ftl_config.h:50,
                 from ../src/data_buffer.h:53,
                 from ../src/memory_map.h:56,
                 from ../src/ftl_config.c:56:
../src/nsc_driver.h:445:59: note: expected 'unsigned int *' but argument is of type 'unsigned char *'
 void V2FReadIdSync(T4REGS* t4regs, int way, unsigned int* statusReport);
                                             ~~~~~~~~~~~~~~^~~~~~~~~~~~
../src/ftl_config.c:184:3: warning: implicit declaration of function 'printf' [-Wimplicit-function-declaration]
   printf("Ch %d ReadId: ", i);
   ^~~~~~
../src/ftl_config.c:184:3: warning: incompatible implicit declaration of built-in function 'printf'
../src/ftl_config.c:184:3: note: include '<stdio.h>' or provide a declaration of 'printf'
../src/ftl_config.c:58:1:
+#include <stdio.h>
 #include "nsc_driver.h"
../src/ftl_config.c:184:3:
   printf("Ch %d ReadId: ", i);
   ^~~~~~
'Finished building: ../src/ftl_config.c'
' '
'Building file: ../src/main.c'
'Invoking: ARM v7 gcc compiler'
arm-none-eabi-gcc -Wall -O0 -g3 -c -fmessage-length=0 -MT"src/main.o" -mcpu=cortex-a9 -mfpu=vfpv3 -mfloat-abi=hard -I../../cosmosplus_ocssd_bsp/ps7_cortexa9_0/include -MMD -MP -MF"src/main.d" -MT"src/main.o" -o "src/main.o" "../src/main.c"
'Finished building: ../src/main.c'
' '
'Building file: ../src/nsc_driver.c'
'Invoking: ARM v7 gcc compiler'
arm-none-eabi-gcc -Wall -O0 -g3 -c -fmessage-length=0 -MT"src/nsc_driver.o" -mcpu=cortex-a9 -mfpu=vfpv3 -mfloat-abi=hard -I../../cosmosplus_ocssd_bsp/ps7_cortexa9_0/include -MMD -MP -MF"src/nsc_driver.d" -MT"src/nsc_driver.o" -o "src/nsc_driver.o" "../src/nsc_driver.c"
../src/nsc_driver.c: In function 'V2FSetFeaturesSync':
../src/nsc_driver.c:171:27: warning: passing argument 2 of 'V2FGetReadyBusy' discards 'volatile' qualifier from pointer target type [-Wdiscarded-qualifiers]
   V2FGetReadyBusy(t4regs, status);
                           ^~~~~~
../src/nsc_driver.c:148:52: note: expected 'unsigned int *' but argument is of type 'volatile unsigned int *'
 void V2FGetReadyBusy(T4REGS* t4regs, unsigned int* report)
                                      ~~~~~~~~~~~~~~^~~~~~
../src/nsc_driver.c:183:27: warning: passing argument 2 of 'V2FGetReadyBusy' discards 'volatile' qualifier from pointer target type [-Wdiscarded-qualifiers]
   V2FGetReadyBusy(t4regs, status);
                           ^~~~~~
../src/nsc_driver.c:148:52: note: expected 'unsigned int *' but argument is of type 'volatile unsigned int *'
 void V2FGetReadyBusy(T4REGS* t4regs, unsigned int* report)
                                      ~~~~~~~~~~~~~~^~~~~~
../src/nsc_driver.c:195:27: warning: passing argument 2 of 'V2FGetReadyBusy' discards 'volatile' qualifier from pointer target type [-Wdiscarded-qualifiers]
   V2FGetReadyBusy(t4regs, status);
                           ^~~~~~
../src/nsc_driver.c:148:52: note: expected 'unsigned int *' but argument is of type 'volatile unsigned int *'
 void V2FGetReadyBusy(T4REGS* t4regs, unsigned int* report)
                                      ~~~~~~~~~~~~~~^~~~~~
../src/nsc_driver.c:210:27: warning: passing argument 2 of 'V2FGetReadyBusy' discards 'volatile' qualifier from pointer target type [-Wdiscarded-qualifiers]
   V2FGetReadyBusy(t4regs, status);
                           ^~~~~~
../src/nsc_driver.c:148:52: note: expected 'unsigned int *' but argument is of type 'volatile unsigned int *'
 void V2FGetReadyBusy(T4REGS* t4regs, unsigned int* report)
                                      ~~~~~~~~~~~~~~^~~~~~
../src/nsc_driver.c: In function 'V2FReadPageTransferAsync':
../src/nsc_driver.c:237:31: warning: assignment to 'unsigned int' from 'void *' makes integer from pointer without a cast [-Wint-conversion]
  readpagepSLC.pageDataAddress = pageDataBuffer;
                               ^
../src/nsc_driver.c:238:32: warning: assignment to 'unsigned int' from 'void *' makes integer from pointer without a cast [-Wint-conversion]
  readpagepSLC.spareDataAddress = spareDataBuffer;
                                ^
../src/nsc_driver.c:239:32: warning: assignment to 'unsigned int' from 'unsigned int *' makes integer from pointer without a cast [-Wint-conversion]
  readpagepSLC.errorInfoAddress = errorInformation;
                                ^
../src/nsc_driver.c:241:39: warning: assignment to 'unsigned int' from 'unsigned int *' makes integer from pointer without a cast [-Wint-conversion]
  readpagepSLC.completionReportAddress = completion;
                                       ^
../src/nsc_driver.c: In function 'V2FReadPageTransferRawAsync':
../src/nsc_driver.c:256:38: warning: assignment to 'unsigned int' from 'void *' makes integer from pointer without a cast [-Wint-conversion]
  readPageTransferRaw.pageDataAddress = pageDataBuffer;
                                      ^
../src/nsc_driver.c: In function 'V2FProgramPageAsync':
../src/nsc_driver.c:273:31: warning: assignment to 'unsigned int' from 'void *' makes integer from pointer without a cast [-Wint-conversion]
  progPagepSLC.pageDataAddress = pageDataBuffer;
                               ^
../src/nsc_driver.c:274:32: warning: assignment to 'unsigned int' from 'void *' makes integer from pointer without a cast [-Wint-conversion]
  progPagepSLC.spareDataAddress = spareDataBuffer;
                                ^
'Finished building: ../src/nsc_driver.c'
' '
'Building file: ../src/nvme_io_cmd_completion.c'
'Invoking: ARM v7 gcc compiler'
arm-none-eabi-gcc -Wall -O0 -g3 -c -fmessage-length=0 -MT"src/nvme_io_cmd_completion.o" -mcpu=cortex-a9 -mfpu=vfpv3 -mfloat-abi=hard -I../../cosmosplus_ocssd_bsp/ps7_cortexa9_0/include -MMD -MP -MF"src/nvme_io_cmd_completion.d" -MT"src/nvme_io_cmd_completion.o" -o "src/nvme_io_cmd_completion.o" "../src/nvme_io_cmd_completion.c"
'Finished building: ../src/nvme_io_cmd_completion.c'
' '
'Building file: ../src/request_allocation.c'
'Invoking: ARM v7 gcc compiler'
arm-none-eabi-gcc -Wall -O0 -g3 -c -fmessage-length=0 -MT"src/request_allocation.o" -mcpu=cortex-a9 -mfpu=vfpv3 -mfloat-abi=hard -I../../cosmosplus_ocssd_bsp/ps7_cortexa9_0/include -MMD -MP -MF"src/request_allocation.d" -MT"src/request_allocation.o" -o "src/request_allocation.o" "../src/request_allocation.c"
'Finished building: ../src/request_allocation.c'
' '
'Building file: ../src/request_schedule.c'
'Invoking: ARM v7 gcc compiler'
arm-none-eabi-gcc -Wall -O0 -g3 -c -fmessage-length=0 -MT"src/request_schedule.o" -mcpu=cortex-a9 -mfpu=vfpv3 -mfloat-abi=hard -I../../cosmosplus_ocssd_bsp/ps7_cortexa9_0/include -MMD -MP -MF"src/request_schedule.d" -MT"src/request_schedule.o" -o "src/request_schedule.o" "../src/request_schedule.c"
../src/request_schedule.c: In function 'CheckEccErrorInfo':
../src/request_schedule.c:838:27: warning: variable 'errorInfo1' set but not used [-Wunused-but-set-variable]
  unsigned int errorInfo0, errorInfo1, reqSlotTag;
                           ^~~~~~~~~~
'Finished building: ../src/request_schedule.c'
' '
'Building file: ../src/request_transform.c'
'Invoking: ARM v7 gcc compiler'
arm-none-eabi-gcc -Wall -O0 -g3 -c -fmessage-length=0 -MT"src/request_transform.o" -mcpu=cortex-a9 -mfpu=vfpv3 -mfloat-abi=hard -I../../cosmosplus_ocssd_bsp/ps7_cortexa9_0/include -MMD -MP -MF"src/request_transform.d" -MT"src/request_transform.o" -o "src/request_transform.o" "../src/request_transform.c"
'Finished building: ../src/request_transform.c'
' '
'Building target: cosmosplus_ocssd.elf'
'Invoking: ARM v7 gcc linker'
arm-none-eabi-gcc -mcpu=cortex-a9 -mfpu=vfpv3 -mfloat-abi=hard -Wl,-build-id=none -specs=Xilinx.spec -Wl,-T -Wl,../src/lscript.ld -L../../cosmosplus_ocssd_bsp/ps7_cortexa9_0/lib -o "cosmosplus_ocssd.elf"  ./src/nvme/debug.o ./src/nvme/host_lld.o ./src/nvme/nvme_admin_cmd.o ./src/nvme/nvme_identify.o ./src/nvme/nvme_io_cmd.o ./src/nvme/nvme_main.o ./src/nvme/ocssd_lld.o  ./src/address_translation.o ./src/data_buffer.o ./src/ftl_config.o ./src/main.o ./src/nsc_driver.o ./src/nvme_io_cmd_completion.o ./src/request_allocation.o ./src/request_schedule.o ./src/request_transform.o   -Wl,--start-group,-lxil,-lgcc,-lc,--end-group
'Finished building target: cosmosplus_ocssd.elf'
' '
'Invoking: ARM v7 Print Size'
arm-none-eabi-size cosmosplus_ocssd.elf  |tee "cosmosplus_ocssd.elf.size"
   text	   data	    bss	    dec	    hex	filename
 140964	   6928	  24944	 172836	  2a324	cosmosplus_ocssd.elf
'Finished building: cosmosplus_ocssd.elf.size'
' '

16:56:50 Build Finished (took 18s.855ms)

