11:57:21 **** Build of project run-gr3ftl_bsp ****
make -k all 
"Running Make include in psu_cortexa53_0/libsrc/axipmon_v6_7/src"
make -C psu_cortexa53_0/libsrc/axipmon_v6_7/src -s include  "SHELL=CMD" "COMPILER=aarch64-none-elf-gcc" "ARCHIVER=aarch64-none-elf-ar" "COMPILER_FLAGS=  -O2 -c" "EXTRA_COMPILER_FLAGS=-g -Wall -Wextra"
"Running Make include in psu_cortexa53_0/libsrc/bram_v4_3/src"
make -C psu_cortexa53_0/libsrc/bram_v4_3/src -s include  "SHELL=CMD" "COMPILER=aarch64-none-elf-gcc" "ARCHIVER=aarch64-none-elf-ar" "COMPILER_FLAGS=  -O2 -c" "EXTRA_COMPILER_FLAGS=-g -Wall -Wextra"
"Running Make include in psu_cortexa53_0/libsrc/clockps_v1_1/src"
make -C psu_cortexa53_0/libsrc/clockps_v1_1/src -s include  "SHELL=CMD" "COMPILER=aarch64-none-elf-gcc" "ARCHIVER=aarch64-none-elf-ar" "COMPILER_FLAGS=  -O2 -c" "EXTRA_COMPILER_FLAGS=-g -Wall -Wextra"
"Running Make include in psu_cortexa53_0/libsrc/coresightps_dcc_v1_5/src"
make -C psu_cortexa53_0/libsrc/coresightps_dcc_v1_5/src -s include  "SHELL=CMD" "COMPILER=aarch64-none-elf-gcc" "ARCHIVER=aarch64-none-elf-ar" "COMPILER_FLAGS=  -O2 -c" "EXTRA_COMPILER_FLAGS=-g -Wall -Wextra"
"Running Make include in psu_cortexa53_0/libsrc/cpu_cortexa53_v1_5/src"
make -C psu_cortexa53_0/libsrc/cpu_cortexa53_v1_5/src -s include  "SHELL=CMD" "COMPILER=aarch64-none-elf-gcc" "ARCHIVER=aarch64-none-elf-ar" "COMPILER_FLAGS=  -O2 -c" "EXTRA_COMPILER_FLAGS=-g -Wall -Wextra"
"Running Make include in psu_cortexa53_0/libsrc/csudma_v1_4/src"
make -C psu_cortexa53_0/libsrc/csudma_v1_4/src -s include  "SHELL=CMD" "COMPILER=aarch64-none-elf-gcc" "ARCHIVER=aarch64-none-elf-ar" "COMPILER_FLAGS=  -O2 -c" "EXTRA_COMPILER_FLAGS=-g -Wall -Wextra"
"Running Make include in psu_cortexa53_0/libsrc/ddrcpsu_v1_1/src"
make -C psu_cortexa53_0/libsrc/ddrcpsu_v1_1/src -s include  "SHELL=CMD" "COMPILER=aarch64-none-elf-gcc" "ARCHIVER=aarch64-none-elf-ar" "COMPILER_FLAGS=  -O2 -c" "EXTRA_COMPILER_FLAGS=-g -Wall -Wextra"
"Running Make include in psu_cortexa53_0/libsrc/emacps_v3_9/src"
make -C psu_cortexa53_0/libsrc/emacps_v3_9/src -s include  "SHELL=CMD" "COMPILER=aarch64-none-elf-gcc" "ARCHIVER=aarch64-none-elf-ar" "COMPILER_FLAGS=  -O2 -c" "EXTRA_COMPILER_FLAGS=-g -Wall -Wextra"
"Running Make include in psu_cortexa53_0/libsrc/gpiops_v3_5/src"
make -C psu_cortexa53_0/libsrc/gpiops_v3_5/src -s include  "SHELL=CMD" "COMPILER=aarch64-none-elf-gcc" "ARCHIVER=aarch64-none-elf-ar" "COMPILER_FLAGS=  -O2 -c" "EXTRA_COMPILER_FLAGS=-g -Wall -Wextra"
"Running Make include in psu_cortexa53_0/libsrc/iicps_v3_9/src"
make -C psu_cortexa53_0/libsrc/iicps_v3_9/src -s include  "SHELL=CMD" "COMPILER=aarch64-none-elf-gcc" "ARCHIVER=aarch64-none-elf-ar" "COMPILER_FLAGS=  -O2 -c" "EXTRA_COMPILER_FLAGS=-g -Wall -Wextra"
"Running Make include in psu_cortexa53_0/libsrc/ipipsu_v2_5/src"
make -C psu_cortexa53_0/libsrc/ipipsu_v2_5/src -s include  "SHELL=CMD" "COMPILER=aarch64-none-elf-gcc" "ARCHIVER=aarch64-none-elf-ar" "COMPILER_FLAGS=  -O2 -c" "EXTRA_COMPILER_FLAGS=-g -Wall -Wextra"
"Running Make include in psu_cortexa53_0/libsrc/qspipsu_v1_9/src"
make -C psu_cortexa53_0/libsrc/qspipsu_v1_9/src -s include  "SHELL=CMD" "COMPILER=aarch64-none-elf-gcc" "ARCHIVER=aarch64-none-elf-ar" "COMPILER_FLAGS=  -O2 -c" "EXTRA_COMPILER_FLAGS=-g -Wall -Wextra"
"Running Make include in psu_cortexa53_0/libsrc/resetps_v1_2/src"
make -C psu_cortexa53_0/libsrc/resetps_v1_2/src -s include  "SHELL=CMD" "COMPILER=aarch64-none-elf-gcc" "ARCHIVER=aarch64-none-elf-ar" "COMPILER_FLAGS=  -O2 -c" "EXTRA_COMPILER_FLAGS=-g -Wall -Wextra"
"Running Make include in psu_cortexa53_0/libsrc/rtcpsu_v1_7/src"
make -C psu_cortexa53_0/libsrc/rtcpsu_v1_7/src -s include  "SHELL=CMD" "COMPILER=aarch64-none-elf-gcc" "ARCHIVER=aarch64-none-elf-ar" "COMPILER_FLAGS=  -O2 -c" "EXTRA_COMPILER_FLAGS=-g -Wall -Wextra"
"Running Make include in psu_cortexa53_0/libsrc/scugic_v4_0/src"
make -C psu_cortexa53_0/libsrc/scugic_v4_0/src -s include  "SHELL=CMD" "COMPILER=aarch64-none-elf-gcc" "ARCHIVER=aarch64-none-elf-ar" "COMPILER_FLAGS=  -O2 -c" "EXTRA_COMPILER_FLAGS=-g -Wall -Wextra"
"Running Make include in psu_cortexa53_0/libsrc/sdps_v3_7/src"
make -C psu_cortexa53_0/libsrc/sdps_v3_7/src -s include  "SHELL=CMD" "COMPILER=aarch64-none-elf-gcc" "ARCHIVER=aarch64-none-elf-ar" "COMPILER_FLAGS=  -O2 -c" "EXTRA_COMPILER_FLAGS=-g -Wall -Wextra"
"Running Make include in psu_cortexa53_0/libsrc/standalone_v7_0/src"
make -C psu_cortexa53_0/libsrc/standalone_v7_0/src -s include  "SHELL=CMD" "COMPILER=aarch64-none-elf-gcc" "ARCHIVER=aarch64-none-elf-ar" "COMPILER_FLAGS=  -O2 -c" "EXTRA_COMPILER_FLAGS=-g -Wall -Wextra"
"Running Make include in psu_cortexa53_0/libsrc/sysmonpsu_v2_5/src"
make -C psu_cortexa53_0/libsrc/sysmonpsu_v2_5/src -s include  "SHELL=CMD" "COMPILER=aarch64-none-elf-gcc" "ARCHIVER=aarch64-none-elf-ar" "COMPILER_FLAGS=  -O2 -c" "EXTRA_COMPILER_FLAGS=-g -Wall -Wextra"
"Running Make include in psu_cortexa53_0/libsrc/uartps_v3_7/src"
make -C psu_cortexa53_0/libsrc/uartps_v3_7/src -s include  "SHELL=CMD" "COMPILER=aarch64-none-elf-gcc" "ARCHIVER=aarch64-none-elf-ar" "COMPILER_FLAGS=  -O2 -c" "EXTRA_COMPILER_FLAGS=-g -Wall -Wextra"
"Running Make include in psu_cortexa53_0/libsrc/zdma_v1_7/src"
make -C psu_cortexa53_0/libsrc/zdma_v1_7/src -s include  "SHELL=CMD" "COMPILER=aarch64-none-elf-gcc" "ARCHIVER=aarch64-none-elf-ar" "COMPILER_FLAGS=  -O2 -c" "EXTRA_COMPILER_FLAGS=-g -Wall -Wextra"
"Running Make libs in psu_cortexa53_0/libsrc/axipmon_v6_7/src"
make -C psu_cortexa53_0/libsrc/axipmon_v6_7/src -s libs  "SHELL=CMD" "COMPILER=aarch64-none-elf-gcc" "ARCHIVER=aarch64-none-elf-ar" "COMPILER_FLAGS=  -O2 -c" "EXTRA_COMPILER_FLAGS=-g -Wall -Wextra"
"Compiling axipmon"
"Running Make libs in psu_cortexa53_0/libsrc/bram_v4_3/src"
make -C psu_cortexa53_0/libsrc/bram_v4_3/src -s libs  "SHELL=CMD" "COMPILER=aarch64-none-elf-gcc" "ARCHIVER=aarch64-none-elf-ar" "COMPILER_FLAGS=  -O2 -c" "EXTRA_COMPILER_FLAGS=-g -Wall -Wextra"
"Compiling bram"
"Running Make libs in psu_cortexa53_0/libsrc/clockps_v1_1/src"
make -C psu_cortexa53_0/libsrc/clockps_v1_1/src -s libs  "SHELL=CMD" "COMPILER=aarch64-none-elf-gcc" "ARCHIVER=aarch64-none-elf-ar" "COMPILER_FLAGS=  -O2 -c" "EXTRA_COMPILER_FLAGS=-g -Wall -Wextra"
"Compiling clockps"
"Running Make libs in psu_cortexa53_0/libsrc/coresightps_dcc_v1_5/src"
make -C psu_cortexa53_0/libsrc/coresightps_dcc_v1_5/src -s libs  "SHELL=CMD" "COMPILER=aarch64-none-elf-gcc" "ARCHIVER=aarch64-none-elf-ar" "COMPILER_FLAGS=  -O2 -c" "EXTRA_COMPILER_FLAGS=-g -Wall -Wextra"
"Compiling coresightps_dcc"
"Running Make libs in psu_cortexa53_0/libsrc/cpu_cortexa53_v1_5/src"
make -C psu_cortexa53_0/libsrc/cpu_cortexa53_v1_5/src -s libs  "SHELL=CMD" "COMPILER=aarch64-none-elf-gcc" "ARCHIVER=aarch64-none-elf-ar" "COMPILER_FLAGS=  -O2 -c" "EXTRA_COMPILER_FLAGS=-g -Wall -Wextra"
"Compiling cpu_cortexa53"
"Running Make libs in psu_cortexa53_0/libsrc/csudma_v1_4/src"
make -C psu_cortexa53_0/libsrc/csudma_v1_4/src -s libs  "SHELL=CMD" "COMPILER=aarch64-none-elf-gcc" "ARCHIVER=aarch64-none-elf-ar" "COMPILER_FLAGS=  -O2 -c" "EXTRA_COMPILER_FLAGS=-g -Wall -Wextra"
"Compiling csudma"
"Running Make libs in psu_cortexa53_0/libsrc/ddrcpsu_v1_1/src"
make -C psu_cortexa53_0/libsrc/ddrcpsu_v1_1/src -s libs  "SHELL=CMD" "COMPILER=aarch64-none-elf-gcc" "ARCHIVER=aarch64-none-elf-ar" "COMPILER_FLAGS=  -O2 -c" "EXTRA_COMPILER_FLAGS=-g -Wall -Wextra"
"Compiling ddrcpsu"
"Running Make libs in psu_cortexa53_0/libsrc/emacps_v3_9/src"
make -C psu_cortexa53_0/libsrc/emacps_v3_9/src -s libs  "SHELL=CMD" "COMPILER=aarch64-none-elf-gcc" "ARCHIVER=aarch64-none-elf-ar" "COMPILER_FLAGS=  -O2 -c" "EXTRA_COMPILER_FLAGS=-g -Wall -Wextra"
"Compiling emacps"
"Running Make libs in psu_cortexa53_0/libsrc/gpiops_v3_5/src"
make -C psu_cortexa53_0/libsrc/gpiops_v3_5/src -s libs  "SHELL=CMD" "COMPILER=aarch64-none-elf-gcc" "ARCHIVER=aarch64-none-elf-ar" "COMPILER_FLAGS=  -O2 -c" "EXTRA_COMPILER_FLAGS=-g -Wall -Wextra"
"Compiling gpiops"
"Running Make libs in psu_cortexa53_0/libsrc/iicps_v3_9/src"
make -C psu_cortexa53_0/libsrc/iicps_v3_9/src -s libs  "SHELL=CMD" "COMPILER=aarch64-none-elf-gcc" "ARCHIVER=aarch64-none-elf-ar" "COMPILER_FLAGS=  -O2 -c" "EXTRA_COMPILER_FLAGS=-g -Wall -Wextra"
"Compiling iicps"
"Running Make libs in psu_cortexa53_0/libsrc/ipipsu_v2_5/src"
make -C psu_cortexa53_0/libsrc/ipipsu_v2_5/src -s libs  "SHELL=CMD" "COMPILER=aarch64-none-elf-gcc" "ARCHIVER=aarch64-none-elf-ar" "COMPILER_FLAGS=  -O2 -c" "EXTRA_COMPILER_FLAGS=-g -Wall -Wextra"
"Compiling ipipsu"
"Running Make libs in psu_cortexa53_0/libsrc/qspipsu_v1_9/src"
make -C psu_cortexa53_0/libsrc/qspipsu_v1_9/src -s libs  "SHELL=CMD" "COMPILER=aarch64-none-elf-gcc" "ARCHIVER=aarch64-none-elf-ar" "COMPILER_FLAGS=  -O2 -c" "EXTRA_COMPILER_FLAGS=-g -Wall -Wextra"
"Compiling qspipsu"
"Running Make libs in psu_cortexa53_0/libsrc/resetps_v1_2/src"
make -C psu_cortexa53_0/libsrc/resetps_v1_2/src -s libs  "SHELL=CMD" "COMPILER=aarch64-none-elf-gcc" "ARCHIVER=aarch64-none-elf-ar" "COMPILER_FLAGS=  -O2 -c" "EXTRA_COMPILER_FLAGS=-g -Wall -Wextra"
"Compiling resetps"
"Running Make libs in psu_cortexa53_0/libsrc/rtcpsu_v1_7/src"
make -C psu_cortexa53_0/libsrc/rtcpsu_v1_7/src -s libs  "SHELL=CMD" "COMPILER=aarch64-none-elf-gcc" "ARCHIVER=aarch64-none-elf-ar" "COMPILER_FLAGS=  -O2 -c" "EXTRA_COMPILER_FLAGS=-g -Wall -Wextra"
"Compiling rtcpsu"
"Running Make libs in psu_cortexa53_0/libsrc/scugic_v4_0/src"
make -C psu_cortexa53_0/libsrc/scugic_v4_0/src -s libs  "SHELL=CMD" "COMPILER=aarch64-none-elf-gcc" "ARCHIVER=aarch64-none-elf-ar" "COMPILER_FLAGS=  -O2 -c" "EXTRA_COMPILER_FLAGS=-g -Wall -Wextra"
"Compiling scugic"
"Running Make libs in psu_cortexa53_0/libsrc/sdps_v3_7/src"
make -C psu_cortexa53_0/libsrc/sdps_v3_7/src -s libs  "SHELL=CMD" "COMPILER=aarch64-none-elf-gcc" "ARCHIVER=aarch64-none-elf-ar" "COMPILER_FLAGS=  -O2 -c" "EXTRA_COMPILER_FLAGS=-g -Wall -Wextra"
"Compiling sdps"
"Running Make libs in psu_cortexa53_0/libsrc/standalone_v7_0/src"
make -C psu_cortexa53_0/libsrc/standalone_v7_0/src -s libs  "SHELL=CMD" "COMPILER=aarch64-none-elf-gcc" "ARCHIVER=aarch64-none-elf-ar" "COMPILER_FLAGS=  -O2 -c" "EXTRA_COMPILER_FLAGS=-g -Wall -Wextra"
"Compiling standalone ARMv8 64 bit"
In file included from sleep.c:59:
xtime_l.h:87:9: note: #pragma message: For the sleep routines, Global timer is being used
 #pragma message ("For the sleep routines, Global timer is being used")
         ^~~~~~~
In file included from xil_sleeptimer.c:51:
xtime_l.h:87:9: note: #pragma message: For the sleep routines, Global timer is being used
 #pragma message ("For the sleep routines, Global timer is being used")
         ^~~~~~~
In file included from xtime_l.c:52:
xtime_l.h:87:9: note: #pragma message: For the sleep routines, Global timer is being used
 #pragma message ("For the sleep routines, Global timer is being used")
         ^~~~~~~
translation_table.S:145:2: warning: #warning "There's no DDR_1 in the HW design. MMU translation table marks 32 GB DDR address space as undefined" [-Wcpp]
 #warning "There's no DDR_1 in the HW design. MMU translation table marks 32 GB DDR address space as undefined"
  ^~~~~~~
"Running Make libs in psu_cortexa53_0/libsrc/sysmonpsu_v2_5/src"
make -C psu_cortexa53_0/libsrc/sysmonpsu_v2_5/src -s libs  "SHELL=CMD" "COMPILER=aarch64-none-elf-gcc" "ARCHIVER=aarch64-none-elf-ar" "COMPILER_FLAGS=  -O2 -c" "EXTRA_COMPILER_FLAGS=-g -Wall -Wextra"
"Compiling sysmonpsu"
"Running Make libs in psu_cortexa53_0/libsrc/uartps_v3_7/src"
make -C psu_cortexa53_0/libsrc/uartps_v3_7/src -s libs  "SHELL=CMD" "COMPILER=aarch64-none-elf-gcc" "ARCHIVER=aarch64-none-elf-ar" "COMPILER_FLAGS=  -O2 -c" "EXTRA_COMPILER_FLAGS=-g -Wall -Wextra"
"Compiling uartps"
"Running Make libs in psu_cortexa53_0/libsrc/zdma_v1_7/src"
make -C psu_cortexa53_0/libsrc/zdma_v1_7/src -s libs  "SHELL=CMD" "COMPILER=aarch64-none-elf-gcc" "ARCHIVER=aarch64-none-elf-ar" "COMPILER_FLAGS=  -O2 -c" "EXTRA_COMPILER_FLAGS=-g -Wall -Wextra"
"Compiling zdma"
'Finished building libraries'
11:58:18 **** Clean-only build of project run-gr3ftl_bsp ****
make -k clean 
make -C psu_cortexa53_0/libsrc/axipmon_v6_7/src -s clean 
make -C psu_cortexa53_0/libsrc/bram_v4_3/src -s clean 
make -C psu_cortexa53_0/libsrc/clockps_v1_1/src -s clean 
make -C psu_cortexa53_0/libsrc/coresightps_dcc_v1_5/src -s clean 
make -C psu_cortexa53_0/libsrc/cpu_cortexa53_v1_5/src -s clean 
make -C psu_cortexa53_0/libsrc/csudma_v1_4/src -s clean 
make -C psu_cortexa53_0/libsrc/ddrcpsu_v1_1/src -s clean 
make -C psu_cortexa53_0/libsrc/emacps_v3_9/src -s clean 
make -C psu_cortexa53_0/libsrc/gpiops_v3_5/src -s clean 
make -C psu_cortexa53_0/libsrc/iicps_v3_9/src -s clean 
make -C psu_cortexa53_0/libsrc/ipipsu_v2_5/src -s clean 
make -C psu_cortexa53_0/libsrc/qspipsu_v1_9/src -s clean 
make -C psu_cortexa53_0/libsrc/resetps_v1_2/src -s clean 
make -C psu_cortexa53_0/libsrc/rtcpsu_v1_7/src -s clean 
make -C psu_cortexa53_0/libsrc/scugic_v4_0/src -s clean 
make -C psu_cortexa53_0/libsrc/sdps_v3_7/src -s clean 
make -C psu_cortexa53_0/libsrc/standalone_v7_0/src -s clean 
make -C psu_cortexa53_0/libsrc/sysmonpsu_v2_5/src -s clean 
make -C psu_cortexa53_0/libsrc/uartps_v3_7/src -s clean 
make -C psu_cortexa53_0/libsrc/zdma_v1_7/src -s clean 
rm -f psu_cortexa53_0/lib/libxil.a
11:58:24 **** Build of project run-gr3ftl_bsp ****
make -k all 
"Running Make include in psu_cortexa53_0/libsrc/axipmon_v6_7/src"
make -C psu_cortexa53_0/libsrc/axipmon_v6_7/src -s include  "SHELL=CMD" "COMPILER=aarch64-none-elf-gcc" "ARCHIVER=aarch64-none-elf-ar" "COMPILER_FLAGS=  -O2 -c" "EXTRA_COMPILER_FLAGS=-g -Wall -Wextra"
"Running Make include in psu_cortexa53_0/libsrc/bram_v4_3/src"
make -C psu_cortexa53_0/libsrc/bram_v4_3/src -s include  "SHELL=CMD" "COMPILER=aarch64-none-elf-gcc" "ARCHIVER=aarch64-none-elf-ar" "COMPILER_FLAGS=  -O2 -c" "EXTRA_COMPILER_FLAGS=-g -Wall -Wextra"
"Running Make include in psu_cortexa53_0/libsrc/clockps_v1_1/src"
make -C psu_cortexa53_0/libsrc/clockps_v1_1/src -s include  "SHELL=CMD" "COMPILER=aarch64-none-elf-gcc" "ARCHIVER=aarch64-none-elf-ar" "COMPILER_FLAGS=  -O2 -c" "EXTRA_COMPILER_FLAGS=-g -Wall -Wextra"
"Running Make include in psu_cortexa53_0/libsrc/coresightps_dcc_v1_5/src"
make -C psu_cortexa53_0/libsrc/coresightps_dcc_v1_5/src -s include  "SHELL=CMD" "COMPILER=aarch64-none-elf-gcc" "ARCHIVER=aarch64-none-elf-ar" "COMPILER_FLAGS=  -O2 -c" "EXTRA_COMPILER_FLAGS=-g -Wall -Wextra"
"Running Make include in psu_cortexa53_0/libsrc/cpu_cortexa53_v1_5/src"
make -C psu_cortexa53_0/libsrc/cpu_cortexa53_v1_5/src -s include  "SHELL=CMD" "COMPILER=aarch64-none-elf-gcc" "ARCHIVER=aarch64-none-elf-ar" "COMPILER_FLAGS=  -O2 -c" "EXTRA_COMPILER_FLAGS=-g -Wall -Wextra"
"Running Make include in psu_cortexa53_0/libsrc/csudma_v1_4/src"
make -C psu_cortexa53_0/libsrc/csudma_v1_4/src -s include  "SHELL=CMD" "COMPILER=aarch64-none-elf-gcc" "ARCHIVER=aarch64-none-elf-ar" "COMPILER_FLAGS=  -O2 -c" "EXTRA_COMPILER_FLAGS=-g -Wall -Wextra"
"Running Make include in psu_cortexa53_0/libsrc/ddrcpsu_v1_1/src"
make -C psu_cortexa53_0/libsrc/ddrcpsu_v1_1/src -s include  "SHELL=CMD" "COMPILER=aarch64-none-elf-gcc" "ARCHIVER=aarch64-none-elf-ar" "COMPILER_FLAGS=  -O2 -c" "EXTRA_COMPILER_FLAGS=-g -Wall -Wextra"
"Running Make include in psu_cortexa53_0/libsrc/emacps_v3_9/src"
make -C psu_cortexa53_0/libsrc/emacps_v3_9/src -s include  "SHELL=CMD" "COMPILER=aarch64-none-elf-gcc" "ARCHIVER=aarch64-none-elf-ar" "COMPILER_FLAGS=  -O2 -c" "EXTRA_COMPILER_FLAGS=-g -Wall -Wextra"
"Running Make include in psu_cortexa53_0/libsrc/gpiops_v3_5/src"
make -C psu_cortexa53_0/libsrc/gpiops_v3_5/src -s include  "SHELL=CMD" "COMPILER=aarch64-none-elf-gcc" "ARCHIVER=aarch64-none-elf-ar" "COMPILER_FLAGS=  -O2 -c" "EXTRA_COMPILER_FLAGS=-g -Wall -Wextra"
"Running Make include in psu_cortexa53_0/libsrc/iicps_v3_9/src"
make -C psu_cortexa53_0/libsrc/iicps_v3_9/src -s include  "SHELL=CMD" "COMPILER=aarch64-none-elf-gcc" "ARCHIVER=aarch64-none-elf-ar" "COMPILER_FLAGS=  -O2 -c" "EXTRA_COMPILER_FLAGS=-g -Wall -Wextra"
"Running Make include in psu_cortexa53_0/libsrc/ipipsu_v2_5/src"
make -C psu_cortexa53_0/libsrc/ipipsu_v2_5/src -s include  "SHELL=CMD" "COMPILER=aarch64-none-elf-gcc" "ARCHIVER=aarch64-none-elf-ar" "COMPILER_FLAGS=  -O2 -c" "EXTRA_COMPILER_FLAGS=-g -Wall -Wextra"
"Running Make include in psu_cortexa53_0/libsrc/qspipsu_v1_9/src"
make -C psu_cortexa53_0/libsrc/qspipsu_v1_9/src -s include  "SHELL=CMD" "COMPILER=aarch64-none-elf-gcc" "ARCHIVER=aarch64-none-elf-ar" "COMPILER_FLAGS=  -O2 -c" "EXTRA_COMPILER_FLAGS=-g -Wall -Wextra"
"Running Make include in psu_cortexa53_0/libsrc/resetps_v1_2/src"
make -C psu_cortexa53_0/libsrc/resetps_v1_2/src -s include  "SHELL=CMD" "COMPILER=aarch64-none-elf-gcc" "ARCHIVER=aarch64-none-elf-ar" "COMPILER_FLAGS=  -O2 -c" "EXTRA_COMPILER_FLAGS=-g -Wall -Wextra"
"Running Make include in psu_cortexa53_0/libsrc/rtcpsu_v1_7/src"
make -C psu_cortexa53_0/libsrc/rtcpsu_v1_7/src -s include  "SHELL=CMD" "COMPILER=aarch64-none-elf-gcc" "ARCHIVER=aarch64-none-elf-ar" "COMPILER_FLAGS=  -O2 -c" "EXTRA_COMPILER_FLAGS=-g -Wall -Wextra"
"Running Make include in psu_cortexa53_0/libsrc/scugic_v4_0/src"
make -C psu_cortexa53_0/libsrc/scugic_v4_0/src -s include  "SHELL=CMD" "COMPILER=aarch64-none-elf-gcc" "ARCHIVER=aarch64-none-elf-ar" "COMPILER_FLAGS=  -O2 -c" "EXTRA_COMPILER_FLAGS=-g -Wall -Wextra"
"Running Make include in psu_cortexa53_0/libsrc/sdps_v3_7/src"
make -C psu_cortexa53_0/libsrc/sdps_v3_7/src -s include  "SHELL=CMD" "COMPILER=aarch64-none-elf-gcc" "ARCHIVER=aarch64-none-elf-ar" "COMPILER_FLAGS=  -O2 -c" "EXTRA_COMPILER_FLAGS=-g -Wall -Wextra"
"Running Make include in psu_cortexa53_0/libsrc/standalone_v7_0/src"
make -C psu_cortexa53_0/libsrc/standalone_v7_0/src -s include  "SHELL=CMD" "COMPILER=aarch64-none-elf-gcc" "ARCHIVER=aarch64-none-elf-ar" "COMPILER_FLAGS=  -O2 -c" "EXTRA_COMPILER_FLAGS=-g -Wall -Wextra"
"Running Make include in psu_cortexa53_0/libsrc/sysmonpsu_v2_5/src"
make -C psu_cortexa53_0/libsrc/sysmonpsu_v2_5/src -s include  "SHELL=CMD" "COMPILER=aarch64-none-elf-gcc" "ARCHIVER=aarch64-none-elf-ar" "COMPILER_FLAGS=  -O2 -c" "EXTRA_COMPILER_FLAGS=-g -Wall -Wextra"
"Running Make include in psu_cortexa53_0/libsrc/uartps_v3_7/src"
make -C psu_cortexa53_0/libsrc/uartps_v3_7/src -s include  "SHELL=CMD" "COMPILER=aarch64-none-elf-gcc" "ARCHIVER=aarch64-none-elf-ar" "COMPILER_FLAGS=  -O2 -c" "EXTRA_COMPILER_FLAGS=-g -Wall -Wextra"
"Running Make include in psu_cortexa53_0/libsrc/zdma_v1_7/src"
make -C psu_cortexa53_0/libsrc/zdma_v1_7/src -s include  "SHELL=CMD" "COMPILER=aarch64-none-elf-gcc" "ARCHIVER=aarch64-none-elf-ar" "COMPILER_FLAGS=  -O2 -c" "EXTRA_COMPILER_FLAGS=-g -Wall -Wextra"
"Running Make libs in psu_cortexa53_0/libsrc/axipmon_v6_7/src"
make -C psu_cortexa53_0/libsrc/axipmon_v6_7/src -s libs  "SHELL=CMD" "COMPILER=aarch64-none-elf-gcc" "ARCHIVER=aarch64-none-elf-ar" "COMPILER_FLAGS=  -O2 -c" "EXTRA_COMPILER_FLAGS=-g -Wall -Wextra"
"Compiling axipmon"
aarch64-none-elf-ar: creating ../../../lib/libxil.a
"Running Make libs in psu_cortexa53_0/libsrc/bram_v4_3/src"
make -C psu_cortexa53_0/libsrc/bram_v4_3/src -s libs  "SHELL=CMD" "COMPILER=aarch64-none-elf-gcc" "ARCHIVER=aarch64-none-elf-ar" "COMPILER_FLAGS=  -O2 -c" "EXTRA_COMPILER_FLAGS=-g -Wall -Wextra"
"Compiling bram"
"Running Make libs in psu_cortexa53_0/libsrc/clockps_v1_1/src"
make -C psu_cortexa53_0/libsrc/clockps_v1_1/src -s libs  "SHELL=CMD" "COMPILER=aarch64-none-elf-gcc" "ARCHIVER=aarch64-none-elf-ar" "COMPILER_FLAGS=  -O2 -c" "EXTRA_COMPILER_FLAGS=-g -Wall -Wextra"
"Compiling clockps"
"Running Make libs in psu_cortexa53_0/libsrc/coresightps_dcc_v1_5/src"
make -C psu_cortexa53_0/libsrc/coresightps_dcc_v1_5/src -s libs  "SHELL=CMD" "COMPILER=aarch64-none-elf-gcc" "ARCHIVER=aarch64-none-elf-ar" "COMPILER_FLAGS=  -O2 -c" "EXTRA_COMPILER_FLAGS=-g -Wall -Wextra"
"Compiling coresightps_dcc"
"Running Make libs in psu_cortexa53_0/libsrc/cpu_cortexa53_v1_5/src"
make -C psu_cortexa53_0/libsrc/cpu_cortexa53_v1_5/src -s libs  "SHELL=CMD" "COMPILER=aarch64-none-elf-gcc" "ARCHIVER=aarch64-none-elf-ar" "COMPILER_FLAGS=  -O2 -c" "EXTRA_COMPILER_FLAGS=-g -Wall -Wextra"
"Compiling cpu_cortexa53"
"Running Make libs in psu_cortexa53_0/libsrc/csudma_v1_4/src"
make -C psu_cortexa53_0/libsrc/csudma_v1_4/src -s libs  "SHELL=CMD" "COMPILER=aarch64-none-elf-gcc" "ARCHIVER=aarch64-none-elf-ar" "COMPILER_FLAGS=  -O2 -c" "EXTRA_COMPILER_FLAGS=-g -Wall -Wextra"
"Compiling csudma"
"Running Make libs in psu_cortexa53_0/libsrc/ddrcpsu_v1_1/src"
make -C psu_cortexa53_0/libsrc/ddrcpsu_v1_1/src -s libs  "SHELL=CMD" "COMPILER=aarch64-none-elf-gcc" "ARCHIVER=aarch64-none-elf-ar" "COMPILER_FLAGS=  -O2 -c" "EXTRA_COMPILER_FLAGS=-g -Wall -Wextra"
"Compiling ddrcpsu"
"Running Make libs in psu_cortexa53_0/libsrc/emacps_v3_9/src"
make -C psu_cortexa53_0/libsrc/emacps_v3_9/src -s libs  "SHELL=CMD" "COMPILER=aarch64-none-elf-gcc" "ARCHIVER=aarch64-none-elf-ar" "COMPILER_FLAGS=  -O2 -c" "EXTRA_COMPILER_FLAGS=-g -Wall -Wextra"
"Compiling emacps"
"Running Make libs in psu_cortexa53_0/libsrc/gpiops_v3_5/src"
make -C psu_cortexa53_0/libsrc/gpiops_v3_5/src -s libs  "SHELL=CMD" "COMPILER=aarch64-none-elf-gcc" "ARCHIVER=aarch64-none-elf-ar" "COMPILER_FLAGS=  -O2 -c" "EXTRA_COMPILER_FLAGS=-g -Wall -Wextra"
"Compiling gpiops"
"Running Make libs in psu_cortexa53_0/libsrc/iicps_v3_9/src"
make -C psu_cortexa53_0/libsrc/iicps_v3_9/src -s libs  "SHELL=CMD" "COMPILER=aarch64-none-elf-gcc" "ARCHIVER=aarch64-none-elf-ar" "COMPILER_FLAGS=  -O2 -c" "EXTRA_COMPILER_FLAGS=-g -Wall -Wextra"
"Compiling iicps"
"Running Make libs in psu_cortexa53_0/libsrc/ipipsu_v2_5/src"
make -C psu_cortexa53_0/libsrc/ipipsu_v2_5/src -s libs  "SHELL=CMD" "COMPILER=aarch64-none-elf-gcc" "ARCHIVER=aarch64-none-elf-ar" "COMPILER_FLAGS=  -O2 -c" "EXTRA_COMPILER_FLAGS=-g -Wall -Wextra"
"Compiling ipipsu"
"Running Make libs in psu_cortexa53_0/libsrc/qspipsu_v1_9/src"
make -C psu_cortexa53_0/libsrc/qspipsu_v1_9/src -s libs  "SHELL=CMD" "COMPILER=aarch64-none-elf-gcc" "ARCHIVER=aarch64-none-elf-ar" "COMPILER_FLAGS=  -O2 -c" "EXTRA_COMPILER_FLAGS=-g -Wall -Wextra"
"Compiling qspipsu"
"Running Make libs in psu_cortexa53_0/libsrc/resetps_v1_2/src"
make -C psu_cortexa53_0/libsrc/resetps_v1_2/src -s libs  "SHELL=CMD" "COMPILER=aarch64-none-elf-gcc" "ARCHIVER=aarch64-none-elf-ar" "COMPILER_FLAGS=  -O2 -c" "EXTRA_COMPILER_FLAGS=-g -Wall -Wextra"
"Compiling resetps"
"Running Make libs in psu_cortexa53_0/libsrc/rtcpsu_v1_7/src"
make -C psu_cortexa53_0/libsrc/rtcpsu_v1_7/src -s libs  "SHELL=CMD" "COMPILER=aarch64-none-elf-gcc" "ARCHIVER=aarch64-none-elf-ar" "COMPILER_FLAGS=  -O2 -c" "EXTRA_COMPILER_FLAGS=-g -Wall -Wextra"
"Compiling rtcpsu"
"Running Make libs in psu_cortexa53_0/libsrc/scugic_v4_0/src"
make -C psu_cortexa53_0/libsrc/scugic_v4_0/src -s libs  "SHELL=CMD" "COMPILER=aarch64-none-elf-gcc" "ARCHIVER=aarch64-none-elf-ar" "COMPILER_FLAGS=  -O2 -c" "EXTRA_COMPILER_FLAGS=-g -Wall -Wextra"
"Compiling scugic"
"Running Make libs in psu_cortexa53_0/libsrc/sdps_v3_7/src"
make -C psu_cortexa53_0/libsrc/sdps_v3_7/src -s libs  "SHELL=CMD" "COMPILER=aarch64-none-elf-gcc" "ARCHIVER=aarch64-none-elf-ar" "COMPILER_FLAGS=  -O2 -c" "EXTRA_COMPILER_FLAGS=-g -Wall -Wextra"
"Compiling sdps"
"Running Make libs in psu_cortexa53_0/libsrc/standalone_v7_0/src"
make -C psu_cortexa53_0/libsrc/standalone_v7_0/src -s libs  "SHELL=CMD" "COMPILER=aarch64-none-elf-gcc" "ARCHIVER=aarch64-none-elf-ar" "COMPILER_FLAGS=  -O2 -c" "EXTRA_COMPILER_FLAGS=-g -Wall -Wextra"
"Compiling standalone ARMv8 64 bit"
In file included from xil_sleeptimer.c:51:
xtime_l.h:87:9: note: #pragma message: For the sleep routines, Global timer is being used
 #pragma message ("For the sleep routines, Global timer is being used")
         ^~~~~~~
In file included from xtime_l.c:52:
xtime_l.h:87:9: note: #pragma message: For the sleep routines, Global timer is being used
 #pragma message ("For the sleep routines, Global timer is being used")
         ^~~~~~~
In file included from sleep.c:59:
xtime_l.h:87:9: note: #pragma message: For the sleep routines, Global timer is being used
 #pragma message ("For the sleep routines, Global timer is being used")
         ^~~~~~~
translation_table.S:145:2: warning: #warning "There's no DDR_1 in the HW design. MMU translation table marks 32 GB DDR address space as undefined" [-Wcpp]
 #warning "There's no DDR_1 in the HW design. MMU translation table marks 32 GB DDR address space as undefined"
  ^~~~~~~
"Running Make libs in psu_cortexa53_0/libsrc/sysmonpsu_v2_5/src"
make -C psu_cortexa53_0/libsrc/sysmonpsu_v2_5/src -s libs  "SHELL=CMD" "COMPILER=aarch64-none-elf-gcc" "ARCHIVER=aarch64-none-elf-ar" "COMPILER_FLAGS=  -O2 -c" "EXTRA_COMPILER_FLAGS=-g -Wall -Wextra"
"Compiling sysmonpsu"
"Running Make libs in psu_cortexa53_0/libsrc/uartps_v3_7/src"
make -C psu_cortexa53_0/libsrc/uartps_v3_7/src -s libs  "SHELL=CMD" "COMPILER=aarch64-none-elf-gcc" "ARCHIVER=aarch64-none-elf-ar" "COMPILER_FLAGS=  -O2 -c" "EXTRA_COMPILER_FLAGS=-g -Wall -Wextra"
"Compiling uartps"
"Running Make libs in psu_cortexa53_0/libsrc/zdma_v1_7/src"
make -C psu_cortexa53_0/libsrc/zdma_v1_7/src -s libs  "SHELL=CMD" "COMPILER=aarch64-none-elf-gcc" "ARCHIVER=aarch64-none-elf-ar" "COMPILER_FLAGS=  -O2 -c" "EXTRA_COMPILER_FLAGS=-g -Wall -Wextra"
"Compiling zdma"
'Finished building libraries'
11:59:51 **** Clean-only build of configuration Debug for project run-gr3ftl ****
make clean 
rm -rf  ./src/nvme/debug.o ./src/nvme/host_lld.o ./src/nvme/nvme_admin_cmd.o ./src/nvme/nvme_identify.o ./src/nvme/nvme_io_cmd.o ./src/nvme/nvme_main.o ./src/nvme/ocssd_lld.o  ./src/address_translation.o ./src/data_buffer.o ./src/ftl_config.o ./src/main.o ./src/nsc_driver.o ./src/nvme_io_cmd_completion.o ./src/request_allocation.o ./src/request_schedule.o ./src/request_transform.o  ./src/nvme/debug.d ./src/nvme/host_lld.d ./src/nvme/nvme_admin_cmd.d ./src/nvme/nvme_identify.d ./src/nvme/nvme_io_cmd.d ./src/nvme/nvme_main.d ./src/nvme/ocssd_lld.d  ./src/address_translation.d ./src/data_buffer.d ./src/ftl_config.d ./src/main.d ./src/nsc_driver.d ./src/nvme_io_cmd_completion.d ./src/request_allocation.d ./src/request_schedule.d ./src/request_transform.d  run-gr3ftl.elf.size  run-gr3ftl.elf
' '
11:59:52 **** Build of configuration Debug for project run-gr3ftl ****
make all 
'Building file: ../src/nvme/debug.c'
'Invoking: ARM v8 gcc compiler'
aarch64-none-elf-gcc -Wall -O0 -g3 -c -fmessage-length=0 -MT"src/nvme/debug.o" -I../../run-gr3ftl_bsp/psu_cortexa53_0/include -MMD -MP -MF"src/nvme/debug.d" -MT"src/nvme/debug.o" -o "src/nvme/debug.o" "../src/nvme/debug.c"
'Finished building: ../src/nvme/debug.c'
' '
'Building file: ../src/nvme/host_lld.c'
'Invoking: ARM v8 gcc compiler'
aarch64-none-elf-gcc -Wall -O0 -g3 -c -fmessage-length=0 -MT"src/nvme/host_lld.o" -I../../run-gr3ftl_bsp/psu_cortexa53_0/include -MMD -MP -MF"src/nvme/host_lld.d" -MT"src/nvme/host_lld.o" -o "src/nvme/host_lld.o" "../src/nvme/host_lld.c"
In file included from ../src/nvme/host_lld.c:61:
../src/nvme/host_lld.c: In function 'get_nvme_cmd':
../src/nvme/io_access.h:52:30: warning: cast to pointer from integer of different size [-Wint-to-pointer-cast]
 #define IO_READ32(addr)    *((volatile unsigned int *)(addr))
                              ^
../src/nvme/host_lld.c:241:24: note: in expansion of macro 'IO_READ32'
    *(cmdDword + idx) = IO_READ32(addr + (idx * 4));
                        ^~~~~~~~~
../src/nvme/host_lld.c: In function 'set_io_sq':
../src/nvme/io_access.h:51:34: warning: cast to pointer from integer of different size [-Wint-to-pointer-cast]
 #define IO_WRITE32(addr, val)  *((volatile unsigned int *)(addr)) = val
                                  ^
../src/nvme/host_lld.c:300:2: note: in expansion of macro 'IO_WRITE32'
  IO_WRITE32(addr, nvmeReg.dword[0]);
  ^~~~~~~~~~
../src/nvme/io_access.h:51:34: warning: cast to pointer from integer of different size [-Wint-to-pointer-cast]
 #define IO_WRITE32(addr, val)  *((volatile unsigned int *)(addr)) = val
                                  ^
../src/nvme/host_lld.c:301:2: note: in expansion of macro 'IO_WRITE32'
  IO_WRITE32((addr + 4), nvmeReg.dword[1]);
  ^~~~~~~~~~
../src/nvme/host_lld.c: In function 'set_io_cq':
../src/nvme/io_access.h:51:34: warning: cast to pointer from integer of different size [-Wint-to-pointer-cast]
 #define IO_WRITE32(addr, val)  *((volatile unsigned int *)(addr)) = val
                                  ^
../src/nvme/host_lld.c:317:2: note: in expansion of macro 'IO_WRITE32'
  IO_WRITE32(addr, nvmeReg.dword[0]);
  ^~~~~~~~~~
../src/nvme/io_access.h:51:34: warning: cast to pointer from integer of different size [-Wint-to-pointer-cast]
 #define IO_WRITE32(addr, val)  *((volatile unsigned int *)(addr)) = val
                                  ^
../src/nvme/host_lld.c:318:2: note: in expansion of macro 'IO_WRITE32'
  IO_WRITE32((addr + 4), nvmeReg.dword[1]);
  ^~~~~~~~~~
../src/nvme/host_lld.c: In function 'set_direct_tx_dma':
../src/nvme/host_lld.c:342:64: warning: 'hostDmaReg.<Uec78>.dword[4]' may be used uninitialized in this function [-Wmaybe-uninitialized]
  IO_WRITE32((HOST_DMA_CMD_FIFO_REG_ADDR + 16), hostDmaReg.dword[4]);//slot_modified
                                                                ^
../src/nvme/host_lld.c: In function 'set_direct_rx_dma':
../src/nvme/host_lld.c:367:64: warning: 'hostDmaReg.<Uec78>.dword[4]' may be used uninitialized in this function [-Wmaybe-uninitialized]
  IO_WRITE32((HOST_DMA_CMD_FIFO_REG_ADDR + 16), hostDmaReg.dword[4]);//slot_modified
                                                                ^
'Finished building: ../src/nvme/host_lld.c'
' '
'Building file: ../src/nvme/nvme_admin_cmd.c'
'Invoking: ARM v8 gcc compiler'
aarch64-none-elf-gcc -Wall -O0 -g3 -c -fmessage-length=0 -MT"src/nvme/nvme_admin_cmd.o" -I../../run-gr3ftl_bsp/psu_cortexa53_0/include -MMD -MP -MF"src/nvme/nvme_admin_cmd.d" -MT"src/nvme/nvme_admin_cmd.o" -o "src/nvme/nvme_admin_cmd.o" "../src/nvme/nvme_admin_cmd.c"
../src/nvme/nvme_admin_cmd.c: In function 'handle_ocssd_get_bad_blocks_table':
../src/nvme/nvme_admin_cmd.c:514:21: warning: cast from pointer to integer of different size [-Wpointer-to-int-cast]
   set_direct_rx_dma((unsigned int)prpList.PRP, nvmeAdminCmd->PRP2[1], nvmeAdminCmd->PRP2[0], sizeof(HOST_ADDRESS) * (prpList.numberOfPRPs - 1));
                     ^
../src/nvme/nvme_admin_cmd.c:540:21: warning: cast from pointer to integer of different size [-Wpointer-to-int-cast]
   set_direct_tx_dma((unsigned int)(&pOCSSDBadBlocksTable[ppa.channel + (ppa.lun * NUMBER_OF_CHANNELS_ON_DEVICE)]) + (i * 4096), prp.high32, prp.low32, prpLen);
                     ^
'Finished building: ../src/nvme/nvme_admin_cmd.c'
' '
'Building file: ../src/nvme/nvme_identify.c'
'Invoking: ARM v8 gcc compiler'
aarch64-none-elf-gcc -Wall -O0 -g3 -c -fmessage-length=0 -MT"src/nvme/nvme_identify.o" -I../../run-gr3ftl_bsp/psu_cortexa53_0/include -MMD -MP -MF"src/nvme/nvme_identify.d" -MT"src/nvme/nvme_identify.o" -o "src/nvme/nvme_identify.o" "../src/nvme/nvme_identify.c"
../src/nvme/nvme_identify.c: In function 'controller_identification':
../src/nvme/nvme_identify.c:68:17: warning: cast to pointer from integer of different size [-Wint-to-pointer-cast]
  identifyCNTL = (ADMIN_IDENTIFY_CONTROLLER*)pBuffer;
                 ^
../src/nvme/nvme_identify.c: In function 'namespace_identification':
../src/nvme/nvme_identify.c:158:15: warning: cast to pointer from integer of different size [-Wint-to-pointer-cast]
  identifyNS = (ADMIN_IDENTIFY_NAMESPACE *)pBuffer;
               ^
../src/nvme/nvme_identify.c: In function 'ocssd_identification':
../src/nvme/nvme_identify.c:211:24: warning: cast to pointer from integer of different size [-Wint-to-pointer-cast]
  ocssdIdentification = (ADMIN_OCSSD_IDENTIFICATION *) pBuffer;
                        ^
'Finished building: ../src/nvme/nvme_identify.c'
' '
'Building file: ../src/nvme/nvme_io_cmd.c'
'Invoking: ARM v8 gcc compiler'
aarch64-none-elf-gcc -Wall -O0 -g3 -c -fmessage-length=0 -MT"src/nvme/nvme_io_cmd.o" -I../../run-gr3ftl_bsp/psu_cortexa53_0/include -MMD -MP -MF"src/nvme/nvme_io_cmd.d" -MT"src/nvme/nvme_io_cmd.o" -o "src/nvme/nvme_io_cmd.o" "../src/nvme/nvme_io_cmd.c"
'Finished building: ../src/nvme/nvme_io_cmd.c'
' '
'Building file: ../src/nvme/nvme_main.c'
'Invoking: ARM v8 gcc compiler'
aarch64-none-elf-gcc -Wall -O0 -g3 -c -fmessage-length=0 -MT"src/nvme/nvme_main.o" -I../../run-gr3ftl_bsp/psu_cortexa53_0/include -MMD -MP -MF"src/nvme/nvme_main.d" -MT"src/nvme/nvme_main.o" -o "src/nvme/nvme_main.o" "../src/nvme/nvme_main.c"
'Finished building: ../src/nvme/nvme_main.c'
' '
'Building file: ../src/nvme/ocssd_lld.c'
'Invoking: ARM v8 gcc compiler'
aarch64-none-elf-gcc -Wall -O0 -g3 -c -fmessage-length=0 -MT"src/nvme/ocssd_lld.o" -I../../run-gr3ftl_bsp/psu_cortexa53_0/include -MMD -MP -MF"src/nvme/ocssd_lld.d" -MT"src/nvme/ocssd_lld.o" -o "src/nvme/ocssd_lld.o" "../src/nvme/ocssd_lld.c"
'Finished building: ../src/nvme/ocssd_lld.c'
' '
'Building file: ../src/address_translation.c'
'Invoking: ARM v8 gcc compiler'
aarch64-none-elf-gcc -Wall -O0 -g3 -c -fmessage-length=0 -MT"src/address_translation.o" -I../../run-gr3ftl_bsp/psu_cortexa53_0/include -MMD -MP -MF"src/address_translation.d" -MT"src/address_translation.o" -o "src/address_translation.o" "../src/address_translation.c"
../src/address_translation.c: In function 'RecoverBadBlockTable':
../src/address_translation.c:261:21: warning: cast to pointer from integer of different size [-Wint-to-pointer-cast]
   bbtTableChecker = (unsigned char*)(tempBbtBufAddr[dieNo]);
                     ^
../src/address_translation.c:271:23: warning: cast to pointer from integer of different size [-Wint-to-pointer-cast]
     bbtTableChecker = (unsigned char*)(tempBbtBufAddr[dieNo] + blockNo);
                       ^
../src/address_translation.c: In function 'UpdateBadBlockTableForGrownBadBlock':
../src/address_translation.c:394:18: warning: cast to pointer from integer of different size [-Wint-to-pointer-cast]
     bbtUpdater = (unsigned char*)(tempBbtBufAddr[dieNo] + phyBlockNo);
                  ^
../src/address_translation.c: In function 'FindBadBlock':
../src/address_translation.c:456:20: warning: cast to pointer from integer of different size [-Wint-to-pointer-cast]
     markPointer0 = (unsigned char*)(tempReadBufAddr[dieNo] + BAD_BLOCK_MARK_BYTE0);
                    ^
../src/address_translation.c:457:20: warning: cast to pointer from integer of different size [-Wint-to-pointer-cast]
     markPointer1 = (unsigned char*)(tempReadBufAddr[dieNo] + BAD_BLOCK_MARK_BYTE1);
                    ^
../src/address_translation.c:498:20: warning: cast to pointer from integer of different size [-Wint-to-pointer-cast]
     markPointer0 = (unsigned char*)(tempReadBufAddr[dieNo] + BAD_BLOCK_MARK_BYTE0);
                    ^
../src/address_translation.c:499:20: warning: cast to pointer from integer of different size [-Wint-to-pointer-cast]
     markPointer1 = (unsigned char*)(tempReadBufAddr[dieNo] + BAD_BLOCK_MARK_BYTE1);
                    ^
../src/address_translation.c:513:17: warning: cast to pointer from integer of different size [-Wint-to-pointer-cast]
     bbtUpdater= (unsigned char*)(tempBbtBufAddr[dieNo] + phyBlockNo);
                 ^
'Finished building: ../src/address_translation.c'
' '
'Building file: ../src/data_buffer.c'
'Invoking: ARM v8 gcc compiler'
aarch64-none-elf-gcc -Wall -O0 -g3 -c -fmessage-length=0 -MT"src/data_buffer.o" -I../../run-gr3ftl_bsp/psu_cortexa53_0/include -MMD -MP -MF"src/data_buffer.d" -MT"src/data_buffer.o" -o "src/data_buffer.o" "../src/data_buffer.c"
'Finished building: ../src/data_buffer.c'
' '
'Building file: ../src/ftl_config.c'
'Invoking: ARM v8 gcc compiler'
aarch64-none-elf-gcc -Wall -O0 -g3 -c -fmessage-length=0 -MT"src/ftl_config.o" -I../../run-gr3ftl_bsp/psu_cortexa53_0/include -MMD -MP -MF"src/ftl_config.d" -MT"src/ftl_config.o" -o "src/ftl_config.o" "../src/ftl_config.c"
../src/ftl_config.c: In function 'InitChCtlReg':
../src/ftl_config.c:119:21: warning: cast to pointer from integer of different size [-Wint-to-pointer-cast]
   nfc_install_ucode((unsigned int*)NSC_UCODES[i]);
                     ^
../src/ftl_config.c:120:37: warning: cast to pointer from integer of different size [-Wint-to-pointer-cast]
   V2FInitializeHandle(&chCtlReg[i], (void*)NSCS[i]);
                                     ^
../src/ftl_config.c: In function 'InitNandArray':
../src/ftl_config.c:179:35: warning: passing argument 3 of 'V2FReadIdSync' from incompatible pointer type [-Wincompatible-pointer-types]
    V2FReadIdSync(&chCtlReg[i], k, idData);
                                   ^~~~~~
In file included from ../src/ftl_config.h:50,
                 from ../src/data_buffer.h:53,
                 from ../src/memory_map.h:56,
                 from ../src/ftl_config.c:56:
../src/nsc_driver.h:446:59: note: expected 'unsigned int *' but argument is of type 'unsigned char *'
 void V2FReadIdSync(T4REGS* t4regs, int way, unsigned int* statusReport);
                                             ~~~~~~~~~~~~~~^~~~~~~~~~~~
../src/ftl_config.c:180:4: warning: implicit declaration of function 'printf' [-Wimplicit-function-declaration]
    printf("Ch %d Way %d ReadId: ", i, k);
    ^~~~~~
../src/ftl_config.c:180:4: warning: incompatible implicit declaration of built-in function 'printf'
../src/ftl_config.c:180:4: note: include '<stdio.h>' or provide a declaration of 'printf'
../src/ftl_config.c:58:1:
+#include <stdio.h>
 #include "nsc_driver.h"
../src/ftl_config.c:180:4:
    printf("Ch %d Way %d ReadId: ", i, k);
    ^~~~~~
At top level:
../src/ftl_config.c:110:21: warning: 'dq_delay' defined but not used [-Wunused-variable]
 static unsigned int dq_delay[]  = {00, 00, 00, 00};
                     ^~~~~~~~
../src/ftl_config.c:109:21: warning: 'dqs_delay' defined but not used [-Wunused-variable]
 static unsigned int dqs_delay[] = {1099, 1099, 1099, 1099};
                     ^~~~~~~~~
'Finished building: ../src/ftl_config.c'
' '
'Building file: ../src/main.c'
'Invoking: ARM v8 gcc compiler'
aarch64-none-elf-gcc -Wall -O0 -g3 -c -fmessage-length=0 -MT"src/main.o" -I../../run-gr3ftl_bsp/psu_cortexa53_0/include -MMD -MP -MF"src/main.d" -MT"src/main.o" -o "src/main.o" "../src/main.c"
'Finished building: ../src/main.c'
' '
'Building file: ../src/nsc_driver.c'
'Invoking: ARM v8 gcc compiler'
aarch64-none-elf-gcc -Wall -O0 -g3 -c -fmessage-length=0 -MT"src/nsc_driver.o" -I../../run-gr3ftl_bsp/psu_cortexa53_0/include -MMD -MP -MF"src/nsc_driver.d" -MT"src/nsc_driver.o" -o "src/nsc_driver.o" "../src/nsc_driver.c"
../src/nsc_driver.c: In function 'V2FInitializeHandle':
../src/nsc_driver.c:85:32: warning: cast from pointer to integer of different size [-Wpointer-to-int-cast]
  t4regs->t4regID = (T4REG_ID*)((unsigned int)t4nscRegisterBaseAddress + 0);
                                ^
../src/nsc_driver.c:85:20: warning: cast to pointer from integer of different size [-Wint-to-pointer-cast]
  t4regs->t4regID = (T4REG_ID*)((unsigned int)t4nscRegisterBaseAddress + 0);
                    ^
../src/nsc_driver.c:86:34: warning: cast from pointer to integer of different size [-Wpointer-to-int-cast]
  t4regs->t4regCFG = (T4REG_CFG*)((unsigned int)t4nscRegisterBaseAddress + 0x1000);
                                  ^
../src/nsc_driver.c:86:21: warning: cast to pointer from integer of different size [-Wint-to-pointer-cast]
  t4regs->t4regCFG = (T4REG_CFG*)((unsigned int)t4nscRegisterBaseAddress + 0x1000);
                     ^
../src/nsc_driver.c:87:34: warning: cast from pointer to integer of different size [-Wpointer-to-int-cast]
  t4regs->t4regEXT = (T4REG_EXT*)((unsigned int)t4nscRegisterBaseAddress + 0x2000);
                                  ^
../src/nsc_driver.c:87:21: warning: cast to pointer from integer of different size [-Wint-to-pointer-cast]
  t4regs->t4regEXT = (T4REG_EXT*)((unsigned int)t4nscRegisterBaseAddress + 0x2000);
                     ^
../src/nsc_driver.c:88:32: warning: cast from pointer to integer of different size [-Wpointer-to-int-cast]
  t4regs->t4regCC = (T4REG_CC*)((unsigned int)t4nscRegisterBaseAddress + 0x3000);
                                ^
../src/nsc_driver.c:88:20: warning: cast to pointer from integer of different size [-Wint-to-pointer-cast]
  t4regs->t4regCC = (T4REG_CC*)((unsigned int)t4nscRegisterBaseAddress + 0x3000);
                    ^
../src/nsc_driver.c:89:32: warning: cast from pointer to integer of different size [-Wpointer-to-int-cast]
  t4regs->t4regBP = (T4REG_BP*)((unsigned int)t4nscRegisterBaseAddress + 0x3800);
                                ^
../src/nsc_driver.c:89:20: warning: cast to pointer from integer of different size [-Wint-to-pointer-cast]
  t4regs->t4regBP = (T4REG_BP*)((unsigned int)t4nscRegisterBaseAddress + 0x3800);
                    ^
../src/nsc_driver.c:90:32: warning: cast from pointer to integer of different size [-Wpointer-to-int-cast]
  t4regs->t4regSP = (T4REG_SP*)((unsigned int)t4nscRegisterBaseAddress + 0x4000);
                                ^
../src/nsc_driver.c:90:20: warning: cast to pointer from integer of different size [-Wint-to-pointer-cast]
  t4regs->t4regSP = (T4REG_SP*)((unsigned int)t4nscRegisterBaseAddress + 0x4000);
                    ^
../src/nsc_driver.c: In function 'V2FSetFeaturesT':
../src/nsc_driver.c:124:34: warning: cast from pointer to integer of different size [-Wpointer-to-int-cast]
  setFeaturesCmd.payloadAddress = (unsigned int)payload;
                                  ^
../src/nsc_driver.c: In function 'V2FGetReadyBusy':
../src/nsc_driver.c:137:34: warning: cast from pointer to integer of different size [-Wpointer-to-int-cast]
  getReadyBusyCmd.reportAddress = (unsigned int)report;
                                  ^
../src/nsc_driver.c: In function 'V2FSetFeaturesSync':
../src/nsc_driver.c:145:35: warning: cast to pointer from integer of different size [-Wint-to-pointer-cast]
  volatile unsigned int* payload = (unsigned int*)payLoadAddr;
                                   ^
../src/nsc_driver.c:146:34: warning: cast to pointer from integer of different size [-Wint-to-pointer-cast]
  volatile unsigned int* status = (unsigned int*)(payLoadAddr + 4);
                                  ^
../src/nsc_driver.c:154:27: warning: passing argument 2 of 'V2FGetReadyBusy' discards 'volatile' qualifier from pointer target type [-Wdiscarded-qualifiers]
   V2FGetReadyBusy(t4regs, status);
                           ^~~~~~
../src/nsc_driver.c:131:52: note: expected 'unsigned int *' but argument is of type 'volatile unsigned int *'
 void V2FGetReadyBusy(T4REGS* t4regs, unsigned int* report)
                                      ~~~~~~~~~~~~~~^~~~~~
../src/nsc_driver.c:166:27: warning: passing argument 2 of 'V2FGetReadyBusy' discards 'volatile' qualifier from pointer target type [-Wdiscarded-qualifiers]
   V2FGetReadyBusy(t4regs, status);
                           ^~~~~~
../src/nsc_driver.c:131:52: note: expected 'unsigned int *' but argument is of type 'volatile unsigned int *'
 void V2FGetReadyBusy(T4REGS* t4regs, unsigned int* report)
                                      ~~~~~~~~~~~~~~^~~~~~
../src/nsc_driver.c: In function 'V2FReadPageTransferAsync':
../src/nsc_driver.c:207:31: warning: assignment to 'unsigned int' from 'void *' makes integer from pointer without a cast [-Wint-conversion]
  readpagepSLC.pageDataAddress = pageDataBuffer;
                               ^
../src/nsc_driver.c:208:32: warning: assignment to 'unsigned int' from 'void *' makes integer from pointer without a cast [-Wint-conversion]
  readpagepSLC.spareDataAddress = spareDataBuffer;
                                ^
../src/nsc_driver.c:209:32: warning: assignment to 'unsigned int' from 'unsigned int *' makes integer from pointer without a cast [-Wint-conversion]
  readpagepSLC.errorInfoAddress = errorInformation;
                                ^
../src/nsc_driver.c:211:39: warning: assignment to 'unsigned int' from 'unsigned int *' makes integer from pointer without a cast [-Wint-conversion]
  readpagepSLC.completionReportAddress = completion;
                                       ^
../src/nsc_driver.c: In function 'V2FReadPageTransferRawAsync':
../src/nsc_driver.c:226:38: warning: assignment to 'unsigned int' from 'void *' makes integer from pointer without a cast [-Wint-conversion]
  readPageTransferRaw.pageDataAddress = pageDataBuffer;
                                      ^
../src/nsc_driver.c:227:48: warning: cast from pointer to integer of different size [-Wpointer-to-int-cast]
  readPageTransferRaw.completionReportAddress = (unsigned int)completion;
                                                ^
../src/nsc_driver.c: In function 'V2FProgramPageAsync':
../src/nsc_driver.c:243:31: warning: assignment to 'unsigned int' from 'void *' makes integer from pointer without a cast [-Wint-conversion]
  progPagepSLC.pageDataAddress = pageDataBuffer;
                               ^
../src/nsc_driver.c:244:32: warning: assignment to 'unsigned int' from 'void *' makes integer from pointer without a cast [-Wint-conversion]
  progPagepSLC.spareDataAddress = spareDataBuffer;
                                ^
../src/nsc_driver.c: In function 'V2FStatusCheckAsync':
../src/nsc_driver.c:272:32: warning: cast from pointer to integer of different size [-Wpointer-to-int-cast]
  readStatusCmd.reportAddress = (unsigned int)statusReport;
                                ^
../src/nsc_driver.c: In function 'V2FStatusCheckSync':
../src/nsc_driver.c:284:9: warning: this 'while' clause does not guard... [-Wmisleading-indentation]
         while (V2FIsControllerBusy(t4regs));
         ^~~~~
../src/nsc_driver.c:285:3: note: ...this statement, but the latter is misleadingly indented as if it were guarded by the 'while'
   V2FStatusCheckAsync(t4regs, way, statusReport);
   ^~~~~~~~~~~~~~~~~~~
../src/nsc_driver.c:291:9: warning: 'return' with a value, in function returning void
  return *statusReport;
         ^~~~~~~~~~~~~
../src/nsc_driver.c:280:38: note: declared here
 void __attribute__((optimize("O0"))) V2FStatusCheckSync(T4REGS* t4regs, int way, unsigned int* statusReport)
                                      ^~~~~~~~~~~~~~~~~~
../src/nsc_driver.c: In function 'V2FReadIdAsync':
../src/nsc_driver.c:302:28: warning: cast from pointer to integer of different size [-Wpointer-to-int-cast]
  readIdCmd.reportAddress = (unsigned int)statusReport;
                            ^
../src/nsc_driver.c:303:38: warning: cast from pointer to integer of different size [-Wpointer-to-int-cast]
  readIdCmd.completionReportAddress = (unsigned int)completion;
                                      ^
'Finished building: ../src/nsc_driver.c'
' '
'Building file: ../src/nvme_io_cmd_completion.c'
'Invoking: ARM v8 gcc compiler'
aarch64-none-elf-gcc -Wall -O0 -g3 -c -fmessage-length=0 -MT"src/nvme_io_cmd_completion.o" -I../../run-gr3ftl_bsp/psu_cortexa53_0/include -MMD -MP -MF"src/nvme_io_cmd_completion.d" -MT"src/nvme_io_cmd_completion.o" -o "src/nvme_io_cmd_completion.o" "../src/nvme_io_cmd_completion.c"
../src/nvme_io_cmd_completion.c: In function 'CompleteChildDmaReqOfNvmeIoCmd':
../src/nvme_io_cmd_completion.c:207:23: warning: cast from pointer to integer of different size [-Wpointer-to-int-cast]
     set_direct_tx_dma((unsigned int)ocssdMetadataBuffer->d[cmdSlotTag], MPTR[1], MPTR[0], NUMBER_OF_UINT32_IN_OCSSD_METADATA * 4 * 16);
                       ^
'Finished building: ../src/nvme_io_cmd_completion.c'
' '
'Building file: ../src/request_allocation.c'
'Invoking: ARM v8 gcc compiler'
aarch64-none-elf-gcc -Wall -O0 -g3 -c -fmessage-length=0 -MT"src/request_allocation.o" -I../../run-gr3ftl_bsp/psu_cortexa53_0/include -MMD -MP -MF"src/request_allocation.d" -MT"src/request_allocation.o" -o "src/request_allocation.o" "../src/request_allocation.c"
'Finished building: ../src/request_allocation.c'
' '
'Building file: ../src/request_schedule.c'
'Invoking: ARM v8 gcc compiler'
aarch64-none-elf-gcc -Wall -O0 -g3 -c -fmessage-length=0 -MT"src/request_schedule.o" -I../../run-gr3ftl_bsp/psu_cortexa53_0/include -MMD -MP -MF"src/request_schedule.d" -MT"src/request_schedule.o" -o "src/request_schedule.o" "../src/request_schedule.c"
../src/request_schedule.c: In function 'IssueNandReq':
../src/request_schedule.c:643:16: warning: cast to pointer from integer of different size [-Wint-to-pointer-cast]
  dataBufAddr = (void*)GenerateDataBufAddr(reqSlotTag);
                ^
../src/request_schedule.c:644:21: warning: cast to pointer from integer of different size [-Wint-to-pointer-cast]
  spareDataBufAddr = (void*)GenerateSpareDataBufAddr(reqSlotTag);
                     ^
../src/request_schedule.c: In function 'CheckEccErrorInfo':
../src/request_schedule.c:842:27: warning: variable 'errorInfo1' set but not used [-Wunused-but-set-variable]
  unsigned int errorInfo0, errorInfo1, reqSlotTag;
                           ^~~~~~~~~~
../src/request_schedule.c: In function 'ExecuteNandReq':
../src/request_schedule.c:926:18: warning: cast to pointer from integer of different size [-Wint-to-pointer-cast]
       badCheck = (unsigned char*)reqPoolPtr->reqPool[reqSlotTag].dataBufInfo.addr;
                  ^
'Finished building: ../src/request_schedule.c'
' '
'Building file: ../src/request_transform.c'
'Invoking: ARM v8 gcc compiler'
aarch64-none-elf-gcc -Wall -O0 -g3 -c -fmessage-length=0 -MT"src/request_transform.o" -I../../run-gr3ftl_bsp/psu_cortexa53_0/include -MMD -MP -MF"src/request_transform.d" -MT"src/request_transform.o" -o "src/request_transform.o" "../src/request_transform.c"
../src/request_transform.c: In function 'EvictDataBufEntryForOcssdPhyReq':
../src/request_transform.c:157:22: warning: cast to pointer from integer of different size [-Wint-to-pointer-cast]
   spareDataBufAddr = (unsigned int *)GenerateSpareDataBufAddr(reqSlotTag);
                      ^
../src/request_transform.c: In function 'IssueNvmeDmaReq':
../src/request_transform.c:385:21: warning: cast to pointer from integer of different size [-Wint-to-pointer-cast]
   spareDataBuffer = (unsigned int *)(GenerateSpareDataBufAddr(reqSlotTag));
                     ^
'Finished building: ../src/request_transform.c'
' '
'Building target: run-gr3ftl.elf'
'Invoking: ARM v8 gcc linker'
aarch64-none-elf-gcc -Wl,-T -Wl,../src/lscript.ld -L../../run-gr3ftl_bsp/psu_cortexa53_0/lib -o "run-gr3ftl.elf"  ./src/nvme/debug.o ./src/nvme/host_lld.o ./src/nvme/nvme_admin_cmd.o ./src/nvme/nvme_identify.o ./src/nvme/nvme_io_cmd.o ./src/nvme/nvme_main.o ./src/nvme/ocssd_lld.o  ./src/address_translation.o ./src/data_buffer.o ./src/ftl_config.o ./src/main.o ./src/nsc_driver.o ./src/nvme_io_cmd_completion.o ./src/request_allocation.o ./src/request_schedule.o ./src/request_transform.o   -Wl,--start-group,-lxil,-lgcc,-lc,--end-group
'Finished building target: run-gr3ftl.elf'
' '
'Invoking: ARM v8 Print Size'
aarch64-none-elf-size run-gr3ftl.elf  |tee "run-gr3ftl.elf.size"
   text	   data	    bss	    dec	    hex	filename
 159360	  11264	  22064	 192688	  2f0b0	run-gr3ftl.elf
'Finished building: run-gr3ftl.elf.size'
' '
10:17:31 **** Clean-only build of configuration Debug for project run-gr3ftl ****
make clean 
rm -rf  ./src/nvme/debug.o ./src/nvme/host_lld.o ./src/nvme/nvme_admin_cmd.o ./src/nvme/nvme_identify.o ./src/nvme/nvme_io_cmd.o ./src/nvme/nvme_main.o ./src/nvme/ocssd_lld.o  ./src/address_translation.o ./src/data_buffer.o ./src/ftl_config.o ./src/main.o ./src/nsc_driver.o ./src/nvme_io_cmd_completion.o ./src/request_allocation.o ./src/request_schedule.o ./src/request_transform.o  ./src/nvme/debug.d ./src/nvme/host_lld.d ./src/nvme/nvme_admin_cmd.d ./src/nvme/nvme_identify.d ./src/nvme/nvme_io_cmd.d ./src/nvme/nvme_main.d ./src/nvme/ocssd_lld.d  ./src/address_translation.d ./src/data_buffer.d ./src/ftl_config.d ./src/main.d ./src/nsc_driver.d ./src/nvme_io_cmd_completion.d ./src/request_allocation.d ./src/request_schedule.d ./src/request_transform.d  run-gr3ftl.elf.size  run-gr3ftl.elf
' '
10:17:32 **** Clean-only build of project run-gr3ftl_bsp ****
make -k clean 
make -C psu_cortexa53_0/libsrc/axipmon_v6_7/src -s clean 
make -C psu_cortexa53_0/libsrc/bram_v4_3/src -s clean 
make -C psu_cortexa53_0/libsrc/clockps_v1_1/src -s clean 
make -C psu_cortexa53_0/libsrc/coresightps_dcc_v1_5/src -s clean 
make -C psu_cortexa53_0/libsrc/cpu_cortexa53_v1_5/src -s clean 
make -C psu_cortexa53_0/libsrc/csudma_v1_4/src -s clean 
make -C psu_cortexa53_0/libsrc/ddrcpsu_v1_1/src -s clean 
make -C psu_cortexa53_0/libsrc/emacps_v3_9/src -s clean 
make -C psu_cortexa53_0/libsrc/gpiops_v3_5/src -s clean 
make -C psu_cortexa53_0/libsrc/iicps_v3_9/src -s clean 
make -C psu_cortexa53_0/libsrc/ipipsu_v2_5/src -s clean 
make -C psu_cortexa53_0/libsrc/qspipsu_v1_9/src -s clean 
make -C psu_cortexa53_0/libsrc/resetps_v1_2/src -s clean 
make -C psu_cortexa53_0/libsrc/rtcpsu_v1_7/src -s clean 
make -C psu_cortexa53_0/libsrc/scugic_v4_0/src -s clean 
make -C psu_cortexa53_0/libsrc/sdps_v3_7/src -s clean 
make -C psu_cortexa53_0/libsrc/standalone_v7_0/src -s clean 
make -C psu_cortexa53_0/libsrc/sysmonpsu_v2_5/src -s clean 
make -C psu_cortexa53_0/libsrc/uartps_v3_7/src -s clean 
make -C psu_cortexa53_0/libsrc/zdma_v1_7/src -s clean 
rm -f psu_cortexa53_0/lib/libxil.a
10:17:36 **** Build of project run-gr3ftl_bsp ****
make -k all 
"Running Make include in psu_cortexa53_0/libsrc/axipmon_v6_7/src"
make -C psu_cortexa53_0/libsrc/axipmon_v6_7/src -s include  "SHELL=CMD" "COMPILER=aarch64-none-elf-gcc" "ARCHIVER=aarch64-none-elf-ar" "COMPILER_FLAGS=  -O2 -c" "EXTRA_COMPILER_FLAGS=-g -Wall -Wextra"
"Running Make include in psu_cortexa53_0/libsrc/bram_v4_3/src"
make -C psu_cortexa53_0/libsrc/bram_v4_3/src -s include  "SHELL=CMD" "COMPILER=aarch64-none-elf-gcc" "ARCHIVER=aarch64-none-elf-ar" "COMPILER_FLAGS=  -O2 -c" "EXTRA_COMPILER_FLAGS=-g -Wall -Wextra"
"Running Make include in psu_cortexa53_0/libsrc/clockps_v1_1/src"
make -C psu_cortexa53_0/libsrc/clockps_v1_1/src -s include  "SHELL=CMD" "COMPILER=aarch64-none-elf-gcc" "ARCHIVER=aarch64-none-elf-ar" "COMPILER_FLAGS=  -O2 -c" "EXTRA_COMPILER_FLAGS=-g -Wall -Wextra"
"Running Make include in psu_cortexa53_0/libsrc/coresightps_dcc_v1_5/src"
make -C psu_cortexa53_0/libsrc/coresightps_dcc_v1_5/src -s include  "SHELL=CMD" "COMPILER=aarch64-none-elf-gcc" "ARCHIVER=aarch64-none-elf-ar" "COMPILER_FLAGS=  -O2 -c" "EXTRA_COMPILER_FLAGS=-g -Wall -Wextra"
"Running Make include in psu_cortexa53_0/libsrc/cpu_cortexa53_v1_5/src"
make -C psu_cortexa53_0/libsrc/cpu_cortexa53_v1_5/src -s include  "SHELL=CMD" "COMPILER=aarch64-none-elf-gcc" "ARCHIVER=aarch64-none-elf-ar" "COMPILER_FLAGS=  -O2 -c" "EXTRA_COMPILER_FLAGS=-g -Wall -Wextra"
"Running Make include in psu_cortexa53_0/libsrc/csudma_v1_4/src"
make -C psu_cortexa53_0/libsrc/csudma_v1_4/src -s include  "SHELL=CMD" "COMPILER=aarch64-none-elf-gcc" "ARCHIVER=aarch64-none-elf-ar" "COMPILER_FLAGS=  -O2 -c" "EXTRA_COMPILER_FLAGS=-g -Wall -Wextra"
"Running Make include in psu_cortexa53_0/libsrc/ddrcpsu_v1_1/src"
make -C psu_cortexa53_0/libsrc/ddrcpsu_v1_1/src -s include  "SHELL=CMD" "COMPILER=aarch64-none-elf-gcc" "ARCHIVER=aarch64-none-elf-ar" "COMPILER_FLAGS=  -O2 -c" "EXTRA_COMPILER_FLAGS=-g -Wall -Wextra"
"Running Make include in psu_cortexa53_0/libsrc/emacps_v3_9/src"
make -C psu_cortexa53_0/libsrc/emacps_v3_9/src -s include  "SHELL=CMD" "COMPILER=aarch64-none-elf-gcc" "ARCHIVER=aarch64-none-elf-ar" "COMPILER_FLAGS=  -O2 -c" "EXTRA_COMPILER_FLAGS=-g -Wall -Wextra"
"Running Make include in psu_cortexa53_0/libsrc/gpiops_v3_5/src"
make -C psu_cortexa53_0/libsrc/gpiops_v3_5/src -s include  "SHELL=CMD" "COMPILER=aarch64-none-elf-gcc" "ARCHIVER=aarch64-none-elf-ar" "COMPILER_FLAGS=  -O2 -c" "EXTRA_COMPILER_FLAGS=-g -Wall -Wextra"
"Running Make include in psu_cortexa53_0/libsrc/iicps_v3_9/src"
make -C psu_cortexa53_0/libsrc/iicps_v3_9/src -s include  "SHELL=CMD" "COMPILER=aarch64-none-elf-gcc" "ARCHIVER=aarch64-none-elf-ar" "COMPILER_FLAGS=  -O2 -c" "EXTRA_COMPILER_FLAGS=-g -Wall -Wextra"
"Running Make include in psu_cortexa53_0/libsrc/ipipsu_v2_5/src"
make -C psu_cortexa53_0/libsrc/ipipsu_v2_5/src -s include  "SHELL=CMD" "COMPILER=aarch64-none-elf-gcc" "ARCHIVER=aarch64-none-elf-ar" "COMPILER_FLAGS=  -O2 -c" "EXTRA_COMPILER_FLAGS=-g -Wall -Wextra"
"Running Make include in psu_cortexa53_0/libsrc/qspipsu_v1_9/src"
make -C psu_cortexa53_0/libsrc/qspipsu_v1_9/src -s include  "SHELL=CMD" "COMPILER=aarch64-none-elf-gcc" "ARCHIVER=aarch64-none-elf-ar" "COMPILER_FLAGS=  -O2 -c" "EXTRA_COMPILER_FLAGS=-g -Wall -Wextra"
"Running Make include in psu_cortexa53_0/libsrc/resetps_v1_2/src"
make -C psu_cortexa53_0/libsrc/resetps_v1_2/src -s include  "SHELL=CMD" "COMPILER=aarch64-none-elf-gcc" "ARCHIVER=aarch64-none-elf-ar" "COMPILER_FLAGS=  -O2 -c" "EXTRA_COMPILER_FLAGS=-g -Wall -Wextra"
"Running Make include in psu_cortexa53_0/libsrc/rtcpsu_v1_7/src"
make -C psu_cortexa53_0/libsrc/rtcpsu_v1_7/src -s include  "SHELL=CMD" "COMPILER=aarch64-none-elf-gcc" "ARCHIVER=aarch64-none-elf-ar" "COMPILER_FLAGS=  -O2 -c" "EXTRA_COMPILER_FLAGS=-g -Wall -Wextra"
"Running Make include in psu_cortexa53_0/libsrc/scugic_v4_0/src"
make -C psu_cortexa53_0/libsrc/scugic_v4_0/src -s include  "SHELL=CMD" "COMPILER=aarch64-none-elf-gcc" "ARCHIVER=aarch64-none-elf-ar" "COMPILER_FLAGS=  -O2 -c" "EXTRA_COMPILER_FLAGS=-g -Wall -Wextra"
"Running Make include in psu_cortexa53_0/libsrc/sdps_v3_7/src"
make -C psu_cortexa53_0/libsrc/sdps_v3_7/src -s include  "SHELL=CMD" "COMPILER=aarch64-none-elf-gcc" "ARCHIVER=aarch64-none-elf-ar" "COMPILER_FLAGS=  -O2 -c" "EXTRA_COMPILER_FLAGS=-g -Wall -Wextra"
"Running Make include in psu_cortexa53_0/libsrc/standalone_v7_0/src"
make -C psu_cortexa53_0/libsrc/standalone_v7_0/src -s include  "SHELL=CMD" "COMPILER=aarch64-none-elf-gcc" "ARCHIVER=aarch64-none-elf-ar" "COMPILER_FLAGS=  -O2 -c" "EXTRA_COMPILER_FLAGS=-g -Wall -Wextra"
"Running Make include in psu_cortexa53_0/libsrc/sysmonpsu_v2_5/src"
make -C psu_cortexa53_0/libsrc/sysmonpsu_v2_5/src -s include  "SHELL=CMD" "COMPILER=aarch64-none-elf-gcc" "ARCHIVER=aarch64-none-elf-ar" "COMPILER_FLAGS=  -O2 -c" "EXTRA_COMPILER_FLAGS=-g -Wall -Wextra"
"Running Make include in psu_cortexa53_0/libsrc/uartps_v3_7/src"
make -C psu_cortexa53_0/libsrc/uartps_v3_7/src -s include  "SHELL=CMD" "COMPILER=aarch64-none-elf-gcc" "ARCHIVER=aarch64-none-elf-ar" "COMPILER_FLAGS=  -O2 -c" "EXTRA_COMPILER_FLAGS=-g -Wall -Wextra"
"Running Make include in psu_cortexa53_0/libsrc/zdma_v1_7/src"
make -C psu_cortexa53_0/libsrc/zdma_v1_7/src -s include  "SHELL=CMD" "COMPILER=aarch64-none-elf-gcc" "ARCHIVER=aarch64-none-elf-ar" "COMPILER_FLAGS=  -O2 -c" "EXTRA_COMPILER_FLAGS=-g -Wall -Wextra"
"Running Make libs in psu_cortexa53_0/libsrc/axipmon_v6_7/src"
make -C psu_cortexa53_0/libsrc/axipmon_v6_7/src -s libs  "SHELL=CMD" "COMPILER=aarch64-none-elf-gcc" "ARCHIVER=aarch64-none-elf-ar" "COMPILER_FLAGS=  -O2 -c" "EXTRA_COMPILER_FLAGS=-g -Wall -Wextra"
"Compiling axipmon"
aarch64-none-elf-ar: creating ../../../lib/libxil.a
"Running Make libs in psu_cortexa53_0/libsrc/bram_v4_3/src"
make -C psu_cortexa53_0/libsrc/bram_v4_3/src -s libs  "SHELL=CMD" "COMPILER=aarch64-none-elf-gcc" "ARCHIVER=aarch64-none-elf-ar" "COMPILER_FLAGS=  -O2 -c" "EXTRA_COMPILER_FLAGS=-g -Wall -Wextra"
"Compiling bram"
"Running Make libs in psu_cortexa53_0/libsrc/clockps_v1_1/src"
make -C psu_cortexa53_0/libsrc/clockps_v1_1/src -s libs  "SHELL=CMD" "COMPILER=aarch64-none-elf-gcc" "ARCHIVER=aarch64-none-elf-ar" "COMPILER_FLAGS=  -O2 -c" "EXTRA_COMPILER_FLAGS=-g -Wall -Wextra"
"Compiling clockps"
"Running Make libs in psu_cortexa53_0/libsrc/coresightps_dcc_v1_5/src"
make -C psu_cortexa53_0/libsrc/coresightps_dcc_v1_5/src -s libs  "SHELL=CMD" "COMPILER=aarch64-none-elf-gcc" "ARCHIVER=aarch64-none-elf-ar" "COMPILER_FLAGS=  -O2 -c" "EXTRA_COMPILER_FLAGS=-g -Wall -Wextra"
"Compiling coresightps_dcc"
"Running Make libs in psu_cortexa53_0/libsrc/cpu_cortexa53_v1_5/src"
make -C psu_cortexa53_0/libsrc/cpu_cortexa53_v1_5/src -s libs  "SHELL=CMD" "COMPILER=aarch64-none-elf-gcc" "ARCHIVER=aarch64-none-elf-ar" "COMPILER_FLAGS=  -O2 -c" "EXTRA_COMPILER_FLAGS=-g -Wall -Wextra"
"Compiling cpu_cortexa53"
"Running Make libs in psu_cortexa53_0/libsrc/csudma_v1_4/src"
make -C psu_cortexa53_0/libsrc/csudma_v1_4/src -s libs  "SHELL=CMD" "COMPILER=aarch64-none-elf-gcc" "ARCHIVER=aarch64-none-elf-ar" "COMPILER_FLAGS=  -O2 -c" "EXTRA_COMPILER_FLAGS=-g -Wall -Wextra"
"Compiling csudma"
"Running Make libs in psu_cortexa53_0/libsrc/ddrcpsu_v1_1/src"
make -C psu_cortexa53_0/libsrc/ddrcpsu_v1_1/src -s libs  "SHELL=CMD" "COMPILER=aarch64-none-elf-gcc" "ARCHIVER=aarch64-none-elf-ar" "COMPILER_FLAGS=  -O2 -c" "EXTRA_COMPILER_FLAGS=-g -Wall -Wextra"
"Compiling ddrcpsu"
"Running Make libs in psu_cortexa53_0/libsrc/emacps_v3_9/src"
make -C psu_cortexa53_0/libsrc/emacps_v3_9/src -s libs  "SHELL=CMD" "COMPILER=aarch64-none-elf-gcc" "ARCHIVER=aarch64-none-elf-ar" "COMPILER_FLAGS=  -O2 -c" "EXTRA_COMPILER_FLAGS=-g -Wall -Wextra"
"Compiling emacps"
"Running Make libs in psu_cortexa53_0/libsrc/gpiops_v3_5/src"
make -C psu_cortexa53_0/libsrc/gpiops_v3_5/src -s libs  "SHELL=CMD" "COMPILER=aarch64-none-elf-gcc" "ARCHIVER=aarch64-none-elf-ar" "COMPILER_FLAGS=  -O2 -c" "EXTRA_COMPILER_FLAGS=-g -Wall -Wextra"
"Compiling gpiops"
"Running Make libs in psu_cortexa53_0/libsrc/iicps_v3_9/src"
make -C psu_cortexa53_0/libsrc/iicps_v3_9/src -s libs  "SHELL=CMD" "COMPILER=aarch64-none-elf-gcc" "ARCHIVER=aarch64-none-elf-ar" "COMPILER_FLAGS=  -O2 -c" "EXTRA_COMPILER_FLAGS=-g -Wall -Wextra"
"Compiling iicps"
"Running Make libs in psu_cortexa53_0/libsrc/ipipsu_v2_5/src"
make -C psu_cortexa53_0/libsrc/ipipsu_v2_5/src -s libs  "SHELL=CMD" "COMPILER=aarch64-none-elf-gcc" "ARCHIVER=aarch64-none-elf-ar" "COMPILER_FLAGS=  -O2 -c" "EXTRA_COMPILER_FLAGS=-g -Wall -Wextra"
"Compiling ipipsu"
"Running Make libs in psu_cortexa53_0/libsrc/qspipsu_v1_9/src"
make -C psu_cortexa53_0/libsrc/qspipsu_v1_9/src -s libs  "SHELL=CMD" "COMPILER=aarch64-none-elf-gcc" "ARCHIVER=aarch64-none-elf-ar" "COMPILER_FLAGS=  -O2 -c" "EXTRA_COMPILER_FLAGS=-g -Wall -Wextra"
"Compiling qspipsu"
"Running Make libs in psu_cortexa53_0/libsrc/resetps_v1_2/src"
make -C psu_cortexa53_0/libsrc/resetps_v1_2/src -s libs  "SHELL=CMD" "COMPILER=aarch64-none-elf-gcc" "ARCHIVER=aarch64-none-elf-ar" "COMPILER_FLAGS=  -O2 -c" "EXTRA_COMPILER_FLAGS=-g -Wall -Wextra"
"Compiling resetps"
"Running Make libs in psu_cortexa53_0/libsrc/rtcpsu_v1_7/src"
make -C psu_cortexa53_0/libsrc/rtcpsu_v1_7/src -s libs  "SHELL=CMD" "COMPILER=aarch64-none-elf-gcc" "ARCHIVER=aarch64-none-elf-ar" "COMPILER_FLAGS=  -O2 -c" "EXTRA_COMPILER_FLAGS=-g -Wall -Wextra"
"Compiling rtcpsu"
"Running Make libs in psu_cortexa53_0/libsrc/scugic_v4_0/src"
make -C psu_cortexa53_0/libsrc/scugic_v4_0/src -s libs  "SHELL=CMD" "COMPILER=aarch64-none-elf-gcc" "ARCHIVER=aarch64-none-elf-ar" "COMPILER_FLAGS=  -O2 -c" "EXTRA_COMPILER_FLAGS=-g -Wall -Wextra"
"Compiling scugic"
"Running Make libs in psu_cortexa53_0/libsrc/sdps_v3_7/src"
make -C psu_cortexa53_0/libsrc/sdps_v3_7/src -s libs  "SHELL=CMD" "COMPILER=aarch64-none-elf-gcc" "ARCHIVER=aarch64-none-elf-ar" "COMPILER_FLAGS=  -O2 -c" "EXTRA_COMPILER_FLAGS=-g -Wall -Wextra"
"Compiling sdps"
"Running Make libs in psu_cortexa53_0/libsrc/standalone_v7_0/src"
make -C psu_cortexa53_0/libsrc/standalone_v7_0/src -s libs  "SHELL=CMD" "COMPILER=aarch64-none-elf-gcc" "ARCHIVER=aarch64-none-elf-ar" "COMPILER_FLAGS=  -O2 -c" "EXTRA_COMPILER_FLAGS=-g -Wall -Wextra"
"Compiling standalone ARMv8 64 bit"
In file included from xil_sleeptimer.c:51:
xtime_l.h:87:9: note: #pragma message: For the sleep routines, Global timer is being used
 #pragma message ("For the sleep routines, Global timer is being used")
         ^~~~~~~
In file included from xtime_l.c:52:
xtime_l.h:87:9: note: #pragma message: For the sleep routines, Global timer is being used
 #pragma message ("For the sleep routines, Global timer is being used")
         ^~~~~~~
In file included from sleep.c:59:
xtime_l.h:87:9: note: #pragma message: For the sleep routines, Global timer is being used
 #pragma message ("For the sleep routines, Global timer is being used")
         ^~~~~~~
translation_table.S:145:2: warning: #warning "There's no DDR_1 in the HW design. MMU translation table marks 32 GB DDR address space as undefined" [-Wcpp]
 #warning "There's no DDR_1 in the HW design. MMU translation table marks 32 GB DDR address space as undefined"
  ^~~~~~~
"Running Make libs in psu_cortexa53_0/libsrc/sysmonpsu_v2_5/src"
make -C psu_cortexa53_0/libsrc/sysmonpsu_v2_5/src -s libs  "SHELL=CMD" "COMPILER=aarch64-none-elf-gcc" "ARCHIVER=aarch64-none-elf-ar" "COMPILER_FLAGS=  -O2 -c" "EXTRA_COMPILER_FLAGS=-g -Wall -Wextra"
"Compiling sysmonpsu"
"Running Make libs in psu_cortexa53_0/libsrc/uartps_v3_7/src"
make -C psu_cortexa53_0/libsrc/uartps_v3_7/src -s libs  "SHELL=CMD" "COMPILER=aarch64-none-elf-gcc" "ARCHIVER=aarch64-none-elf-ar" "COMPILER_FLAGS=  -O2 -c" "EXTRA_COMPILER_FLAGS=-g -Wall -Wextra"
"Compiling uartps"
"Running Make libs in psu_cortexa53_0/libsrc/zdma_v1_7/src"
make -C psu_cortexa53_0/libsrc/zdma_v1_7/src -s libs  "SHELL=CMD" "COMPILER=aarch64-none-elf-gcc" "ARCHIVER=aarch64-none-elf-ar" "COMPILER_FLAGS=  -O2 -c" "EXTRA_COMPILER_FLAGS=-g -Wall -Wextra"
"Compiling zdma"
'Finished building libraries'
10:18:50 **** Clean-only build of configuration Debug for project run-gr3ftl ****
make clean 
rm -rf  ./src/nvme/debug.o ./src/nvme/host_lld.o ./src/nvme/nvme_admin_cmd.o ./src/nvme/nvme_identify.o ./src/nvme/nvme_io_cmd.o ./src/nvme/nvme_main.o ./src/nvme/ocssd_lld.o  ./src/address_translation.o ./src/data_buffer.o ./src/ftl_config.o ./src/main.o ./src/nsc_driver.o ./src/nvme_io_cmd_completion.o ./src/request_allocation.o ./src/request_schedule.o ./src/request_transform.o  ./src/nvme/debug.d ./src/nvme/host_lld.d ./src/nvme/nvme_admin_cmd.d ./src/nvme/nvme_identify.d ./src/nvme/nvme_io_cmd.d ./src/nvme/nvme_main.d ./src/nvme/ocssd_lld.d  ./src/address_translation.d ./src/data_buffer.d ./src/ftl_config.d ./src/main.d ./src/nsc_driver.d ./src/nvme_io_cmd_completion.d ./src/request_allocation.d ./src/request_schedule.d ./src/request_transform.d  run-gr3ftl.elf.size  run-gr3ftl.elf
' '
10:18:51 **** Build of configuration Debug for project run-gr3ftl ****
make all 
'Building file: ../src/nvme/debug.c'
'Invoking: ARM v8 gcc compiler'
aarch64-none-elf-gcc -Wall -O0 -g3 -c -fmessage-length=0 -MT"src/nvme/debug.o" -I../../run-gr3ftl_bsp/psu_cortexa53_0/include -MMD -MP -MF"src/nvme/debug.d" -MT"src/nvme/debug.o" -o "src/nvme/debug.o" "../src/nvme/debug.c"
'Finished building: ../src/nvme/debug.c'
' '
'Building file: ../src/nvme/host_lld.c'
'Invoking: ARM v8 gcc compiler'
aarch64-none-elf-gcc -Wall -O0 -g3 -c -fmessage-length=0 -MT"src/nvme/host_lld.o" -I../../run-gr3ftl_bsp/psu_cortexa53_0/include -MMD -MP -MF"src/nvme/host_lld.d" -MT"src/nvme/host_lld.o" -o "src/nvme/host_lld.o" "../src/nvme/host_lld.c"
In file included from ../src/nvme/host_lld.c:61:
../src/nvme/host_lld.c: In function 'get_nvme_cmd':
../src/nvme/io_access.h:52:30: warning: cast to pointer from integer of different size [-Wint-to-pointer-cast]
 #define IO_READ32(addr)    *((volatile unsigned int *)(addr))
                              ^
../src/nvme/host_lld.c:241:24: note: in expansion of macro 'IO_READ32'
    *(cmdDword + idx) = IO_READ32(addr + (idx * 4));
                        ^~~~~~~~~
../src/nvme/host_lld.c: In function 'set_io_sq':
../src/nvme/io_access.h:51:34: warning: cast to pointer from integer of different size [-Wint-to-pointer-cast]
 #define IO_WRITE32(addr, val)  *((volatile unsigned int *)(addr)) = val
                                  ^
../src/nvme/host_lld.c:300:2: note: in expansion of macro 'IO_WRITE32'
  IO_WRITE32(addr, nvmeReg.dword[0]);
  ^~~~~~~~~~
../src/nvme/io_access.h:51:34: warning: cast to pointer from integer of different size [-Wint-to-pointer-cast]
 #define IO_WRITE32(addr, val)  *((volatile unsigned int *)(addr)) = val
                                  ^
../src/nvme/host_lld.c:301:2: note: in expansion of macro 'IO_WRITE32'
  IO_WRITE32((addr + 4), nvmeReg.dword[1]);
  ^~~~~~~~~~
../src/nvme/host_lld.c: In function 'set_io_cq':
../src/nvme/io_access.h:51:34: warning: cast to pointer from integer of different size [-Wint-to-pointer-cast]
 #define IO_WRITE32(addr, val)  *((volatile unsigned int *)(addr)) = val
                                  ^
../src/nvme/host_lld.c:317:2: note: in expansion of macro 'IO_WRITE32'
  IO_WRITE32(addr, nvmeReg.dword[0]);
  ^~~~~~~~~~
../src/nvme/io_access.h:51:34: warning: cast to pointer from integer of different size [-Wint-to-pointer-cast]
 #define IO_WRITE32(addr, val)  *((volatile unsigned int *)(addr)) = val
                                  ^
../src/nvme/host_lld.c:318:2: note: in expansion of macro 'IO_WRITE32'
  IO_WRITE32((addr + 4), nvmeReg.dword[1]);
  ^~~~~~~~~~
../src/nvme/host_lld.c: In function 'set_direct_tx_dma':
../src/nvme/host_lld.c:342:64: warning: 'hostDmaReg.<Uec78>.dword[4]' may be used uninitialized in this function [-Wmaybe-uninitialized]
  IO_WRITE32((HOST_DMA_CMD_FIFO_REG_ADDR + 16), hostDmaReg.dword[4]);//slot_modified
                                                                ^
../src/nvme/host_lld.c: In function 'set_direct_rx_dma':
../src/nvme/host_lld.c:367:64: warning: 'hostDmaReg.<Uec78>.dword[4]' may be used uninitialized in this function [-Wmaybe-uninitialized]
  IO_WRITE32((HOST_DMA_CMD_FIFO_REG_ADDR + 16), hostDmaReg.dword[4]);//slot_modified
                                                                ^
'Finished building: ../src/nvme/host_lld.c'
' '
'Building file: ../src/nvme/nvme_admin_cmd.c'
'Invoking: ARM v8 gcc compiler'
aarch64-none-elf-gcc -Wall -O0 -g3 -c -fmessage-length=0 -MT"src/nvme/nvme_admin_cmd.o" -I../../run-gr3ftl_bsp/psu_cortexa53_0/include -MMD -MP -MF"src/nvme/nvme_admin_cmd.d" -MT"src/nvme/nvme_admin_cmd.o" -o "src/nvme/nvme_admin_cmd.o" "../src/nvme/nvme_admin_cmd.c"
../src/nvme/nvme_admin_cmd.c: In function 'handle_ocssd_get_bad_blocks_table':
../src/nvme/nvme_admin_cmd.c:514:21: warning: cast from pointer to integer of different size [-Wpointer-to-int-cast]
   set_direct_rx_dma((unsigned int)prpList.PRP, nvmeAdminCmd->PRP2[1], nvmeAdminCmd->PRP2[0], sizeof(HOST_ADDRESS) * (prpList.numberOfPRPs - 1));
                     ^
../src/nvme/nvme_admin_cmd.c:540:21: warning: cast from pointer to integer of different size [-Wpointer-to-int-cast]
   set_direct_tx_dma((unsigned int)(&pOCSSDBadBlocksTable[ppa.channel + (ppa.lun * NUMBER_OF_CHANNELS_ON_DEVICE)]) + (i * 4096), prp.high32, prp.low32, prpLen);
                     ^
'Finished building: ../src/nvme/nvme_admin_cmd.c'
' '
'Building file: ../src/nvme/nvme_identify.c'
'Invoking: ARM v8 gcc compiler'
aarch64-none-elf-gcc -Wall -O0 -g3 -c -fmessage-length=0 -MT"src/nvme/nvme_identify.o" -I../../run-gr3ftl_bsp/psu_cortexa53_0/include -MMD -MP -MF"src/nvme/nvme_identify.d" -MT"src/nvme/nvme_identify.o" -o "src/nvme/nvme_identify.o" "../src/nvme/nvme_identify.c"
../src/nvme/nvme_identify.c: In function 'controller_identification':
../src/nvme/nvme_identify.c:68:17: warning: cast to pointer from integer of different size [-Wint-to-pointer-cast]
  identifyCNTL = (ADMIN_IDENTIFY_CONTROLLER*)pBuffer;
                 ^
../src/nvme/nvme_identify.c: In function 'namespace_identification':
../src/nvme/nvme_identify.c:158:15: warning: cast to pointer from integer of different size [-Wint-to-pointer-cast]
  identifyNS = (ADMIN_IDENTIFY_NAMESPACE *)pBuffer;
               ^
../src/nvme/nvme_identify.c: In function 'ocssd_identification':
../src/nvme/nvme_identify.c:211:24: warning: cast to pointer from integer of different size [-Wint-to-pointer-cast]
  ocssdIdentification = (ADMIN_OCSSD_IDENTIFICATION *) pBuffer;
                        ^
'Finished building: ../src/nvme/nvme_identify.c'
' '
'Building file: ../src/nvme/nvme_io_cmd.c'
'Invoking: ARM v8 gcc compiler'
aarch64-none-elf-gcc -Wall -O0 -g3 -c -fmessage-length=0 -MT"src/nvme/nvme_io_cmd.o" -I../../run-gr3ftl_bsp/psu_cortexa53_0/include -MMD -MP -MF"src/nvme/nvme_io_cmd.d" -MT"src/nvme/nvme_io_cmd.o" -o "src/nvme/nvme_io_cmd.o" "../src/nvme/nvme_io_cmd.c"
'Finished building: ../src/nvme/nvme_io_cmd.c'
' '
'Building file: ../src/nvme/nvme_main.c'
'Invoking: ARM v8 gcc compiler'
aarch64-none-elf-gcc -Wall -O0 -g3 -c -fmessage-length=0 -MT"src/nvme/nvme_main.o" -I../../run-gr3ftl_bsp/psu_cortexa53_0/include -MMD -MP -MF"src/nvme/nvme_main.d" -MT"src/nvme/nvme_main.o" -o "src/nvme/nvme_main.o" "../src/nvme/nvme_main.c"
'Finished building: ../src/nvme/nvme_main.c'
' '
'Building file: ../src/nvme/ocssd_lld.c'
'Invoking: ARM v8 gcc compiler'
aarch64-none-elf-gcc -Wall -O0 -g3 -c -fmessage-length=0 -MT"src/nvme/ocssd_lld.o" -I../../run-gr3ftl_bsp/psu_cortexa53_0/include -MMD -MP -MF"src/nvme/ocssd_lld.d" -MT"src/nvme/ocssd_lld.o" -o "src/nvme/ocssd_lld.o" "../src/nvme/ocssd_lld.c"
'Finished building: ../src/nvme/ocssd_lld.c'
' '
'Building file: ../src/address_translation.c'
'Invoking: ARM v8 gcc compiler'
aarch64-none-elf-gcc -Wall -O0 -g3 -c -fmessage-length=0 -MT"src/address_translation.o" -I../../run-gr3ftl_bsp/psu_cortexa53_0/include -MMD -MP -MF"src/address_translation.d" -MT"src/address_translation.o" -o "src/address_translation.o" "../src/address_translation.c"
../src/address_translation.c: In function 'RecoverBadBlockTable':
../src/address_translation.c:261:21: warning: cast to pointer from integer of different size [-Wint-to-pointer-cast]
   bbtTableChecker = (unsigned char*)(tempBbtBufAddr[dieNo]);
                     ^
../src/address_translation.c:271:23: warning: cast to pointer from integer of different size [-Wint-to-pointer-cast]
     bbtTableChecker = (unsigned char*)(tempBbtBufAddr[dieNo] + blockNo);
                       ^
../src/address_translation.c: In function 'UpdateBadBlockTableForGrownBadBlock':
../src/address_translation.c:394:18: warning: cast to pointer from integer of different size [-Wint-to-pointer-cast]
     bbtUpdater = (unsigned char*)(tempBbtBufAddr[dieNo] + phyBlockNo);
                  ^
../src/address_translation.c: In function 'FindBadBlock':
../src/address_translation.c:456:20: warning: cast to pointer from integer of different size [-Wint-to-pointer-cast]
     markPointer0 = (unsigned char*)(tempReadBufAddr[dieNo] + BAD_BLOCK_MARK_BYTE0);
                    ^
../src/address_translation.c:457:20: warning: cast to pointer from integer of different size [-Wint-to-pointer-cast]
     markPointer1 = (unsigned char*)(tempReadBufAddr[dieNo] + BAD_BLOCK_MARK_BYTE1);
                    ^
../src/address_translation.c:498:20: warning: cast to pointer from integer of different size [-Wint-to-pointer-cast]
     markPointer0 = (unsigned char*)(tempReadBufAddr[dieNo] + BAD_BLOCK_MARK_BYTE0);
                    ^
../src/address_translation.c:499:20: warning: cast to pointer from integer of different size [-Wint-to-pointer-cast]
     markPointer1 = (unsigned char*)(tempReadBufAddr[dieNo] + BAD_BLOCK_MARK_BYTE1);
                    ^
../src/address_translation.c:513:17: warning: cast to pointer from integer of different size [-Wint-to-pointer-cast]
     bbtUpdater= (unsigned char*)(tempBbtBufAddr[dieNo] + phyBlockNo);
                 ^
'Finished building: ../src/address_translation.c'
' '
'Building file: ../src/data_buffer.c'
'Invoking: ARM v8 gcc compiler'
aarch64-none-elf-gcc -Wall -O0 -g3 -c -fmessage-length=0 -MT"src/data_buffer.o" -I../../run-gr3ftl_bsp/psu_cortexa53_0/include -MMD -MP -MF"src/data_buffer.d" -MT"src/data_buffer.o" -o "src/data_buffer.o" "../src/data_buffer.c"
'Finished building: ../src/data_buffer.c'
' '
'Building file: ../src/ftl_config.c'
'Invoking: ARM v8 gcc compiler'
aarch64-none-elf-gcc -Wall -O0 -g3 -c -fmessage-length=0 -MT"src/ftl_config.o" -I../../run-gr3ftl_bsp/psu_cortexa53_0/include -MMD -MP -MF"src/ftl_config.d" -MT"src/ftl_config.o" -o "src/ftl_config.o" "../src/ftl_config.c"
../src/ftl_config.c: In function 'InitChCtlReg':
../src/ftl_config.c:119:21: warning: cast to pointer from integer of different size [-Wint-to-pointer-cast]
   nfc_install_ucode((unsigned int*)NSC_UCODES[i]);
                     ^
../src/ftl_config.c:120:37: warning: cast to pointer from integer of different size [-Wint-to-pointer-cast]
   V2FInitializeHandle(&chCtlReg[i], (void*)NSCS[i]);
                                     ^
../src/ftl_config.c: In function 'InitNandArray':
../src/ftl_config.c:179:35: warning: passing argument 3 of 'V2FReadIdSync' from incompatible pointer type [-Wincompatible-pointer-types]
    V2FReadIdSync(&chCtlReg[i], k, idData);
                                   ^~~~~~
In file included from ../src/ftl_config.h:50,
                 from ../src/data_buffer.h:53,
                 from ../src/memory_map.h:56,
                 from ../src/ftl_config.c:56:
../src/nsc_driver.h:446:59: note: expected 'unsigned int *' but argument is of type 'unsigned char *'
 void V2FReadIdSync(T4REGS* t4regs, int way, unsigned int* statusReport);
                                             ~~~~~~~~~~~~~~^~~~~~~~~~~~
../src/ftl_config.c:180:4: warning: implicit declaration of function 'printf' [-Wimplicit-function-declaration]
    printf("Ch %d Way %d ReadId: ", i, k);
    ^~~~~~
../src/ftl_config.c:180:4: warning: incompatible implicit declaration of built-in function 'printf'
../src/ftl_config.c:180:4: note: include '<stdio.h>' or provide a declaration of 'printf'
../src/ftl_config.c:58:1:
+#include <stdio.h>
 #include "nsc_driver.h"
../src/ftl_config.c:180:4:
    printf("Ch %d Way %d ReadId: ", i, k);
    ^~~~~~
At top level:
../src/ftl_config.c:110:21: warning: 'dq_delay' defined but not used [-Wunused-variable]
 static unsigned int dq_delay[]  = {00, 00, 00, 00};
                     ^~~~~~~~
../src/ftl_config.c:109:21: warning: 'dqs_delay' defined but not used [-Wunused-variable]
 static unsigned int dqs_delay[] = {1099, 1099, 1099, 1099};
                     ^~~~~~~~~
'Finished building: ../src/ftl_config.c'
' '
'Building file: ../src/main.c'
'Invoking: ARM v8 gcc compiler'
aarch64-none-elf-gcc -Wall -O0 -g3 -c -fmessage-length=0 -MT"src/main.o" -I../../run-gr3ftl_bsp/psu_cortexa53_0/include -MMD -MP -MF"src/main.d" -MT"src/main.o" -o "src/main.o" "../src/main.c"
'Finished building: ../src/main.c'
' '
'Building file: ../src/nsc_driver.c'
'Invoking: ARM v8 gcc compiler'
aarch64-none-elf-gcc -Wall -O0 -g3 -c -fmessage-length=0 -MT"src/nsc_driver.o" -I../../run-gr3ftl_bsp/psu_cortexa53_0/include -MMD -MP -MF"src/nsc_driver.d" -MT"src/nsc_driver.o" -o "src/nsc_driver.o" "../src/nsc_driver.c"
../src/nsc_driver.c: In function 'V2FInitializeHandle':
../src/nsc_driver.c:85:32: warning: cast from pointer to integer of different size [-Wpointer-to-int-cast]
  t4regs->t4regID = (T4REG_ID*)((unsigned int)t4nscRegisterBaseAddress + 0);
                                ^
../src/nsc_driver.c:85:20: warning: cast to pointer from integer of different size [-Wint-to-pointer-cast]
  t4regs->t4regID = (T4REG_ID*)((unsigned int)t4nscRegisterBaseAddress + 0);
                    ^
../src/nsc_driver.c:86:34: warning: cast from pointer to integer of different size [-Wpointer-to-int-cast]
  t4regs->t4regCFG = (T4REG_CFG*)((unsigned int)t4nscRegisterBaseAddress + 0x1000);
                                  ^
../src/nsc_driver.c:86:21: warning: cast to pointer from integer of different size [-Wint-to-pointer-cast]
  t4regs->t4regCFG = (T4REG_CFG*)((unsigned int)t4nscRegisterBaseAddress + 0x1000);
                     ^
../src/nsc_driver.c:87:34: warning: cast from pointer to integer of different size [-Wpointer-to-int-cast]
  t4regs->t4regEXT = (T4REG_EXT*)((unsigned int)t4nscRegisterBaseAddress + 0x2000);
                                  ^
../src/nsc_driver.c:87:21: warning: cast to pointer from integer of different size [-Wint-to-pointer-cast]
  t4regs->t4regEXT = (T4REG_EXT*)((unsigned int)t4nscRegisterBaseAddress + 0x2000);
                     ^
[...]
../src/address_translation.c: In function 'RecoverBadBlockTable':
../src/address_translation.c:261:21: warning: cast to pointer from integer of different size [-Wint-to-pointer-cast]
   bbtTableChecker = (unsigned char*)(tempBbtBufAddr[dieNo]);
                     ^
../src/address_translation.c:271:23: warning: cast to pointer from integer of different size [-Wint-to-pointer-cast]
     bbtTableChecker = (unsigned char*)(tempBbtBufAddr[dieNo] + blockNo);
                       ^
../src/address_translation.c: In function 'UpdateBadBlockTableForGrownBadBlock':
../src/address_translation.c:394:18: warning: cast to pointer from integer of different size [-Wint-to-pointer-cast]
     bbtUpdater = (unsigned char*)(tempBbtBufAddr[dieNo] + phyBlockNo);
                  ^
../src/address_translation.c: In function 'FindBadBlock':
../src/address_translation.c:456:20: warning: cast to pointer from integer of different size [-Wint-to-pointer-cast]
     markPointer0 = (unsigned char*)(tempReadBufAddr[dieNo] + BAD_BLOCK_MARK_BYTE0);
                    ^
../src/address_translation.c:457:20: warning: cast to pointer from integer of different size [-Wint-to-pointer-cast]
     markPointer1 = (unsigned char*)(tempReadBufAddr[dieNo] + BAD_BLOCK_MARK_BYTE1);
                    ^
../src/address_translation.c:498:20: warning: cast to pointer from integer of different size [-Wint-to-pointer-cast]
     markPointer0 = (unsigned char*)(tempReadBufAddr[dieNo] + BAD_BLOCK_MARK_BYTE0);
                    ^
../src/address_translation.c:499:20: warning: cast to pointer from integer of different size [-Wint-to-pointer-cast]
     markPointer1 = (unsigned char*)(tempReadBufAddr[dieNo] + BAD_BLOCK_MARK_BYTE1);
                    ^
../src/address_translation.c:513:17: warning: cast to pointer from integer of different size [-Wint-to-pointer-cast]
     bbtUpdater= (unsigned char*)(tempBbtBufAddr[dieNo] + phyBlockNo);
                 ^
'Finished building: ../src/address_translation.c'
' '
'Building file: ../src/data_buffer.c'
'Invoking: ARM v8 gcc compiler'
aarch64-none-elf-gcc -Wall -O0 -g3 -c -fmessage-length=0 -MT"src/data_buffer.o" -I../../run-gr3ftl_bsp/psu_cortexa53_0/include -MMD -MP -MF"src/data_buffer.d" -MT"src/data_buffer.o" -o "src/data_buffer.o" "../src/data_buffer.c"
'Finished building: ../src/data_buffer.c'
' '
'Building file: ../src/ftl_config.c'
'Invoking: ARM v8 gcc compiler'
aarch64-none-elf-gcc -Wall -O0 -g3 -c -fmessage-length=0 -MT"src/ftl_config.o" -I../../run-gr3ftl_bsp/psu_cortexa53_0/include -MMD -MP -MF"src/ftl_config.d" -MT"src/ftl_config.o" -o "src/ftl_config.o" "../src/ftl_config.c"
../src/ftl_config.c: In function 'InitChCtlReg':
../src/ftl_config.c:119:21: warning: cast to pointer from integer of different size [-Wint-to-pointer-cast]
   nfc_install_ucode((unsigned int*)NSC_UCODES[i]);
                     ^
../src/ftl_config.c:120:37: warning: cast to pointer from integer of different size [-Wint-to-pointer-cast]
   V2FInitializeHandle(&chCtlReg[i], (void*)NSCS[i]);
                                     ^
../src/ftl_config.c: In function 'InitNandArray':
../src/ftl_config.c:179:35: warning: passing argument 3 of 'V2FReadIdSync' from incompatible pointer type [-Wincompatible-pointer-types]
    V2FReadIdSync(&chCtlReg[i], k, idData);
                                   ^~~~~~
In file included from ../src/ftl_config.h:50,
                 from ../src/data_buffer.h:53,
                 from ../src/memory_map.h:56,
                 from ../src/ftl_config.c:56:
../src/nsc_driver.h:446:59: note: expected 'unsigned int *' but argument is of type 'unsigned char *'
 void V2FReadIdSync(T4REGS* t4regs, int way, unsigned int* statusReport);
                                             ~~~~~~~~~~~~~~^~~~~~~~~~~~
../src/ftl_config.c:180:4: warning: implicit declaration of function 'printf' [-Wimplicit-function-declaration]
    printf("Ch %d Way %d ReadId: ", i, k);
    ^~~~~~
../src/ftl_config.c:180:4: warning: incompatible implicit declaration of built-in function 'printf'
../src/ftl_config.c:180:4: note: include '<stdio.h>' or provide a declaration of 'printf'
../src/ftl_config.c:58:1:
+#include <stdio.h>
 #include "nsc_driver.h"
../src/ftl_config.c:180:4:
    printf("Ch %d Way %d ReadId: ", i, k);
    ^~~~~~
At top level:
../src/ftl_config.c:110:21: warning: 'dq_delay' defined but not used [-Wunused-variable]
 static unsigned int dq_delay[]  = {00, 00, 00, 00};
                     ^~~~~~~~
../src/ftl_config.c:109:21: warning: 'dqs_delay' defined but not used [-Wunused-variable]
 static unsigned int dqs_delay[] = {1099, 1099, 1099, 1099};
                     ^~~~~~~~~
'Finished building: ../src/ftl_config.c'
' '
'Building file: ../src/main.c'
'Invoking: ARM v8 gcc compiler'
aarch64-none-elf-gcc -Wall -O0 -g3 -c -fmessage-length=0 -MT"src/main.o" -I../../run-gr3ftl_bsp/psu_cortexa53_0/include -MMD -MP -MF"src/main.d" -MT"src/main.o" -o "src/main.o" "../src/main.c"
'Finished building: ../src/main.c'
' '
'Building file: ../src/nsc_driver.c'
'Invoking: ARM v8 gcc compiler'
aarch64-none-elf-gcc -Wall -O0 -g3 -c -fmessage-length=0 -MT"src/nsc_driver.o" -I../../run-gr3ftl_bsp/psu_cortexa53_0/include -MMD -MP -MF"src/nsc_driver.d" -MT"src/nsc_driver.o" -o "src/nsc_driver.o" "../src/nsc_driver.c"
../src/nsc_driver.c: In function 'V2FInitializeHandle':
../src/nsc_driver.c:85:32: warning: cast from pointer to integer of different size [-Wpointer-to-int-cast]
  t4regs->t4regID = (T4REG_ID*)((unsigned int)t4nscRegisterBaseAddress + 0);
                                ^
../src/nsc_driver.c:85:20: warning: cast to pointer from integer of different size [-Wint-to-pointer-cast]
  t4regs->t4regID = (T4REG_ID*)((unsigned int)t4nscRegisterBaseAddress + 0);
                    ^
../src/nsc_driver.c:86:34: warning: cast from pointer to integer of different size [-Wpointer-to-int-cast]
  t4regs->t4regCFG = (T4REG_CFG*)((unsigned int)t4nscRegisterBaseAddress + 0x1000);
                                  ^
../src/nsc_driver.c:86:21: warning: cast to pointer from integer of different size [-Wint-to-pointer-cast]
  t4regs->t4regCFG = (T4REG_CFG*)((unsigned int)t4nscRegisterBaseAddress + 0x1000);
                     ^
../src/nsc_driver.c:87:34: warning: cast from pointer to integer of different size [-Wpointer-to-int-cast]
  t4regs->t4regEXT = (T4REG_EXT*)((unsigned int)t4nscRegisterBaseAddress + 0x2000);
                                  ^
../src/nsc_driver.c:87:21: warning: cast to pointer from integer of different size [-Wint-to-pointer-cast]
  t4regs->t4regEXT = (T4REG_EXT*)((unsigned int)t4nscRegisterBaseAddress + 0x2000);
                     ^
../src/nsc_driver.c:88:32: warning: cast from pointer to integer of different size [-Wpointer-to-int-cast]
  t4regs->t4regCC = (T4REG_CC*)((unsigned int)t4nscRegisterBaseAddress + 0x3000);
                                ^
../src/nsc_driver.c:88:20: warning: cast to pointer from integer of different size [-Wint-to-pointer-cast]
  t4regs->t4regCC = (T4REG_CC*)((unsigned int)t4nscRegisterBaseAddress + 0x3000);
                    ^
../src/nsc_driver.c:89:32: warning: cast from pointer to integer of different size [-Wpointer-to-int-cast]
  t4regs->t4regBP = (T4REG_BP*)((unsigned int)t4nscRegisterBaseAddress + 0x3800);
                                ^
../src/nsc_driver.c:89:20: warning: cast to pointer from integer of different size [-Wint-to-pointer-cast]
  t4regs->t4regBP = (T4REG_BP*)((unsigned int)t4nscRegisterBaseAddress + 0x3800);
                    ^
../src/nsc_driver.c:90:32: warning: cast from pointer to integer of different size [-Wpointer-to-int-cast]
  t4regs->t4regSP = (T4REG_SP*)((unsigned int)t4nscRegisterBaseAddress + 0x4000);
                                ^
../src/nsc_driver.c:90:20: warning: cast to pointer from integer of different size [-Wint-to-pointer-cast]
  t4regs->t4regSP = (T4REG_SP*)((unsigned int)t4nscRegisterBaseAddress + 0x4000);
                    ^
../src/nsc_driver.c: In function 'V2FSetFeaturesT':
../src/nsc_driver.c:124:34: warning: cast from pointer to integer of different size [-Wpointer-to-int-cast]
  setFeaturesCmd.payloadAddress = (unsigned int)payload;
                                  ^
../src/nsc_driver.c: In function 'V2FGetReadyBusy':
../src/nsc_driver.c:137:34: warning: cast from pointer to integer of different size [-Wpointer-to-int-cast]
  getReadyBusyCmd.reportAddress = (unsigned int)report;
                                  ^
../src/nsc_driver.c: In function 'V2FSetFeaturesSync':
../src/nsc_driver.c:145:35: warning: cast to pointer from integer of different size [-Wint-to-pointer-cast]
  volatile unsigned int* payload = (unsigned int*)payLoadAddr;
                                   ^
../src/nsc_driver.c:146:34: warning: cast to pointer from integer of different size [-Wint-to-pointer-cast]
  volatile unsigned int* status = (unsigned int*)(payLoadAddr + 4);
                                  ^
../src/nsc_driver.c:154:27: warning: passing argument 2 of 'V2FGetReadyBusy' discards 'volatile' qualifier from pointer target type [-Wdiscarded-qualifiers]
   V2FGetReadyBusy(t4regs, status);
                           ^~~~~~
../src/nsc_driver.c:131:52: note: expected 'unsigned int *' but argument is of type 'volatile unsigned int *'
 void V2FGetReadyBusy(T4REGS* t4regs, unsigned int* report)
                                      ~~~~~~~~~~~~~~^~~~~~
../src/nsc_driver.c:166:27: warning: passing argument 2 of 'V2FGetReadyBusy' discards 'volatile' qualifier from pointer target type [-Wdiscarded-qualifiers]
   V2FGetReadyBusy(t4regs, status);
                           ^~~~~~
../src/nsc_driver.c:131:52: note: expected 'unsigned int *' but argument is of type 'volatile unsigned int *'
 void V2FGetReadyBusy(T4REGS* t4regs, unsigned int* report)
                                      ~~~~~~~~~~~~~~^~~~~~
../src/nsc_driver.c: In function 'V2FReadPageTransferAsync':
../src/nsc_driver.c:207:31: warning: assignment to 'unsigned int' from 'void *' makes integer from pointer without a cast [-Wint-conversion]
  readpagepSLC.pageDataAddress = pageDataBuffer;
                               ^
../src/nsc_driver.c:208:32: warning: assignment to 'unsigned int' from 'void *' makes integer from pointer without a cast [-Wint-conversion]
  readpagepSLC.spareDataAddress = spareDataBuffer;
                                ^
../src/nsc_driver.c:209:32: warning: assignment to 'unsigned int' from 'unsigned int *' makes integer from pointer without a cast [-Wint-conversion]
  readpagepSLC.errorInfoAddress = errorInformation;
                                ^
../src/nsc_driver.c:211:39: warning: assignment to 'unsigned int' from 'unsigned int *' makes integer from pointer without a cast [-Wint-conversion]
  readpagepSLC.completionReportAddress = completion;
                                       ^
../src/nsc_driver.c: In function 'V2FReadPageTransferRawAsync':
../src/nsc_driver.c:226:38: warning: assignment to 'unsigned int' from 'void *' makes integer from pointer without a cast [-Wint-conversion]
  readPageTransferRaw.pageDataAddress = pageDataBuffer;
                                      ^
../src/nsc_driver.c:227:48: warning: cast from pointer to integer of different size [-Wpointer-to-int-cast]
  readPageTransferRaw.completionReportAddress = (unsigned int)completion;
                                                ^
../src/nsc_driver.c: In function 'V2FProgramPageAsync':
../src/nsc_driver.c:243:31: warning: assignment to 'unsigned int' from 'void *' makes integer from pointer without a cast [-Wint-conversion]
  progPagepSLC.pageDataAddress = pageDataBuffer;
                               ^
../src/nsc_driver.c:244:32: warning: assignment to 'unsigned int' from 'void *' makes integer from pointer without a cast [-Wint-conversion]
  progPagepSLC.spareDataAddress = spareDataBuffer;
                                ^
../src/nsc_driver.c: In function 'V2FStatusCheckAsync':
../src/nsc_driver.c:272:32: warning: cast from pointer to integer of different size [-Wpointer-to-int-cast]
  readStatusCmd.reportAddress = (unsigned int)statusReport;
                                ^
../src/nsc_driver.c: In function 'V2FStatusCheckSync':
../src/nsc_driver.c:284:9: warning: this 'while' clause does not guard... [-Wmisleading-indentation]
         while (V2FIsControllerBusy(t4regs));
         ^~~~~
../src/nsc_driver.c:285:3: note: ...this statement, but the latter is misleadingly indented as if it were guarded by the 'while'
   V2FStatusCheckAsync(t4regs, way, statusReport);
   ^~~~~~~~~~~~~~~~~~~
../src/nsc_driver.c:291:9: warning: 'return' with a value, in function returning void
  return *statusReport;
         ^~~~~~~~~~~~~
../src/nsc_driver.c:280:38: note: declared here
 void __attribute__((optimize("O0"))) V2FStatusCheckSync(T4REGS* t4regs, int way, unsigned int* statusReport)
                                      ^~~~~~~~~~~~~~~~~~
../src/nsc_driver.c: In function 'V2FReadIdAsync':
../src/nsc_driver.c:302:28: warning: cast from pointer to integer of different size [-Wpointer-to-int-cast]
  readIdCmd.reportAddress = (unsigned int)statusReport;
                            ^
../src/nsc_driver.c:303:38: warning: cast from pointer to integer of different size [-Wpointer-to-int-cast]
  readIdCmd.completionReportAddress = (unsigned int)completion;
                                      ^
'Finished building: ../src/nsc_driver.c'
' '
'Building file: ../src/nvme_io_cmd_completion.c'
'Invoking: ARM v8 gcc compiler'
aarch64-none-elf-gcc -Wall -O0 -g3 -c -fmessage-length=0 -MT"src/nvme_io_cmd_completion.o" -I../../run-gr3ftl_bsp/psu_cortexa53_0/include -MMD -MP -MF"src/nvme_io_cmd_completion.d" -MT"src/nvme_io_cmd_completion.o" -o "src/nvme_io_cmd_completion.o" "../src/nvme_io_cmd_completion.c"
../src/nvme_io_cmd_completion.c: In function 'CompleteChildDmaReqOfNvmeIoCmd':
../src/nvme_io_cmd_completion.c:207:23: warning: cast from pointer to integer of different size [-Wpointer-to-int-cast]
     set_direct_tx_dma((unsigned int)ocssdMetadataBuffer->d[cmdSlotTag], MPTR[1], MPTR[0], NUMBER_OF_UINT32_IN_OCSSD_METADATA * 4 * 16);
                       ^
'Finished building: ../src/nvme_io_cmd_completion.c'
' '
'Building file: ../src/request_allocation.c'
'Invoking: ARM v8 gcc compiler'
aarch64-none-elf-gcc -Wall -O0 -g3 -c -fmessage-length=0 -MT"src/request_allocation.o" -I../../run-gr3ftl_bsp/psu_cortexa53_0/include -MMD -MP -MF"src/request_allocation.d" -MT"src/request_allocation.o" -o "src/request_allocation.o" "../src/request_allocation.c"
'Finished building: ../src/request_allocation.c'
' '
'Building file: ../src/request_schedule.c'
'Invoking: ARM v8 gcc compiler'
aarch64-none-elf-gcc -Wall -O0 -g3 -c -fmessage-length=0 -MT"src/request_schedule.o" -I../../run-gr3ftl_bsp/psu_cortexa53_0/include -MMD -MP -MF"src/request_schedule.d" -MT"src/request_schedule.o" -o "src/request_schedule.o" "../src/request_schedule.c"
../src/request_schedule.c: In function 'IssueNandReq':
../src/request_schedule.c:643:16: warning: cast to pointer from integer of different size [-Wint-to-pointer-cast]
  dataBufAddr = (void*)GenerateDataBufAddr(reqSlotTag);
                ^
../src/request_schedule.c:644:21: warning: cast to pointer from integer of different size [-Wint-to-pointer-cast]
  spareDataBufAddr = (void*)GenerateSpareDataBufAddr(reqSlotTag);
                     ^
../src/request_schedule.c: In function 'CheckEccErrorInfo':
../src/request_schedule.c:842:27: warning: variable 'errorInfo1' set but not used [-Wunused-but-set-variable]
  unsigned int errorInfo0, errorInfo1, reqSlotTag;
                           ^~~~~~~~~~
../src/request_schedule.c: In function 'ExecuteNandReq':
../src/request_schedule.c:926:18: warning: cast to pointer from integer of different size [-Wint-to-pointer-cast]
       badCheck = (unsigned char*)reqPoolPtr->reqPool[reqSlotTag].dataBufInfo.addr;
                  ^
'Finished building: ../src/request_schedule.c'
' '
'Building file: ../src/request_transform.c'
'Invoking: ARM v8 gcc compiler'
aarch64-none-elf-gcc -Wall -O0 -g3 -c -fmessage-length=0 -MT"src/request_transform.o" -I../../run-gr3ftl_bsp/psu_cortexa53_0/include -MMD -MP -MF"src/request_transform.d" -MT"src/request_transform.o" -o "src/request_transform.o" "../src/request_transform.c"
../src/request_transform.c: In function 'EvictDataBufEntryForOcssdPhyReq':
../src/request_transform.c:157:22: warning: cast to pointer from integer of different size [-Wint-to-pointer-cast]
   spareDataBufAddr = (unsigned int *)GenerateSpareDataBufAddr(reqSlotTag);
                      ^
../src/request_transform.c: In function 'IssueNvmeDmaReq':
../src/request_transform.c:385:21: warning: cast to pointer from integer of different size [-Wint-to-pointer-cast]
   spareDataBuffer = (unsigned int *)(GenerateSpareDataBufAddr(reqSlotTag));
                     ^
'Finished building: ../src/request_transform.c'
' '
'Building target: run-gr3ftl.elf'
'Invoking: ARM v8 gcc linker'
aarch64-none-elf-gcc -Wl,-T -Wl,../src/lscript.ld -L../../run-gr3ftl_bsp/psu_cortexa53_0/lib -o "run-gr3ftl.elf"  ./src/nvme/debug.o ./src/nvme/host_lld.o ./src/nvme/nvme_admin_cmd.o ./src/nvme/nvme_identify.o ./src/nvme/nvme_io_cmd.o ./src/nvme/nvme_main.o ./src/nvme/ocssd_lld.o  ./src/address_translation.o ./src/data_buffer.o ./src/ftl_config.o ./src/main.o ./src/nsc_driver.o ./src/nvme_io_cmd_completion.o ./src/request_allocation.o ./src/request_schedule.o ./src/request_transform.o   -Wl,--start-group,-lxil,-lgcc,-lc,--end-group
'Finished building target: run-gr3ftl.elf'
' '
'Invoking: ARM v8 Print Size'
aarch64-none-elf-size run-gr3ftl.elf  |tee "run-gr3ftl.elf.size"
   text	   data	    bss	    dec	    hex	filename
 159360	  11264	  22064	 192688	  2f0b0	run-gr3ftl.elf
'Finished building: run-gr3ftl.elf.size'
' '
11:03:57 **** Clean-only build of configuration Debug for project run-gr3ftl ****
make clean 
rm -rf  ./src/nvme/debug.o ./src/nvme/host_lld.o ./src/nvme/nvme_admin_cmd.o ./src/nvme/nvme_identify.o ./src/nvme/nvme_io_cmd.o ./src/nvme/nvme_main.o ./src/nvme/ocssd_lld.o  ./src/address_translation.o ./src/data_buffer.o ./src/ftl_config.o ./src/main.o ./src/nsc_driver.o ./src/nvme_io_cmd_completion.o ./src/request_allocation.o ./src/request_schedule.o ./src/request_transform.o  ./src/nvme/debug.d ./src/nvme/host_lld.d ./src/nvme/nvme_admin_cmd.d ./src/nvme/nvme_identify.d ./src/nvme/nvme_io_cmd.d ./src/nvme/nvme_main.d ./src/nvme/ocssd_lld.d  ./src/address_translation.d ./src/data_buffer.d ./src/ftl_config.d ./src/main.d ./src/nsc_driver.d ./src/nvme_io_cmd_completion.d ./src/request_allocation.d ./src/request_schedule.d ./src/request_transform.d  run-gr3ftl.elf.size  run-gr3ftl.elf
' '
11:03:58 **** Clean-only build of project run-gr3ftl_bsp ****
make -k clean 
make -C psu_cortexa53_0/libsrc/axipmon_v6_7/src -s clean 
make -C psu_cortexa53_0/libsrc/bram_v4_3/src -s clean 
make -C psu_cortexa53_0/libsrc/clockps_v1_1/src -s clean 
make -C psu_cortexa53_0/libsrc/coresightps_dcc_v1_5/src -s clean 
make -C psu_cortexa53_0/libsrc/cpu_cortexa53_v1_5/src -s clean 
make -C psu_cortexa53_0/libsrc/csudma_v1_4/src -s clean 
make -C psu_cortexa53_0/libsrc/ddrcpsu_v1_1/src -s clean 
make -C psu_cortexa53_0/libsrc/emacps_v3_9/src -s clean 
make -C psu_cortexa53_0/libsrc/gpiops_v3_5/src -s clean 
make -C psu_cortexa53_0/libsrc/iicps_v3_9/src -s clean 
make -C psu_cortexa53_0/libsrc/ipipsu_v2_5/src -s clean 
make -C psu_cortexa53_0/libsrc/qspipsu_v1_9/src -s clean 
make -C psu_cortexa53_0/libsrc/resetps_v1_2/src -s clean 
make -C psu_cortexa53_0/libsrc/rtcpsu_v1_7/src -s clean 
make -C psu_cortexa53_0/libsrc/scugic_v4_0/src -s clean 
make -C psu_cortexa53_0/libsrc/sdps_v3_7/src -s clean 
make -C psu_cortexa53_0/libsrc/standalone_v7_0/src -s clean 
make -C psu_cortexa53_0/libsrc/sysmonpsu_v2_5/src -s clean 
make -C psu_cortexa53_0/libsrc/uartps_v3_7/src -s clean 
make -C psu_cortexa53_0/libsrc/zdma_v1_7/src -s clean 
rm -f psu_cortexa53_0/lib/libxil.a
