14:28:30 **** Incremental Build of configuration Debug for project nvme_m2 ****
make all 
'Building file: ../src/request_transform.c'
'Invoking: ARM v8 gcc compiler'
aarch64-none-elf-gcc -Wall -O0 -g3 -c -fmessage-length=0 -MT"src/request_transform.o" -I../../nvme_m2_bsp/psu_cortexa53_0/include -MMD -MP -MF"src/request_transform.d" -MT"src/request_transform.o" -o "src/request_transform.o" "../src/request_transform.c"
../src/request_transform.c: In function 'ReqTransNvmeToSlice':
../src/request_transform.c:75:62: warning: suggest parentheses around '+' inside '<<' [-Wparentheses]
  reqPoolPtr->reqPool[reqSlotTag].logicalSliceAddr = startLba + (nsid - 1) << 31;
                                                     ~~~~~~~~~^~~~~~~~~~~~
../src/request_transform.c: In function 'ReqTransSliceToLowLevel':
../src/request_transform.c:150:2: error: #endif without #if
 #endif
  ^~~~~
make: *** [src/subdir.mk:38: src/request_transform.o] Error 1
14:28:51 **** Auto Build of configuration Debug for project nvme_m2 ****
make all 
'Building file: ../src/request_transform.c'
'Invoking: ARM v8 gcc compiler'
aarch64-none-elf-gcc -Wall -O0 -g3 -c -fmessage-length=0 -MT"src/request_transform.o" -I../../nvme_m2_bsp/psu_cortexa53_0/include -MMD -MP -MF"src/request_transform.d" -MT"src/request_transform.o" -o "src/request_transform.o" "../src/request_transform.c"
../src/request_transform.c: In function 'ReqTransNvmeToSlice':
../src/request_transform.c:75:62: warning: suggest parentheses around '+' inside '<<' [-Wparentheses]
  reqPoolPtr->reqPool[reqSlotTag].logicalSliceAddr = startLba + (nsid - 1) << 31;
                                                     ~~~~~~~~~^~~~~~~~~~~~
'Finished building: ../src/request_transform.c'
' '
'Building target: nvme_m2.elf'
'Invoking: ARM v8 gcc linker'
aarch64-none-elf-gcc -Wl,-T -Wl,../src/lscript.ld -L../../nvme_m2_bsp/psu_cortexa53_0/lib -o "nvme_m2.elf"  ./src/pcie/xdmapcie.o  ./src/nvme/debug.o ./src/nvme/host_lld.o ./src/nvme/nvme_admin_cmd.o ./src/nvme/nvme_identify.o ./src/nvme/nvme_io_cmd.o ./src/nvme/nvme_main.o  ./src/data_buffer.o ./src/main.o ./src/request_allocation.o ./src/request_ipc.o ./src/request_schedule.o ./src/request_transform.o   -Wl,--start-group,-lxil,-lgcc,-lc,--end-group
'Finished building target: nvme_m2.elf'
' '
'Invoking: ARM v8 Print Size'
aarch64-none-elf-size nvme_m2.elf  |tee "nvme_m2.elf.size"
   text	   data	    bss	    dec	    hex	filename
 106656	   7856	 267096	 381608	  5d2a8	nvme_m2.elf
'Finished building: nvme_m2.elf.size'
' '
14:29:09 **** Auto Build of configuration Debug for project nvme_m2 ****
make all 
'Building file: ../src/request_transform.c'
'Invoking: ARM v8 gcc compiler'
aarch64-none-elf-gcc -Wall -O0 -g3 -c -fmessage-length=0 -MT"src/request_transform.o" -I../../nvme_m2_bsp/psu_cortexa53_0/include -MMD -MP -MF"src/request_transform.d" -MT"src/request_transform.o" -o "src/request_transform.o" "../src/request_transform.c"
'Finished building: ../src/request_transform.c'
' '
'Building target: nvme_m2.elf'
'Invoking: ARM v8 gcc linker'
aarch64-none-elf-gcc -Wl,-T -Wl,../src/lscript.ld -L../../nvme_m2_bsp/psu_cortexa53_0/lib -o "nvme_m2.elf"  ./src/pcie/xdmapcie.o  ./src/nvme/debug.o ./src/nvme/host_lld.o ./src/nvme/nvme_admin_cmd.o ./src/nvme/nvme_identify.o ./src/nvme/nvme_io_cmd.o ./src/nvme/nvme_main.o  ./src/data_buffer.o ./src/main.o ./src/request_allocation.o ./src/request_ipc.o ./src/request_schedule.o ./src/request_transform.o   -Wl,--start-group,-lxil,-lgcc,-lc,--end-group
'Finished building target: nvme_m2.elf'
' '
'Invoking: ARM v8 Print Size'
aarch64-none-elf-size nvme_m2.elf  |tee "nvme_m2.elf.size"
   text	   data	    bss	    dec	    hex	filename
 106656	   7856	 267096	 381608	  5d2a8	nvme_m2.elf
'Finished building: nvme_m2.elf.size'
' '
14:29:25 **** Incremental Build of configuration Debug for project nvme_m2_core2 ****
make all 
make: Nothing to be done for 'all'.
14:29:31 **** Incremental Build of configuration Debug for project nvme_m2 ****
make all 
make: Nothing to be done for 'all'.
14:29:37 **** Incremental Build of configuration Debug for project nvme_m2_core1 ****
make all 
make: Nothing to be done for 'all'.
19:46:00 **** Incremental Build of configuration Debug for project nvme_m2 ****
make all 
'Building file: ../src/nvme/host_lld.c'
'Invoking: ARM v8 gcc compiler'
aarch64-none-elf-gcc -Wall -O0 -g3 -c -fmessage-length=0 -MT"src/nvme/host_lld.o" -I../../nvme_m2_bsp/psu_cortexa53_0/include -MMD -MP -MF"src/nvme/host_lld.d" -MT"src/nvme/host_lld.o" -o "src/nvme/host_lld.o" "../src/nvme/host_lld.c"
In file included from ../src/nvme/host_lld.c:57:
../src/nvme/host_lld.c: In function 'get_nvme_cmd':
../src/nvme/io_access.h:52:30: warning: cast to pointer from integer of different size [-Wint-to-pointer-cast]
 #define IO_READ32(addr)    *((volatile unsigned int *)(addr))
                              ^
../src/nvme/host_lld.c:257:24: note: in expansion of macro 'IO_READ32'
    *(cmdDword + idx) = IO_READ32(addr + (idx * 4));
                        ^~~~~~~~~
../src/nvme/host_lld.c: In function 'set_io_sq':
../src/nvme/io_access.h:51:34: warning: cast to pointer from integer of different size [-Wint-to-pointer-cast]
 #define IO_WRITE32(addr, val)  *((volatile unsigned int *)(addr)) = val
                                  ^
../src/nvme/host_lld.c:316:2: note: in expansion of macro 'IO_WRITE32'
  IO_WRITE32(addr, nvmeReg.dword[0]);
  ^~~~~~~~~~
../src/nvme/io_access.h:51:34: warning: cast to pointer from integer of different size [-Wint-to-pointer-cast]
 #define IO_WRITE32(addr, val)  *((volatile unsigned int *)(addr)) = val
                                  ^
../src/nvme/host_lld.c:317:2: note: in expansion of macro 'IO_WRITE32'
  IO_WRITE32((addr + 4), nvmeReg.dword[1]);
  ^~~~~~~~~~
../src/nvme/host_lld.c: In function 'set_io_cq':
../src/nvme/io_access.h:51:34: warning: cast to pointer from integer of different size [-Wint-to-pointer-cast]
 #define IO_WRITE32(addr, val)  *((volatile unsigned int *)(addr)) = val
                                  ^
../src/nvme/host_lld.c:333:2: note: in expansion of macro 'IO_WRITE32'
  IO_WRITE32(addr, nvmeReg.dword[0]);
  ^~~~~~~~~~
../src/nvme/io_access.h:51:34: warning: cast to pointer from integer of different size [-Wint-to-pointer-cast]
 #define IO_WRITE32(addr, val)  *((volatile unsigned int *)(addr)) = val
                                  ^
../src/nvme/host_lld.c:334:2: note: in expansion of macro 'IO_WRITE32'
  IO_WRITE32((addr + 4), nvmeReg.dword[1]);
  ^~~~~~~~~~
../src/nvme/host_lld.c: In function 'set_direct_tx_dma':
../src/nvme/host_lld.c:358:64: warning: 'hostDmaReg.<Ua980>.dword[4]' may be used uninitialized in this function [-Wmaybe-uninitialized]
  IO_WRITE32((HOST_DMA_CMD_FIFO_REG_ADDR + 16), hostDmaReg.dword[4]);//slot_modified
                                                                ^
../src/nvme/host_lld.c: In function 'set_direct_rx_dma':
../src/nvme/host_lld.c:383:64: warning: 'hostDmaReg.<Ua980>.dword[4]' may be used uninitialized in this function [-Wmaybe-uninitialized]
  IO_WRITE32((HOST_DMA_CMD_FIFO_REG_ADDR + 16), hostDmaReg.dword[4]);//slot_modified
                                                                ^
'Finished building: ../src/nvme/host_lld.c'
' '
'Building file: ../src/request_transform.c'
'Invoking: ARM v8 gcc compiler'
aarch64-none-elf-gcc -Wall -O0 -g3 -c -fmessage-length=0 -MT"src/request_transform.o" -I../../nvme_m2_bsp/psu_cortexa53_0/include -MMD -MP -MF"src/request_transform.d" -MT"src/request_transform.o" -o "src/request_transform.o" "../src/request_transform.c"
'Finished building: ../src/request_transform.c'
' '
'Building target: nvme_m2.elf'
'Invoking: ARM v8 gcc linker'
aarch64-none-elf-gcc -Wl,-T -Wl,../src/lscript.ld -L../../nvme_m2_bsp/psu_cortexa53_0/lib -o "nvme_m2.elf"  ./src/pcie/xdmapcie.o  ./src/nvme/debug.o ./src/nvme/host_lld.o ./src/nvme/nvme_admin_cmd.o ./src/nvme/nvme_identify.o ./src/nvme/nvme_io_cmd.o ./src/nvme/nvme_main.o  ./src/data_buffer.o ./src/main.o ./src/request_allocation.o ./src/request_ipc.o ./src/request_schedule.o ./src/request_transform.o   -Wl,--start-group,-lxil,-lgcc,-lc,--end-group
'Finished building target: nvme_m2.elf'
' '
'Invoking: ARM v8 Print Size'
aarch64-none-elf-size nvme_m2.elf  |tee "nvme_m2.elf.size"
   text	   data	    bss	    dec	    hex	filename
 106656	   7856	 267096	 381608	  5d2a8	nvme_m2.elf
'Finished building: nvme_m2.elf.size'
' '
19:46:11 **** Incremental Build of configuration Debug for project nvme_m2_core1 ****
make all 
make: Nothing to be done for 'all'.
19:46:13 **** Incremental Build of configuration Debug for project nvme_m2_core2 ****
make all 
make: Nothing to be done for 'all'.
19:46:25 **** Clean-only build of configuration Debug for project nvme_m2 ****
make clean 
rm -rf  ./src/pcie/xdmapcie.o  ./src/nvme/debug.o ./src/nvme/host_lld.o ./src/nvme/nvme_admin_cmd.o ./src/nvme/nvme_identify.o ./src/nvme/nvme_io_cmd.o ./src/nvme/nvme_main.o  ./src/data_buffer.o ./src/main.o ./src/request_allocation.o ./src/request_ipc.o ./src/request_schedule.o ./src/request_transform.o  ./src/pcie/xdmapcie.d  ./src/nvme/debug.d ./src/nvme/host_lld.d ./src/nvme/nvme_admin_cmd.d ./src/nvme/nvme_identify.d ./src/nvme/nvme_io_cmd.d ./src/nvme/nvme_main.d  ./src/data_buffer.d ./src/main.d ./src/request_allocation.d ./src/request_ipc.d ./src/request_schedule.d ./src/request_transform.d  nvme_m2.elf.size  nvme_m2.elf
' '
19:46:25 **** Clean-only build of configuration Debug for project nvme_m2_core1 ****
make clean 
rm -rf  ./src/nvme_rp/drivers/pci/pci-uclass.o  ./src/nvme_rp/drivers/nvme/nvme-uclass.o ./src/nvme_rp/drivers/nvme/nvme.o  ./src/nvme_rp/drivers/core/device.o ./src/nvme_rp/drivers/core/lists.o ./src/nvme_rp/drivers/core/uclass.o  ./src/nvme_rp/drivers/block/blk-uclass.o  ./src/debug.o ./src/main.o ./src/nvme_api.o ./src/nvme_main.o ./src/request_ipc.o  ./src/nvme_rp/drivers/pci/pci-uclass.d  ./src/nvme_rp/drivers/nvme/nvme-uclass.d ./src/nvme_rp/drivers/nvme/nvme.d  ./src/nvme_rp/drivers/core/device.d ./src/nvme_rp/drivers/core/lists.d ./src/nvme_rp/drivers/core/uclass.d  ./src/nvme_rp/drivers/block/blk-uclass.d  ./src/debug.d ./src/main.d ./src/nvme_api.d ./src/nvme_main.d ./src/request_ipc.d  nvme_m2_core1.elf.size  nvme_m2_core1.elf
' '
19:46:26 **** Clean-only build of configuration Debug for project nvme_m2_core2 ****
make clean 
rm -rf  ./src/nvme_rp/drivers/pci/pci-uclass.o  ./src/nvme_rp/drivers/nvme/nvme-uclass.o ./src/nvme_rp/drivers/nvme/nvme.o  ./src/nvme_rp/drivers/core/device.o ./src/nvme_rp/drivers/core/lists.o ./src/nvme_rp/drivers/core/uclass.o  ./src/nvme_rp/drivers/block/blk-uclass.o  ./src/debug.o ./src/main.o ./src/nvme_api.o ./src/nvme_main.o ./src/request_ipc.o  ./src/nvme_rp/drivers/pci/pci-uclass.d  ./src/nvme_rp/drivers/nvme/nvme-uclass.d ./src/nvme_rp/drivers/nvme/nvme.d  ./src/nvme_rp/drivers/core/device.d ./src/nvme_rp/drivers/core/lists.d ./src/nvme_rp/drivers/core/uclass.d  ./src/nvme_rp/drivers/block/blk-uclass.d  ./src/debug.d ./src/main.d ./src/nvme_api.d ./src/nvme_main.d ./src/request_ipc.d  nvme_m2_core2.elf.size  nvme_m2_core2.elf
' '
19:46:27 **** Build of configuration Debug for project nvme_m2 ****
make all 
'Building file: ../src/pcie/xdmapcie.c'
'Invoking: ARM v8 gcc compiler'
aarch64-none-elf-gcc -Wall -O0 -g3 -c -fmessage-length=0 -MT"src/pcie/xdmapcie.o" -I../../nvme_m2_bsp/psu_cortexa53_0/include -MMD -MP -MF"src/pcie/xdmapcie.d" -MT"src/pcie/xdmapcie.o" -o "src/pcie/xdmapcie.o" "../src/pcie/xdmapcie.c"
'Finished building: ../src/pcie/xdmapcie.c'
' '
'Building file: ../src/nvme/debug.c'
'Invoking: ARM v8 gcc compiler'
aarch64-none-elf-gcc -Wall -O0 -g3 -c -fmessage-length=0 -MT"src/nvme/debug.o" -I../../nvme_m2_bsp/psu_cortexa53_0/include -MMD -MP -MF"src/nvme/debug.d" -MT"src/nvme/debug.o" -o "src/nvme/debug.o" "../src/nvme/debug.c"
'Finished building: ../src/nvme/debug.c'
' '
'Building file: ../src/nvme/host_lld.c'
'Invoking: ARM v8 gcc compiler'
aarch64-none-elf-gcc -Wall -O0 -g3 -c -fmessage-length=0 -MT"src/nvme/host_lld.o" -I../../nvme_m2_bsp/psu_cortexa53_0/include -MMD -MP -MF"src/nvme/host_lld.d" -MT"src/nvme/host_lld.o" -o "src/nvme/host_lld.o" "../src/nvme/host_lld.c"
In file included from ../src/nvme/host_lld.c:57:
../src/nvme/host_lld.c: In function 'get_nvme_cmd':
../src/nvme/io_access.h:52:30: warning: cast to pointer from integer of different size [-Wint-to-pointer-cast]
 #define IO_READ32(addr)    *((volatile unsigned int *)(addr))
                              ^
../src/nvme/host_lld.c:257:24: note: in expansion of macro 'IO_READ32'
    *(cmdDword + idx) = IO_READ32(addr + (idx * 4));
                        ^~~~~~~~~
../src/nvme/host_lld.c: In function 'set_io_sq':
../src/nvme/io_access.h:51:34: warning: cast to pointer from integer of different size [-Wint-to-pointer-cast]
 #define IO_WRITE32(addr, val)  *((volatile unsigned int *)(addr)) = val
                                  ^
../src/nvme/host_lld.c:316:2: note: in expansion of macro 'IO_WRITE32'
  IO_WRITE32(addr, nvmeReg.dword[0]);
  ^~~~~~~~~~
../src/nvme/io_access.h:51:34: warning: cast to pointer from integer of different size [-Wint-to-pointer-cast]
 #define IO_WRITE32(addr, val)  *((volatile unsigned int *)(addr)) = val
                                  ^
../src/nvme/host_lld.c:317:2: note: in expansion of macro 'IO_WRITE32'
  IO_WRITE32((addr + 4), nvmeReg.dword[1]);
  ^~~~~~~~~~
../src/nvme/host_lld.c: In function 'set_io_cq':
../src/nvme/io_access.h:51:34: warning: cast to pointer from integer of different size [-Wint-to-pointer-cast]
 #define IO_WRITE32(addr, val)  *((volatile unsigned int *)(addr)) = val
                                  ^
../src/nvme/host_lld.c:333:2: note: in expansion of macro 'IO_WRITE32'
  IO_WRITE32(addr, nvmeReg.dword[0]);
  ^~~~~~~~~~
../src/nvme/io_access.h:51:34: warning: cast to pointer from integer of different size [-Wint-to-pointer-cast]
 #define IO_WRITE32(addr, val)  *((volatile unsigned int *)(addr)) = val
                                  ^
../src/nvme/host_lld.c:334:2: note: in expansion of macro 'IO_WRITE32'
  IO_WRITE32((addr + 4), nvmeReg.dword[1]);
  ^~~~~~~~~~
../src/nvme/host_lld.c: In function 'set_direct_tx_dma':
../src/nvme/host_lld.c:358:64: warning: 'hostDmaReg.<Ua980>.dword[4]' may be used uninitialized in this function [-Wmaybe-uninitialized]
  IO_WRITE32((HOST_DMA_CMD_FIFO_REG_ADDR + 16), hostDmaReg.dword[4]);//slot_modified
                                                                ^
../src/nvme/host_lld.c: In function 'set_direct_rx_dma':
../src/nvme/host_lld.c:383:64: warning: 'hostDmaReg.<Ua980>.dword[4]' may be used uninitialized in this function [-Wmaybe-uninitialized]
  IO_WRITE32((HOST_DMA_CMD_FIFO_REG_ADDR + 16), hostDmaReg.dword[4]);//slot_modified
                                                                ^
'Finished building: ../src/nvme/host_lld.c'
' '
'Building file: ../src/nvme/nvme_admin_cmd.c'
'Invoking: ARM v8 gcc compiler'
aarch64-none-elf-gcc -Wall -O0 -g3 -c -fmessage-length=0 -MT"src/nvme/nvme_admin_cmd.o" -I../../nvme_m2_bsp/psu_cortexa53_0/include -MMD -MP -MF"src/nvme/nvme_admin_cmd.d" -MT"src/nvme/nvme_admin_cmd.o" -o "src/nvme/nvme_admin_cmd.o" "../src/nvme/nvme_admin_cmd.c"
'Finished building: ../src/nvme/nvme_admin_cmd.c'
' '
'Building file: ../src/nvme/nvme_identify.c'
'Invoking: ARM v8 gcc compiler'
aarch64-none-elf-gcc -Wall -O0 -g3 -c -fmessage-length=0 -MT"src/nvme/nvme_identify.o" -I../../nvme_m2_bsp/psu_cortexa53_0/include -MMD -MP -MF"src/nvme/nvme_identify.d" -MT"src/nvme/nvme_identify.o" -o "src/nvme/nvme_identify.o" "../src/nvme/nvme_identify.c"
../src/nvme/nvme_identify.c: In function 'controller_identification':
../src/nvme/nvme_identify.c:64:17: warning: cast to pointer from integer of different size [-Wint-to-pointer-cast]
  identifyCNTL = (ADMIN_IDENTIFY_CONTROLLER*)pBuffer;
                 ^
../src/nvme/nvme_identify.c: In function 'namespace_identification':
../src/nvme/nvme_identify.c:154:15: warning: cast to pointer from integer of different size [-Wint-to-pointer-cast]
  identifyNS = (ADMIN_IDENTIFY_NAMESPACE *)pBuffer;
               ^
../src/nvme/nvme_identify.c: In function 'active_namespace_identification':
../src/nvme/nvme_identify.c:218:18: warning: cast to pointer from integer of different size [-Wint-to-pointer-cast]
     identifyNS = (ADMIN_IDENTIFY_ACTIVE_NAMESPACE *)pBuffer;
                  ^
'Finished building: ../src/nvme/nvme_identify.c'
' '
'Building file: ../src/nvme/nvme_io_cmd.c'
'Invoking: ARM v8 gcc compiler'
aarch64-none-elf-gcc -Wall -O0 -g3 -c -fmessage-length=0 -MT"src/nvme/nvme_io_cmd.o" -I../../nvme_m2_bsp/psu_cortexa53_0/include -MMD -MP -MF"src/nvme/nvme_io_cmd.d" -MT"src/nvme/nvme_io_cmd.o" -o "src/nvme/nvme_io_cmd.o" "../src/nvme/nvme_io_cmd.c"
'Finished building: ../src/nvme/nvme_io_cmd.c'
' '
'Building file: ../src/nvme/nvme_main.c'
'Invoking: ARM v8 gcc compiler'
aarch64-none-elf-gcc -Wall -O0 -g3 -c -fmessage-length=0 -MT"src/nvme/nvme_main.o" -I../../nvme_m2_bsp/psu_cortexa53_0/include -MMD -MP -MF"src/nvme/nvme_main.d" -MT"src/nvme/nvme_main.o" -o "src/nvme/nvme_main.o" "../src/nvme/nvme_main.c"
../src/nvme/nvme_main.c: In function 'nvme_main':
../src/nvme/nvme_main.c:99:10: warning: cast to pointer from integer of different size [-Wint-to-pointer-cast]
         *(u64 *)bar_addr[i] = bar[i];
          ^
../src/nvme/nvme_main.c:104:16: warning: cast to pointer from integer of different size [-Wint-to-pointer-cast]
         while(*(unsigned int *)start_res_addr[i] == 0)
                ^
../src/nvme/nvme_main.c:105:14: warning: cast to pointer from integer of different size [-Wint-to-pointer-cast]
             *(unsigned int *)start_req_addr[i] = 1;
              ^
../src/nvme/nvme_main.c:110:31: warning: cast to pointer from integer of different size [-Wint-to-pointer-cast]
         nvme_m2_storage[i] = *(unsigned int *)storage_info_addr[i];
                               ^
'Finished building: ../src/nvme/nvme_main.c'
' '
'Building file: ../src/data_buffer.c'
'Invoking: ARM v8 gcc compiler'
aarch64-none-elf-gcc -Wall -O0 -g3 -c -fmessage-length=0 -MT"src/data_buffer.o" -I../../nvme_m2_bsp/psu_cortexa53_0/include -MMD -MP -MF"src/data_buffer.d" -MT"src/data_buffer.o" -o "src/data_buffer.o" "../src/data_buffer.c"
'Finished building: ../src/data_buffer.c'
' '
'Building file: ../src/main.c'
'Invoking: ARM v8 gcc compiler'
aarch64-none-elf-gcc -Wall -O0 -g3 -c -fmessage-length=0 -MT"src/main.o" -I../../nvme_m2_bsp/psu_cortexa53_0/include -MMD -MP -MF"src/main.d" -MT"src/main.o" -o "src/main.o" "../src/main.c"
../src/main.c: In function 'main':
../src/main.c:123:10: warning: cast to pointer from integer of different size [-Wint-to-pointer-cast]
         *(unsigned int *)start_req_addr[i]= 0;
          ^
../src/main.c:124:10: warning: cast to pointer from integer of different size [-Wint-to-pointer-cast]
         *(unsigned int *)start_res_addr[i]= 0;
          ^
'Finished building: ../src/main.c'
' '
'Building file: ../src/request_allocation.c'
'Invoking: ARM v8 gcc compiler'
aarch64-none-elf-gcc -Wall -O0 -g3 -c -fmessage-length=0 -MT"src/request_allocation.o" -I../../nvme_m2_bsp/psu_cortexa53_0/include -MMD -MP -MF"src/request_allocation.d" -MT"src/request_allocation.o" -o "src/request_allocation.o" "../src/request_allocation.c"
'Finished building: ../src/request_allocation.c'
' '
'Building file: ../src/request_ipc.c'
'Invoking: ARM v8 gcc compiler'
aarch64-none-elf-gcc -Wall -O0 -g3 -c -fmessage-length=0 -MT"src/request_ipc.o" -I../../nvme_m2_bsp/psu_cortexa53_0/include -MMD -MP -MF"src/request_ipc.d" -MT"src/request_ipc.o" -o "src/request_ipc.o" "../src/request_ipc.c"
../src/request_ipc.c: In function 'SubmitNvmeM2Req':
../src/request_ipc.c:75:59: warning: cast to pointer from integer of different size [-Wint-to-pointer-cast]
     ipcQPtr->queue[chNo][IPC_TYPE_REQ][reqHead].bufAddr = (void *)GenerateDataBufAddr(reqSlotTag);
                                                           ^
'Finished building: ../src/request_ipc.c'
' '
'Building file: ../src/request_schedule.c'
'Invoking: ARM v8 gcc compiler'
aarch64-none-elf-gcc -Wall -O0 -g3 -c -fmessage-length=0 -MT"src/request_schedule.o" -I../../nvme_m2_bsp/psu_cortexa53_0/include -MMD -MP -MF"src/request_schedule.d" -MT"src/request_schedule.o" -o "src/request_schedule.o" "../src/request_schedule.c"
'Finished building: ../src/request_schedule.c'
' '
'Building file: ../src/request_transform.c'
'Invoking: ARM v8 gcc compiler'
aarch64-none-elf-gcc -Wall -O0 -g3 -c -fmessage-length=0 -MT"src/request_transform.o" -I../../nvme_m2_bsp/psu_cortexa53_0/include -MMD -MP -MF"src/request_transform.d" -MT"src/request_transform.o" -o "src/request_transform.o" "../src/request_transform.c"
'Finished building: ../src/request_transform.c'
' '
'Building target: nvme_m2.elf'
'Invoking: ARM v8 gcc linker'
aarch64-none-elf-gcc -Wl,-T -Wl,../src/lscript.ld -L../../nvme_m2_bsp/psu_cortexa53_0/lib -o "nvme_m2.elf"  ./src/pcie/xdmapcie.o  ./src/nvme/debug.o ./src/nvme/host_lld.o ./src/nvme/nvme_admin_cmd.o ./src/nvme/nvme_identify.o ./src/nvme/nvme_io_cmd.o ./src/nvme/nvme_main.o  ./src/data_buffer.o ./src/main.o ./src/request_allocation.o ./src/request_ipc.o ./src/request_schedule.o ./src/request_transform.o   -Wl,--start-group,-lxil,-lgcc,-lc,--end-group
'Finished building target: nvme_m2.elf'
' '
'Invoking: ARM v8 Print Size'
aarch64-none-elf-size nvme_m2.elf  |tee "nvme_m2.elf.size"
   text	   data	    bss	    dec	    hex	filename
 106656	   7856	 267096	 381608	  5d2a8	nvme_m2.elf
'Finished building: nvme_m2.elf.size'
' '
19:46:40 **** Build of configuration Debug for project nvme_m2_core1 ****
make all 
'Building file: ../src/nvme_rp/drivers/pci/pci-uclass.c'
'Invoking: ARM v8 gcc compiler'
aarch64-none-elf-gcc -Wall -O0 -g3 -I"D:\sources\DaisyPlus\NVMe\512bit\DaisyPlus_NVMe_M.2_multicore_19.1_20230314\ps.sdk\nvme_m2_core1\src\nvme_rp\include" -I"D:\sources\DaisyPlus\NVMe\512bit\DaisyPlus_NVMe_M.2_multicore_19.1_20230314\ps.sdk\nvme_m2_core1\src\nvme_rp\include\dm" -c -fmessage-length=0 -MT"src/nvme_rp/drivers/pci/pci-uclass.o" -I../../nvme_m2_core1_bsp/psu_cortexa53_1/include -MMD -MP -MF"src/nvme_rp/drivers/pci/pci-uclass.d" -MT"src/nvme_rp/drivers/pci/pci-uclass.o" -o "src/nvme_rp/drivers/pci/pci-uclass.o" "../src/nvme_rp/drivers/pci/pci-uclass.c"
'Finished building: ../src/nvme_rp/drivers/pci/pci-uclass.c'
' '
'Building file: ../src/nvme_rp/drivers/nvme/nvme-uclass.c'
'Invoking: ARM v8 gcc compiler'
aarch64-none-elf-gcc -Wall -O0 -g3 -I"D:\sources\DaisyPlus\NVMe\512bit\DaisyPlus_NVMe_M.2_multicore_19.1_20230314\ps.sdk\nvme_m2_core1\src\nvme_rp\include" -I"D:\sources\DaisyPlus\NVMe\512bit\DaisyPlus_NVMe_M.2_multicore_19.1_20230314\ps.sdk\nvme_m2_core1\src\nvme_rp\include\dm" -c -fmessage-length=0 -MT"src/nvme_rp/drivers/nvme/nvme-uclass.o" -I../../nvme_m2_core1_bsp/psu_cortexa53_1/include -MMD -MP -MF"src/nvme_rp/drivers/nvme/nvme-uclass.d" -MT"src/nvme_rp/drivers/nvme/nvme-uclass.o" -o "src/nvme_rp/drivers/nvme/nvme-uclass.o" "../src/nvme_rp/drivers/nvme/nvme-uclass.c"
'Finished building: ../src/nvme_rp/drivers/nvme/nvme-uclass.c'
' '
'Building file: ../src/nvme_rp/drivers/nvme/nvme.c'
'Invoking: ARM v8 gcc compiler'
aarch64-none-elf-gcc -Wall -O0 -g3 -I"D:\sources\DaisyPlus\NVMe\512bit\DaisyPlus_NVMe_M.2_multicore_19.1_20230314\ps.sdk\nvme_m2_core1\src\nvme_rp\include" -I"D:\sources\DaisyPlus\NVMe\512bit\DaisyPlus_NVMe_M.2_multicore_19.1_20230314\ps.sdk\nvme_m2_core1\src\nvme_rp\include\dm" -c -fmessage-length=0 -MT"src/nvme_rp/drivers/nvme/nvme.o" -I../../nvme_m2_core1_bsp/psu_cortexa53_1/include -MMD -MP -MF"src/nvme_rp/drivers/nvme/nvme.d" -MT"src/nvme_rp/drivers/nvme/nvme.o" -o "src/nvme_rp/drivers/nvme/nvme.o" "../src/nvme_rp/drivers/nvme/nvme.c"
../src/nvme_rp/drivers/nvme/nvme.c: In function 'nvme_setup_prps':
../src/nvme_rp/drivers/nvme/nvme.c:107:25: warning: cast to pointer from integer of different size [-Wint-to-pointer-cast]
         dev->prp_pool = (long unsigned int *)prp_addr;
                         ^
../src/nvme_rp/drivers/nvme/nvme.c: In function 'nvme_get_info_from_identify':
../src/nvme_rp/drivers/nvme/nvme.c:588:30: warning: cast to pointer from integer of different size [-Wint-to-pointer-cast]
  struct nvme_id_ctrl *ctrl = (struct nvme_id_ctrl *)identify_addr;
                              ^
../src/nvme_rp/drivers/nvme/nvme.c: In function 'nvme_blk_probe':
../src/nvme_rp/drivers/nvme/nvme.c:668:26: warning: cast to pointer from integer of different size [-Wint-to-pointer-cast]
  struct nvme_id_ns *id = (struct nvme_id_ns *)identify_addr;
                          ^
../src/nvme_rp/drivers/nvme/nvme.c: In function 'nvme_probe':
../src/nvme_rp/drivers/nvme/nvme.c:805:19: warning: cast to pointer from integer of different size [-Wint-to-pointer-cast]
  ndev->prp_pool = (long unsigned int *)prp_addr;
                   ^
'Finished building: ../src/nvme_rp/drivers/nvme/nvme.c'
' '
'Building file: ../src/nvme_rp/drivers/core/device.c'
'Invoking: ARM v8 gcc compiler'
aarch64-none-elf-gcc -Wall -O0 -g3 -I"D:\sources\DaisyPlus\NVMe\512bit\DaisyPlus_NVMe_M.2_multicore_19.1_20230314\ps.sdk\nvme_m2_core1\src\nvme_rp\include" -I"D:\sources\DaisyPlus\NVMe\512bit\DaisyPlus_NVMe_M.2_multicore_19.1_20230314\ps.sdk\nvme_m2_core1\src\nvme_rp\include\dm" -c -fmessage-length=0 -MT"src/nvme_rp/drivers/core/device.o" -I../../nvme_m2_core1_bsp/psu_cortexa53_1/include -MMD -MP -MF"src/nvme_rp/drivers/core/device.d" -MT"src/nvme_rp/drivers/core/device.o" -o "src/nvme_rp/drivers/core/device.o" "../src/nvme_rp/drivers/core/device.c"
'Finished building: ../src/nvme_rp/drivers/core/device.c'
' '
'Building file: ../src/nvme_rp/drivers/core/lists.c'
'Invoking: ARM v8 gcc compiler'
aarch64-none-elf-gcc -Wall -O0 -g3 -I"D:\sources\DaisyPlus\NVMe\512bit\DaisyPlus_NVMe_M.2_multicore_19.1_20230314\ps.sdk\nvme_m2_core1\src\nvme_rp\include" -I"D:\sources\DaisyPlus\NVMe\512bit\DaisyPlus_NVMe_M.2_multicore_19.1_20230314\ps.sdk\nvme_m2_core1\src\nvme_rp\include\dm" -c -fmessage-length=0 -MT"src/nvme_rp/drivers/core/lists.o" -I../../nvme_m2_core1_bsp/psu_cortexa53_1/include -MMD -MP -MF"src/nvme_rp/drivers/core/lists.d" -MT"src/nvme_rp/drivers/core/lists.o" -o "src/nvme_rp/drivers/core/lists.o" "../src/nvme_rp/drivers/core/lists.c"
'Finished building: ../src/nvme_rp/drivers/core/lists.c'
' '
'Building file: ../src/nvme_rp/drivers/core/uclass.c'
'Invoking: ARM v8 gcc compiler'
aarch64-none-elf-gcc -Wall -O0 -g3 -I"D:\sources\DaisyPlus\NVMe\512bit\DaisyPlus_NVMe_M.2_multicore_19.1_20230314\ps.sdk\nvme_m2_core1\src\nvme_rp\include" -I"D:\sources\DaisyPlus\NVMe\512bit\DaisyPlus_NVMe_M.2_multicore_19.1_20230314\ps.sdk\nvme_m2_core1\src\nvme_rp\include\dm" -c -fmessage-length=0 -MT"src/nvme_rp/drivers/core/uclass.o" -I../../nvme_m2_core1_bsp/psu_cortexa53_1/include -MMD -MP -MF"src/nvme_rp/drivers/core/uclass.d" -MT"src/nvme_rp/drivers/core/uclass.o" -o "src/nvme_rp/drivers/core/uclass.o" "../src/nvme_rp/drivers/core/uclass.c"
'Finished building: ../src/nvme_rp/drivers/core/uclass.c'
' '
'Building file: ../src/nvme_rp/drivers/block/blk-uclass.c'
'Invoking: ARM v8 gcc compiler'
aarch64-none-elf-gcc -Wall -O0 -g3 -I"D:\sources\DaisyPlus\NVMe\512bit\DaisyPlus_NVMe_M.2_multicore_19.1_20230314\ps.sdk\nvme_m2_core1\src\nvme_rp\include" -I"D:\sources\DaisyPlus\NVMe\512bit\DaisyPlus_NVMe_M.2_multicore_19.1_20230314\ps.sdk\nvme_m2_core1\src\nvme_rp\include\dm" -c -fmessage-length=0 -MT"src/nvme_rp/drivers/block/blk-uclass.o" -I../../nvme_m2_core1_bsp/psu_cortexa53_1/include -MMD -MP -MF"src/nvme_rp/drivers/block/blk-uclass.d" -MT"src/nvme_rp/drivers/block/blk-uclass.o" -o "src/nvme_rp/drivers/block/blk-uclass.o" "../src/nvme_rp/drivers/block/blk-uclass.c"
'Finished building: ../src/nvme_rp/drivers/block/blk-uclass.c'
' '
'Building file: ../src/debug.c'
'Invoking: ARM v8 gcc compiler'
aarch64-none-elf-gcc -Wall -O0 -g3 -I"D:\sources\DaisyPlus\NVMe\512bit\DaisyPlus_NVMe_M.2_multicore_19.1_20230314\ps.sdk\nvme_m2_core1\src\nvme_rp\include" -I"D:\sources\DaisyPlus\NVMe\512bit\DaisyPlus_NVMe_M.2_multicore_19.1_20230314\ps.sdk\nvme_m2_core1\src\nvme_rp\include\dm" -c -fmessage-length=0 -MT"src/debug.o" -I../../nvme_m2_core1_bsp/psu_cortexa53_1/include -MMD -MP -MF"src/debug.d" -MT"src/debug.o" -o "src/debug.o" "../src/debug.c"
'Finished building: ../src/debug.c'
' '
'Building file: ../src/main.c'
'Invoking: ARM v8 gcc compiler'
aarch64-none-elf-gcc -Wall -O0 -g3 -I"D:\sources\DaisyPlus\NVMe\512bit\DaisyPlus_NVMe_M.2_multicore_19.1_20230314\ps.sdk\nvme_m2_core1\src\nvme_rp\include" -I"D:\sources\DaisyPlus\NVMe\512bit\DaisyPlus_NVMe_M.2_multicore_19.1_20230314\ps.sdk\nvme_m2_core1\src\nvme_rp\include\dm" -c -fmessage-length=0 -MT"src/main.o" -I../../nvme_m2_core1_bsp/psu_cortexa53_1/include -MMD -MP -MF"src/main.d" -MT"src/main.o" -o "src/main.o" "../src/main.c"
../src/main.c: In function 'main':
../src/main.c:105:6: warning: cast to pointer from integer of different size [-Wint-to-pointer-cast]
     *(unsigned int *)start_req_addr = 0;
      ^
../src/main.c:106:6: warning: cast to pointer from integer of different size [-Wint-to-pointer-cast]
     *(unsigned int *)start_res_addr = 0;
      ^
../src/main.c:109:12: warning: cast to pointer from integer of different size [-Wint-to-pointer-cast]
     while(*(unsigned int *)start_req_addr == 0)
            ^
'Finished building: ../src/main.c'
' '
'Building file: ../src/nvme_api.c'
'Invoking: ARM v8 gcc compiler'
aarch64-none-elf-gcc -Wall -O0 -g3 -I"D:\sources\DaisyPlus\NVMe\512bit\DaisyPlus_NVMe_M.2_multicore_19.1_20230314\ps.sdk\nvme_m2_core1\src\nvme_rp\include" -I"D:\sources\DaisyPlus\NVMe\512bit\DaisyPlus_NVMe_M.2_multicore_19.1_20230314\ps.sdk\nvme_m2_core1\src\nvme_rp\include\dm" -c -fmessage-length=0 -MT"src/nvme_api.o" -I../../nvme_m2_core1_bsp/psu_cortexa53_1/include -MMD -MP -MF"src/nvme_api.d" -MT"src/nvme_api.o" -o "src/nvme_api.o" "../src/nvme_api.c"
'Finished building: ../src/nvme_api.c'
' '
'Building file: ../src/nvme_main.c'
'Invoking: ARM v8 gcc compiler'
aarch64-none-elf-gcc -Wall -O0 -g3 -I"D:\sources\DaisyPlus\NVMe\512bit\DaisyPlus_NVMe_M.2_multicore_19.1_20230314\ps.sdk\nvme_m2_core1\src\nvme_rp\include" -I"D:\sources\DaisyPlus\NVMe\512bit\DaisyPlus_NVMe_M.2_multicore_19.1_20230314\ps.sdk\nvme_m2_core1\src\nvme_rp\include\dm" -c -fmessage-length=0 -MT"src/nvme_main.o" -I../../nvme_m2_core1_bsp/psu_cortexa53_1/include -MMD -MP -MF"src/nvme_main.d" -MT"src/nvme_main.o" -o "src/nvme_main.o" "../src/nvme_main.c"
../src/nvme_main.c: In function 'nvme_main':
../src/nvme_main.c:82:12: warning: cast to pointer from integer of different size [-Wint-to-pointer-cast]
     bar = *(u64 *)bar_addr;
            ^
../src/nvme_main.c:88:3: warning: cast to pointer from integer of different size [-Wint-to-pointer-cast]
  *(unsigned int *)storage_info_addr = nvme_m2_storage;
   ^
../src/nvme_main.c:89:6: warning: cast to pointer from integer of different size [-Wint-to-pointer-cast]
     *(unsigned int *)start_res_addr = 1;
      ^
'Finished building: ../src/nvme_main.c'
' '
'Building file: ../src/request_ipc.c'
'Invoking: ARM v8 gcc compiler'
aarch64-none-elf-gcc -Wall -O0 -g3 -I"D:\sources\DaisyPlus\NVMe\512bit\DaisyPlus_NVMe_M.2_multicore_19.1_20230314\ps.sdk\nvme_m2_core1\src\nvme_rp\include" -I"D:\sources\DaisyPlus\NVMe\512bit\DaisyPlus_NVMe_M.2_multicore_19.1_20230314\ps.sdk\nvme_m2_core1\src\nvme_rp\include\dm" -c -fmessage-length=0 -MT"src/request_ipc.o" -I../../nvme_m2_core1_bsp/psu_cortexa53_1/include -MMD -MP -MF"src/request_ipc.d" -MT"src/request_ipc.o" -o "src/request_ipc.o" "../src/request_ipc.c"
../src/request_ipc.c: In function 'ProcessNvmeM2Req':
../src/request_ipc.c:77:17: warning: assignment to 'u64' {aka 'long unsigned int'} from 'void *' makes integer from pointer without a cast [-Wint-conversion]
         DstAddr = ipcQPtr->queue[cpuId][IPC_TYPE_REQ][reqTail].bufAddr;
                 ^
../src/request_ipc.c:97:62: warning: assignment to 'void *' from 'u64' {aka 'long unsigned int'} makes pointer from integer without a cast [-Wint-conversion]
         ipcQPtr->queue[cpuId][IPC_TYPE_RES][resHead].bufAddr = DstAddr;
                                                              ^
'Finished building: ../src/request_ipc.c'
' '
'Building target: nvme_m2_core1.elf'
'Invoking: ARM v8 gcc linker'
aarch64-none-elf-gcc -Wl,-T -Wl,../src/lscript.ld -L../../nvme_m2_core1_bsp/psu_cortexa53_1/lib -o "nvme_m2_core1.elf"  ./src/nvme_rp/drivers/pci/pci-uclass.o  ./src/nvme_rp/drivers/nvme/nvme-uclass.o ./src/nvme_rp/drivers/nvme/nvme.o  ./src/nvme_rp/drivers/core/device.o ./src/nvme_rp/drivers/core/lists.o ./src/nvme_rp/drivers/core/uclass.o  ./src/nvme_rp/drivers/block/blk-uclass.o  ./src/debug.o ./src/main.o ./src/nvme_api.o ./src/nvme_main.o ./src/request_ipc.o   -Wl,--start-group,-lxil,-lgcc,-lc,--end-group
'Finished building target: nvme_m2_core1.elf'
' '
'Invoking: ARM v8 Print Size'
aarch64-none-elf-size nvme_m2_core1.elf  |tee "nvme_m2_core1.elf.size"
   text	   data	    bss	    dec	    hex	filename
  88040	   5176	 266584	 359800	  57d78	nvme_m2_core1.elf
'Finished building: nvme_m2_core1.elf.size'
' '
19:46:51 **** Build of configuration Debug for project nvme_m2_core2 ****
make all 
'Building file: ../src/nvme_rp/drivers/pci/pci-uclass.c'
'Invoking: ARM v8 gcc compiler'
aarch64-none-elf-gcc -Wall -O0 -g3 -I"D:\sources\DaisyPlus\NVMe\512bit\DaisyPlus_NVMe_M.2_multicore_19.1_20230314\ps.sdk\nvme_m2_core2\src\nvme_rp\include\dm" -I"D:\sources\DaisyPlus\NVMe\512bit\DaisyPlus_NVMe_M.2_multicore_19.1_20230314\ps.sdk\nvme_m2_core2\src\nvme_rp\include" -c -fmessage-length=0 -MT"src/nvme_rp/drivers/pci/pci-uclass.o" -I../../nvme_m2_core2_bsp/psu_cortexa53_2/include -MMD -MP -MF"src/nvme_rp/drivers/pci/pci-uclass.d" -MT"src/nvme_rp/drivers/pci/pci-uclass.o" -o "src/nvme_rp/drivers/pci/pci-uclass.o" "../src/nvme_rp/drivers/pci/pci-uclass.c"
'Finished building: ../src/nvme_rp/drivers/pci/pci-uclass.c'
' '
'Building file: ../src/nvme_rp/drivers/nvme/nvme-uclass.c'
'Invoking: ARM v8 gcc compiler'
aarch64-none-elf-gcc -Wall -O0 -g3 -I"D:\sources\DaisyPlus\NVMe\512bit\DaisyPlus_NVMe_M.2_multicore_19.1_20230314\ps.sdk\nvme_m2_core2\src\nvme_rp\include\dm" -I"D:\sources\DaisyPlus\NVMe\512bit\DaisyPlus_NVMe_M.2_multicore_19.1_20230314\ps.sdk\nvme_m2_core2\src\nvme_rp\include" -c -fmessage-length=0 -MT"src/nvme_rp/drivers/nvme/nvme-uclass.o" -I../../nvme_m2_core2_bsp/psu_cortexa53_2/include -MMD -MP -MF"src/nvme_rp/drivers/nvme/nvme-uclass.d" -MT"src/nvme_rp/drivers/nvme/nvme-uclass.o" -o "src/nvme_rp/drivers/nvme/nvme-uclass.o" "../src/nvme_rp/drivers/nvme/nvme-uclass.c"
'Finished building: ../src/nvme_rp/drivers/nvme/nvme-uclass.c'
' '
'Building file: ../src/nvme_rp/drivers/nvme/nvme.c'
'Invoking: ARM v8 gcc compiler'
aarch64-none-elf-gcc -Wall -O0 -g3 -I"D:\sources\DaisyPlus\NVMe\512bit\DaisyPlus_NVMe_M.2_multicore_19.1_20230314\ps.sdk\nvme_m2_core2\src\nvme_rp\include\dm" -I"D:\sources\DaisyPlus\NVMe\512bit\DaisyPlus_NVMe_M.2_multicore_19.1_20230314\ps.sdk\nvme_m2_core2\src\nvme_rp\include" -c -fmessage-length=0 -MT"src/nvme_rp/drivers/nvme/nvme.o" -I../../nvme_m2_core2_bsp/psu_cortexa53_2/include -MMD -MP -MF"src/nvme_rp/drivers/nvme/nvme.d" -MT"src/nvme_rp/drivers/nvme/nvme.o" -o "src/nvme_rp/drivers/nvme/nvme.o" "../src/nvme_rp/drivers/nvme/nvme.c"
../src/nvme_rp/drivers/nvme/nvme.c: In function 'nvme_setup_prps':
../src/nvme_rp/drivers/nvme/nvme.c:107:25: warning: cast to pointer from integer of different size [-Wint-to-pointer-cast]
         dev->prp_pool = (long unsigned int *)prp_addr;
                         ^
../src/nvme_rp/drivers/nvme/nvme.c: In function 'nvme_get_info_from_identify':
../src/nvme_rp/drivers/nvme/nvme.c:588:30: warning: cast to pointer from integer of different size [-Wint-to-pointer-cast]
  struct nvme_id_ctrl *ctrl = (struct nvme_id_ctrl *)identify_addr;
                              ^
../src/nvme_rp/drivers/nvme/nvme.c: In function 'nvme_blk_probe':
../src/nvme_rp/drivers/nvme/nvme.c:668:26: warning: cast to pointer from integer of different size [-Wint-to-pointer-cast]
  struct nvme_id_ns *id = (struct nvme_id_ns *)identify_addr;
                          ^
../src/nvme_rp/drivers/nvme/nvme.c: In function 'nvme_probe':
../src/nvme_rp/drivers/nvme/nvme.c:805:19: warning: cast to pointer from integer of different size [-Wint-to-pointer-cast]
  ndev->prp_pool = (long unsigned int *)prp_addr;
                   ^
'Finished building: ../src/nvme_rp/drivers/nvme/nvme.c'
' '
'Building file: ../src/nvme_rp/drivers/core/device.c'
'Invoking: ARM v8 gcc compiler'
aarch64-none-elf-gcc -Wall -O0 -g3 -I"D:\sources\DaisyPlus\NVMe\512bit\DaisyPlus_NVMe_M.2_multicore_19.1_20230314\ps.sdk\nvme_m2_core2\src\nvme_rp\include\dm" -I"D:\sources\DaisyPlus\NVMe\512bit\DaisyPlus_NVMe_M.2_multicore_19.1_20230314\ps.sdk\nvme_m2_core2\src\nvme_rp\include" -c -fmessage-length=0 -MT"src/nvme_rp/drivers/core/device.o" -I../../nvme_m2_core2_bsp/psu_cortexa53_2/include -MMD -MP -MF"src/nvme_rp/drivers/core/device.d" -MT"src/nvme_rp/drivers/core/device.o" -o "src/nvme_rp/drivers/core/device.o" "../src/nvme_rp/drivers/core/device.c"
'Finished building: ../src/nvme_rp/drivers/core/device.c'
' '
'Building file: ../src/nvme_rp/drivers/core/lists.c'
'Invoking: ARM v8 gcc compiler'
aarch64-none-elf-gcc -Wall -O0 -g3 -I"D:\sources\DaisyPlus\NVMe\512bit\DaisyPlus_NVMe_M.2_multicore_19.1_20230314\ps.sdk\nvme_m2_core2\src\nvme_rp\include\dm" -I"D:\sources\DaisyPlus\NVMe\512bit\DaisyPlus_NVMe_M.2_multicore_19.1_20230314\ps.sdk\nvme_m2_core2\src\nvme_rp\include" -c -fmessage-length=0 -MT"src/nvme_rp/drivers/core/lists.o" -I../../nvme_m2_core2_bsp/psu_cortexa53_2/include -MMD -MP -MF"src/nvme_rp/drivers/core/lists.d" -MT"src/nvme_rp/drivers/core/lists.o" -o "src/nvme_rp/drivers/core/lists.o" "../src/nvme_rp/drivers/core/lists.c"
'Finished building: ../src/nvme_rp/drivers/core/lists.c'
' '
'Building file: ../src/nvme_rp/drivers/core/uclass.c'
'Invoking: ARM v8 gcc compiler'
aarch64-none-elf-gcc -Wall -O0 -g3 -I"D:\sources\DaisyPlus\NVMe\512bit\DaisyPlus_NVMe_M.2_multicore_19.1_20230314\ps.sdk\nvme_m2_core2\src\nvme_rp\include\dm" -I"D:\sources\DaisyPlus\NVMe\512bit\DaisyPlus_NVMe_M.2_multicore_19.1_20230314\ps.sdk\nvme_m2_core2\src\nvme_rp\include" -c -fmessage-length=0 -MT"src/nvme_rp/drivers/core/uclass.o" -I../../nvme_m2_core2_bsp/psu_cortexa53_2/include -MMD -MP -MF"src/nvme_rp/drivers/core/uclass.d" -MT"src/nvme_rp/drivers/core/uclass.o" -o "src/nvme_rp/drivers/core/uclass.o" "../src/nvme_rp/drivers/core/uclass.c"
'Finished building: ../src/nvme_rp/drivers/core/uclass.c'
' '
'Building file: ../src/nvme_rp/drivers/block/blk-uclass.c'
'Invoking: ARM v8 gcc compiler'
aarch64-none-elf-gcc -Wall -O0 -g3 -I"D:\sources\DaisyPlus\NVMe\512bit\DaisyPlus_NVMe_M.2_multicore_19.1_20230314\ps.sdk\nvme_m2_core2\src\nvme_rp\include\dm" -I"D:\sources\DaisyPlus\NVMe\512bit\DaisyPlus_NVMe_M.2_multicore_19.1_20230314\ps.sdk\nvme_m2_core2\src\nvme_rp\include" -c -fmessage-length=0 -MT"src/nvme_rp/drivers/block/blk-uclass.o" -I../../nvme_m2_core2_bsp/psu_cortexa53_2/include -MMD -MP -MF"src/nvme_rp/drivers/block/blk-uclass.d" -MT"src/nvme_rp/drivers/block/blk-uclass.o" -o "src/nvme_rp/drivers/block/blk-uclass.o" "../src/nvme_rp/drivers/block/blk-uclass.c"
'Finished building: ../src/nvme_rp/drivers/block/blk-uclass.c'
' '
'Building file: ../src/debug.c'
'Invoking: ARM v8 gcc compiler'
aarch64-none-elf-gcc -Wall -O0 -g3 -I"D:\sources\DaisyPlus\NVMe\512bit\DaisyPlus_NVMe_M.2_multicore_19.1_20230314\ps.sdk\nvme_m2_core2\src\nvme_rp\include\dm" -I"D:\sources\DaisyPlus\NVMe\512bit\DaisyPlus_NVMe_M.2_multicore_19.1_20230314\ps.sdk\nvme_m2_core2\src\nvme_rp\include" -c -fmessage-length=0 -MT"src/debug.o" -I../../nvme_m2_core2_bsp/psu_cortexa53_2/include -MMD -MP -MF"src/debug.d" -MT"src/debug.o" -o "src/debug.o" "../src/debug.c"
'Finished building: ../src/debug.c'
' '
'Building file: ../src/main.c'
'Invoking: ARM v8 gcc compiler'
aarch64-none-elf-gcc -Wall -O0 -g3 -I"D:\sources\DaisyPlus\NVMe\512bit\DaisyPlus_NVMe_M.2_multicore_19.1_20230314\ps.sdk\nvme_m2_core2\src\nvme_rp\include\dm" -I"D:\sources\DaisyPlus\NVMe\512bit\DaisyPlus_NVMe_M.2_multicore_19.1_20230314\ps.sdk\nvme_m2_core2\src\nvme_rp\include" -c -fmessage-length=0 -MT"src/main.o" -I../../nvme_m2_core2_bsp/psu_cortexa53_2/include -MMD -MP -MF"src/main.d" -MT"src/main.o" -o "src/main.o" "../src/main.c"
../src/main.c: In function 'main':
../src/main.c:105:6: warning: cast to pointer from integer of different size [-Wint-to-pointer-cast]
     *(unsigned int *)start_req_addr = 0;
      ^
../src/main.c:106:6: warning: cast to pointer from integer of different size [-Wint-to-pointer-cast]
     *(unsigned int *)start_res_addr = 0;
      ^
../src/main.c:109:12: warning: cast to pointer from integer of different size [-Wint-to-pointer-cast]
     while(*(unsigned int *)start_req_addr == 0)
            ^
'Finished building: ../src/main.c'
' '
'Building file: ../src/nvme_api.c'
'Invoking: ARM v8 gcc compiler'
aarch64-none-elf-gcc -Wall -O0 -g3 -I"D:\sources\DaisyPlus\NVMe\512bit\DaisyPlus_NVMe_M.2_multicore_19.1_20230314\ps.sdk\nvme_m2_core2\src\nvme_rp\include\dm" -I"D:\sources\DaisyPlus\NVMe\512bit\DaisyPlus_NVMe_M.2_multicore_19.1_20230314\ps.sdk\nvme_m2_core2\src\nvme_rp\include" -c -fmessage-length=0 -MT"src/nvme_api.o" -I../../nvme_m2_core2_bsp/psu_cortexa53_2/include -MMD -MP -MF"src/nvme_api.d" -MT"src/nvme_api.o" -o "src/nvme_api.o" "../src/nvme_api.c"
'Finished building: ../src/nvme_api.c'
' '
'Building file: ../src/nvme_main.c'
'Invoking: ARM v8 gcc compiler'
aarch64-none-elf-gcc -Wall -O0 -g3 -I"D:\sources\DaisyPlus\NVMe\512bit\DaisyPlus_NVMe_M.2_multicore_19.1_20230314\ps.sdk\nvme_m2_core2\src\nvme_rp\include\dm" -I"D:\sources\DaisyPlus\NVMe\512bit\DaisyPlus_NVMe_M.2_multicore_19.1_20230314\ps.sdk\nvme_m2_core2\src\nvme_rp\include" -c -fmessage-length=0 -MT"src/nvme_main.o" -I../../nvme_m2_core2_bsp/psu_cortexa53_2/include -MMD -MP -MF"src/nvme_main.d" -MT"src/nvme_main.o" -o "src/nvme_main.o" "../src/nvme_main.c"
../src/nvme_main.c: In function 'nvme_main':
../src/nvme_main.c:82:12: warning: cast to pointer from integer of different size [-Wint-to-pointer-cast]
     bar = *(u64 *)bar_addr;
            ^
../src/nvme_main.c:88:3: warning: cast to pointer from integer of different size [-Wint-to-pointer-cast]
  *(unsigned int *)storage_info_addr = nvme_m2_storage;
   ^
../src/nvme_main.c:89:6: warning: cast to pointer from integer of different size [-Wint-to-pointer-cast]
     *(unsigned int *)start_res_addr = 1;
      ^
'Finished building: ../src/nvme_main.c'
' '
'Building file: ../src/request_ipc.c'
'Invoking: ARM v8 gcc compiler'
aarch64-none-elf-gcc -Wall -O0 -g3 -I"D:\sources\DaisyPlus\NVMe\512bit\DaisyPlus_NVMe_M.2_multicore_19.1_20230314\ps.sdk\nvme_m2_core2\src\nvme_rp\include\dm" -I"D:\sources\DaisyPlus\NVMe\512bit\DaisyPlus_NVMe_M.2_multicore_19.1_20230314\ps.sdk\nvme_m2_core2\src\nvme_rp\include" -c -fmessage-length=0 -MT"src/request_ipc.o" -I../../nvme_m2_core2_bsp/psu_cortexa53_2/include -MMD -MP -MF"src/request_ipc.d" -MT"src/request_ipc.o" -o "src/request_ipc.o" "../src/request_ipc.c"
../src/request_ipc.c: In function 'ProcessNvmeM2Req':
../src/request_ipc.c:77:17: warning: assignment to 'u64' {aka 'long unsigned int'} from 'void *' makes integer from pointer without a cast [-Wint-conversion]
         DstAddr = ipcQPtr->queue[cpuId][IPC_TYPE_REQ][reqTail].bufAddr;
                 ^
../src/request_ipc.c:97:62: warning: assignment to 'void *' from 'u64' {aka 'long unsigned int'} makes pointer from integer without a cast [-Wint-conversion]
         ipcQPtr->queue[cpuId][IPC_TYPE_RES][resHead].bufAddr = DstAddr;
                                                              ^
'Finished building: ../src/request_ipc.c'
' '
'Building target: nvme_m2_core2.elf'
'Invoking: ARM v8 gcc linker'
aarch64-none-elf-gcc -Wl,-T -Wl,../src/lscript.ld -L../../nvme_m2_core2_bsp/psu_cortexa53_2/lib -o "nvme_m2_core2.elf"  ./src/nvme_rp/drivers/pci/pci-uclass.o  ./src/nvme_rp/drivers/nvme/nvme-uclass.o ./src/nvme_rp/drivers/nvme/nvme.o  ./src/nvme_rp/drivers/core/device.o ./src/nvme_rp/drivers/core/lists.o ./src/nvme_rp/drivers/core/uclass.o  ./src/nvme_rp/drivers/block/blk-uclass.o  ./src/debug.o ./src/main.o ./src/nvme_api.o ./src/nvme_main.o ./src/request_ipc.o   -Wl,--start-group,-lxil,-lgcc,-lc,--end-group
'Finished building target: nvme_m2_core2.elf'
' '
'Invoking: ARM v8 Print Size'
aarch64-none-elf-size nvme_m2_core2.elf  |tee "nvme_m2_core2.elf.size"
   text	   data	    bss	    dec	    hex	filename
  88040	   5176	 266584	 359800	  57d78	nvme_m2_core2.elf
'Finished building: nvme_m2_core2.elf.size'
' '
19:48:41 **** Auto Build of configuration Debug for project nvme_m2_core2 ****
make all 
'Building file: ../src/request_ipc.c'
'Invoking: ARM v8 gcc compiler'
aarch64-none-elf-gcc -Wall -O0 -g3 -I"D:\sources\DaisyPlus\NVMe\512bit\DaisyPlus_NVMe_M.2_multicore_19.1_20230314\ps.sdk\nvme_m2_core2\src\nvme_rp\include\dm" -I"D:\sources\DaisyPlus\NVMe\512bit\DaisyPlus_NVMe_M.2_multicore_19.1_20230314\ps.sdk\nvme_m2_core2\src\nvme_rp\include" -c -fmessage-length=0 -MT"src/request_ipc.o" -I../../nvme_m2_core2_bsp/psu_cortexa53_2/include -MMD -MP -MF"src/request_ipc.d" -MT"src/request_ipc.o" -o "src/request_ipc.o" "../src/request_ipc.c"
'Finished building: ../src/request_ipc.c'
' '
'Building target: nvme_m2_core2.elf'
'Invoking: ARM v8 gcc linker'
aarch64-none-elf-gcc -Wl,-T -Wl,../src/lscript.ld -L../../nvme_m2_core2_bsp/psu_cortexa53_2/lib -o "nvme_m2_core2.elf"  ./src/nvme_rp/drivers/pci/pci-uclass.o  ./src/nvme_rp/drivers/nvme/nvme-uclass.o ./src/nvme_rp/drivers/nvme/nvme.o  ./src/nvme_rp/drivers/core/device.o ./src/nvme_rp/drivers/core/lists.o ./src/nvme_rp/drivers/core/uclass.o  ./src/nvme_rp/drivers/block/blk-uclass.o  ./src/debug.o ./src/main.o ./src/nvme_api.o ./src/nvme_main.o ./src/request_ipc.o   -Wl,--start-group,-lxil,-lgcc,-lc,--end-group
'Finished building target: nvme_m2_core2.elf'
' '
'Invoking: ARM v8 Print Size'
aarch64-none-elf-size nvme_m2_core2.elf  |tee "nvme_m2_core2.elf.size"
   text	   data	    bss	    dec	    hex	filename
  88040	   5176	 266584	 359800	  57d78	nvme_m2_core2.elf
'Finished building: nvme_m2_core2.elf.size'
' '
19:49:03 **** Auto Build of configuration Debug for project nvme_m2_core1 ****
make all 
'Building file: ../src/request_ipc.c'
'Invoking: ARM v8 gcc compiler'
aarch64-none-elf-gcc -Wall -O0 -g3 -I"D:\sources\DaisyPlus\NVMe\512bit\DaisyPlus_NVMe_M.2_multicore_19.1_20230314\ps.sdk\nvme_m2_core1\src\nvme_rp\include" -I"D:\sources\DaisyPlus\NVMe\512bit\DaisyPlus_NVMe_M.2_multicore_19.1_20230314\ps.sdk\nvme_m2_core1\src\nvme_rp\include\dm" -c -fmessage-length=0 -MT"src/request_ipc.o" -I../../nvme_m2_core1_bsp/psu_cortexa53_1/include -MMD -MP -MF"src/request_ipc.d" -MT"src/request_ipc.o" -o "src/request_ipc.o" "../src/request_ipc.c"
'Finished building: ../src/request_ipc.c'
' '
'Building target: nvme_m2_core1.elf'
'Invoking: ARM v8 gcc linker'
aarch64-none-elf-gcc -Wl,-T -Wl,../src/lscript.ld -L../../nvme_m2_core1_bsp/psu_cortexa53_1/lib -o "nvme_m2_core1.elf"  ./src/nvme_rp/drivers/pci/pci-uclass.o  ./src/nvme_rp/drivers/nvme/nvme-uclass.o ./src/nvme_rp/drivers/nvme/nvme.o  ./src/nvme_rp/drivers/core/device.o ./src/nvme_rp/drivers/core/lists.o ./src/nvme_rp/drivers/core/uclass.o  ./src/nvme_rp/drivers/block/blk-uclass.o  ./src/debug.o ./src/main.o ./src/nvme_api.o ./src/nvme_main.o ./src/request_ipc.o   -Wl,--start-group,-lxil,-lgcc,-lc,--end-group
'Finished building target: nvme_m2_core1.elf'
' '
'Invoking: ARM v8 Print Size'
aarch64-none-elf-size nvme_m2_core1.elf  |tee "nvme_m2_core1.elf.size"
   text	   data	    bss	    dec	    hex	filename
  88040	   5176	 266584	 359800	  57d78	nvme_m2_core1.elf
'Finished building: nvme_m2_core1.elf.size'
' '
19:50:17 **** Incremental Build of configuration Debug for project nvme_m2 ****
make all 
make: Nothing to be done for 'all'.
19:50:19 **** Incremental Build of configuration Debug for project nvme_m2_core1 ****
make all 
make: Nothing to be done for 'all'.
19:50:20 **** Incremental Build of configuration Debug for project nvme_m2_core2 ****
make all 
make: Nothing to be done for 'all'.
09:52:31 **** Incremental Build of configuration Debug for project nvme_m2_core2 ****
make all 
make: Nothing to be done for 'all'.
09:52:33 **** Incremental Build of configuration Debug for project nvme_m2 ****
make all 
make: Nothing to be done for 'all'.
09:52:34 **** Incremental Build of configuration Debug for project nvme_m2_core1 ****
make all 
make: Nothing to be done for 'all'.
09:53:51 **** Incremental Build of configuration Debug for project nvme_m2_core2 ****
make all 
make: Nothing to be done for 'all'.
09:53:52 **** Incremental Build of configuration Debug for project nvme_m2 ****
make all 
make: Nothing to be done for 'all'.
09:53:54 **** Incremental Build of configuration Debug for project nvme_m2_core1 ****
make all 
make: Nothing to be done for 'all'.
10:25:47 **** Incremental Build of configuration Debug for project nvme_m2_core2 ****
make all 
make: Nothing to be done for 'all'.
10:25:48 **** Incremental Build of configuration Debug for project nvme_m2 ****
make all 
'Building file: ../src/request_transform.c'
'Invoking: ARM v8 gcc compiler'
aarch64-none-elf-gcc -Wall -O0 -g3 -c -fmessage-length=0 -MT"src/request_transform.o" -I../../nvme_m2_bsp/psu_cortexa53_0/include -MMD -MP -MF"src/request_transform.d" -MT"src/request_transform.o" -o "src/request_transform.o" "../src/request_transform.c"
'Finished building: ../src/request_transform.c'
' '
'Building target: nvme_m2.elf'
'Invoking: ARM v8 gcc linker'
aarch64-none-elf-gcc -Wl,-T -Wl,../src/lscript.ld -L../../nvme_m2_bsp/psu_cortexa53_0/lib -o "nvme_m2.elf"  ./src/pcie/xdmapcie.o  ./src/nvme/debug.o ./src/nvme/host_lld.o ./src/nvme/nvme_admin_cmd.o ./src/nvme/nvme_identify.o ./src/nvme/nvme_io_cmd.o ./src/nvme/nvme_main.o  ./src/data_buffer.o ./src/main.o ./src/request_allocation.o ./src/request_ipc.o ./src/request_schedule.o ./src/request_transform.o   -Wl,--start-group,-lxil,-lgcc,-lc,--end-group
'Finished building target: nvme_m2.elf'
' '
'Invoking: ARM v8 Print Size'
aarch64-none-elf-size nvme_m2.elf  |tee "nvme_m2.elf.size"
   text	   data	    bss	    dec	    hex	filename
 106656	   7856	 267096	 381608	  5d2a8	nvme_m2.elf
'Finished building: nvme_m2.elf.size'
' '
10:25:52 **** Incremental Build of configuration Debug for project nvme_m2_core1 ****
make all 
make: Nothing to be done for 'all'.
10:29:21 **** Incremental Build of configuration Debug for project nvme_m2_core2 ****
make all 
make: Nothing to be done for 'all'.
10:29:23 **** Incremental Build of configuration Debug for project nvme_m2 ****
make all 
make: Nothing to be done for 'all'.
10:29:25 **** Incremental Build of configuration Debug for project nvme_m2_core1 ****
make all 
make: Nothing to be done for 'all'.
10:33:52 **** Incremental Build of configuration Debug for project nvme_m2_core2 ****
make all 
make: Nothing to be done for 'all'.
10:33:53 **** Incremental Build of configuration Debug for project nvme_m2 ****
make all 
'Building file: ../src/nvme/host_lld.c'
'Invoking: ARM v8 gcc compiler'
aarch64-none-elf-gcc -Wall -O0 -g3 -c -fmessage-length=0 -MT"src/nvme/host_lld.o" -I../../nvme_m2_bsp/psu_cortexa53_0/include -MMD -MP -MF"src/nvme/host_lld.d" -MT"src/nvme/host_lld.o" -o "src/nvme/host_lld.o" "../src/nvme/host_lld.c"
In file included from ../src/nvme/host_lld.c:57:
../src/nvme/host_lld.c: In function 'get_nvme_cmd':
../src/nvme/io_access.h:52:30: warning: cast to pointer from integer of different size [-Wint-to-pointer-cast]
 #define IO_READ32(addr)    *((volatile unsigned int *)(addr))
                              ^
../src/nvme/host_lld.c:257:24: note: in expansion of macro 'IO_READ32'
    *(cmdDword + idx) = IO_READ32(addr + (idx * 4));
                        ^~~~~~~~~
../src/nvme/host_lld.c: In function 'set_io_sq':
../src/nvme/io_access.h:51:34: warning: cast to pointer from integer of different size [-Wint-to-pointer-cast]
 #define IO_WRITE32(addr, val)  *((volatile unsigned int *)(addr)) = val
                                  ^
../src/nvme/host_lld.c:316:2: note: in expansion of macro 'IO_WRITE32'
  IO_WRITE32(addr, nvmeReg.dword[0]);
  ^~~~~~~~~~
../src/nvme/io_access.h:51:34: warning: cast to pointer from integer of different size [-Wint-to-pointer-cast]
 #define IO_WRITE32(addr, val)  *((volatile unsigned int *)(addr)) = val
                                  ^
../src/nvme/host_lld.c:317:2: note: in expansion of macro 'IO_WRITE32'
  IO_WRITE32((addr + 4), nvmeReg.dword[1]);
  ^~~~~~~~~~
../src/nvme/host_lld.c: In function 'set_io_cq':
../src/nvme/io_access.h:51:34: warning: cast to pointer from integer of different size [-Wint-to-pointer-cast]
 #define IO_WRITE32(addr, val)  *((volatile unsigned int *)(addr)) = val
                                  ^
../src/nvme/host_lld.c:333:2: note: in expansion of macro 'IO_WRITE32'
  IO_WRITE32(addr, nvmeReg.dword[0]);
  ^~~~~~~~~~
../src/nvme/io_access.h:51:34: warning: cast to pointer from integer of different size [-Wint-to-pointer-cast]
 #define IO_WRITE32(addr, val)  *((volatile unsigned int *)(addr)) = val
                                  ^
../src/nvme/host_lld.c:334:2: note: in expansion of macro 'IO_WRITE32'
  IO_WRITE32((addr + 4), nvmeReg.dword[1]);
  ^~~~~~~~~~
../src/nvme/host_lld.c: In function 'set_direct_tx_dma':
../src/nvme/host_lld.c:358:64: warning: 'hostDmaReg.<U4980>.dword[4]' may be used uninitialized in this function [-Wmaybe-uninitialized]
  IO_WRITE32((HOST_DMA_CMD_FIFO_REG_ADDR + 16), hostDmaReg.dword[4]);//slot_modified
                                                                ^
../src/nvme/host_lld.c: In function 'set_direct_rx_dma':
../src/nvme/host_lld.c:383:64: warning: 'hostDmaReg.<U4980>.dword[4]' may be used uninitialized in this function [-Wmaybe-uninitialized]
  IO_WRITE32((HOST_DMA_CMD_FIFO_REG_ADDR + 16), hostDmaReg.dword[4]);//slot_modified
                                                                ^
'Finished building: ../src/nvme/host_lld.c'
' '
'Building target: nvme_m2.elf'
'Invoking: ARM v8 gcc linker'
aarch64-none-elf-gcc -Wl,-T -Wl,../src/lscript.ld -L../../nvme_m2_bsp/psu_cortexa53_0/lib -o "nvme_m2.elf"  ./src/pcie/xdmapcie.o  ./src/nvme/debug.o ./src/nvme/host_lld.o ./src/nvme/nvme_admin_cmd.o ./src/nvme/nvme_identify.o ./src/nvme/nvme_io_cmd.o ./src/nvme/nvme_main.o  ./src/data_buffer.o ./src/main.o ./src/request_allocation.o ./src/request_ipc.o ./src/request_schedule.o ./src/request_transform.o   -Wl,--start-group,-lxil,-lgcc,-lc,--end-group
'Finished building target: nvme_m2.elf'
' '
'Invoking: ARM v8 Print Size'
aarch64-none-elf-size nvme_m2.elf  |tee "nvme_m2.elf.size"
   text	   data	    bss	    dec	    hex	filename
 106896	   7856	 267112	 381864	  5d3a8	nvme_m2.elf
'Finished building: nvme_m2.elf.size'
' '
10:33:57 **** Incremental Build of configuration Debug for project nvme_m2_core1 ****
make all 
make: Nothing to be done for 'all'.
10:39:11 **** Incremental Build of configuration Debug for project nvme_m2_core2 ****
make all 
make: Nothing to be done for 'all'.
10:39:12 **** Incremental Build of configuration Debug for project nvme_m2 ****
make all 
'Building file: ../src/nvme/host_lld.c'
'Invoking: ARM v8 gcc compiler'
aarch64-none-elf-gcc -Wall -O0 -g3 -c -fmessage-length=0 -MT"src/nvme/host_lld.o" -I../../nvme_m2_bsp/psu_cortexa53_0/include -MMD -MP -MF"src/nvme/host_lld.d" -MT"src/nvme/host_lld.o" -o "src/nvme/host_lld.o" "../src/nvme/host_lld.c"
In file included from ../src/nvme/host_lld.c:57:
../src/nvme/host_lld.c: In function 'get_nvme_cmd':
../src/nvme/io_access.h:52:30: warning: cast to pointer from integer of different size [-Wint-to-pointer-cast]
 #define IO_READ32(addr)    *((volatile unsigned int *)(addr))
                              ^
../src/nvme/host_lld.c:257:24: note: in expansion of macro 'IO_READ32'
    *(cmdDword + idx) = IO_READ32(addr + (idx * 4));
                        ^~~~~~~~~
../src/nvme/host_lld.c: In function 'set_io_sq':
../src/nvme/io_access.h:51:34: warning: cast to pointer from integer of different size [-Wint-to-pointer-cast]
 #define IO_WRITE32(addr, val)  *((volatile unsigned int *)(addr)) = val
                                  ^
../src/nvme/host_lld.c:316:2: note: in expansion of macro 'IO_WRITE32'
  IO_WRITE32(addr, nvmeReg.dword[0]);
  ^~~~~~~~~~
../src/nvme/io_access.h:51:34: warning: cast to pointer from integer of different size [-Wint-to-pointer-cast]
 #define IO_WRITE32(addr, val)  *((volatile unsigned int *)(addr)) = val
                                  ^
../src/nvme/host_lld.c:317:2: note: in expansion of macro 'IO_WRITE32'
  IO_WRITE32((addr + 4), nvmeReg.dword[1]);
  ^~~~~~~~~~
../src/nvme/host_lld.c: In function 'set_io_cq':
../src/nvme/io_access.h:51:34: warning: cast to pointer from integer of different size [-Wint-to-pointer-cast]
 #define IO_WRITE32(addr, val)  *((volatile unsigned int *)(addr)) = val
                                  ^
../src/nvme/host_lld.c:333:2: note: in expansion of macro 'IO_WRITE32'
  IO_WRITE32(addr, nvmeReg.dword[0]);
  ^~~~~~~~~~
../src/nvme/io_access.h:51:34: warning: cast to pointer from integer of different size [-Wint-to-pointer-cast]
 #define IO_WRITE32(addr, val)  *((volatile unsigned int *)(addr)) = val
                                  ^
../src/nvme/host_lld.c:334:2: note: in expansion of macro 'IO_WRITE32'
  IO_WRITE32((addr + 4), nvmeReg.dword[1]);
  ^~~~~~~~~~
../src/nvme/host_lld.c: In function 'set_direct_tx_dma':
../src/nvme/host_lld.c:358:64: warning: 'hostDmaReg.<U8980>.dword[4]' may be used uninitialized in this function [-Wmaybe-uninitialized]
  IO_WRITE32((HOST_DMA_CMD_FIFO_REG_ADDR + 16), hostDmaReg.dword[4]);//slot_modified
                                                                ^
../src/nvme/host_lld.c: In function 'set_direct_rx_dma':
../src/nvme/host_lld.c:383:64: warning: 'hostDmaReg.<U8980>.dword[4]' may be used uninitialized in this function [-Wmaybe-uninitialized]
  IO_WRITE32((HOST_DMA_CMD_FIFO_REG_ADDR + 16), hostDmaReg.dword[4]);//slot_modified
                                                                ^
'Finished building: ../src/nvme/host_lld.c'
' '
'Building file: ../src/request_transform.c'
'Invoking: ARM v8 gcc compiler'
aarch64-none-elf-gcc -Wall -O0 -g3 -c -fmessage-length=0 -MT"src/request_transform.o" -I../../nvme_m2_bsp/psu_cortexa53_0/include -MMD -MP -MF"src/request_transform.d" -MT"src/request_transform.o" -o "src/request_transform.o" "../src/request_transform.c"
'Finished building: ../src/request_transform.c'
' '
'Building target: nvme_m2.elf'
'Invoking: ARM v8 gcc linker'
aarch64-none-elf-gcc -Wl,-T -Wl,../src/lscript.ld -L../../nvme_m2_bsp/psu_cortexa53_0/lib -o "nvme_m2.elf"  ./src/pcie/xdmapcie.o  ./src/nvme/debug.o ./src/nvme/host_lld.o ./src/nvme/nvme_admin_cmd.o ./src/nvme/nvme_identify.o ./src/nvme/nvme_io_cmd.o ./src/nvme/nvme_main.o  ./src/data_buffer.o ./src/main.o ./src/request_allocation.o ./src/request_ipc.o ./src/request_schedule.o ./src/request_transform.o   -Wl,--start-group,-lxil,-lgcc,-lc,--end-group
'Finished building target: nvme_m2.elf'
' '
'Invoking: ARM v8 Print Size'
aarch64-none-elf-size nvme_m2.elf  |tee "nvme_m2.elf.size"
   text	   data	    bss	    dec	    hex	filename
 106896	   7856	 267112	 381864	  5d3a8	nvme_m2.elf
'Finished building: nvme_m2.elf.size'
' '
10:39:16 **** Incremental Build of configuration Debug for project nvme_m2_core1 ****
make all 
make: Nothing to be done for 'all'.
10:46:55 **** Incremental Build of configuration Debug for project nvme_m2_core2 ****
make all 
make: Nothing to be done for 'all'.
10:46:57 **** Incremental Build of configuration Debug for project nvme_m2 ****
make all 
'Building file: ../src/nvme/host_lld.c'
'Invoking: ARM v8 gcc compiler'
aarch64-none-elf-gcc -Wall -O0 -g3 -c -fmessage-length=0 -MT"src/nvme/host_lld.o" -I../../nvme_m2_bsp/psu_cortexa53_0/include -MMD -MP -MF"src/nvme/host_lld.d" -MT"src/nvme/host_lld.o" -o "src/nvme/host_lld.o" "../src/nvme/host_lld.c"
In file included from ../src/nvme/host_lld.c:57:
../src/nvme/host_lld.c: In function 'get_nvme_cmd':
../src/nvme/io_access.h:52:30: warning: cast to pointer from integer of different size [-Wint-to-pointer-cast]
 #define IO_READ32(addr)    *((volatile unsigned int *)(addr))
                              ^
../src/nvme/host_lld.c:257:24: note: in expansion of macro 'IO_READ32'
    *(cmdDword + idx) = IO_READ32(addr + (idx * 4));
                        ^~~~~~~~~
../src/nvme/host_lld.c: In function 'set_io_sq':
../src/nvme/io_access.h:51:34: warning: cast to pointer from integer of different size [-Wint-to-pointer-cast]
 #define IO_WRITE32(addr, val)  *((volatile unsigned int *)(addr)) = val
                                  ^
../src/nvme/host_lld.c:316:2: note: in expansion of macro 'IO_WRITE32'
  IO_WRITE32(addr, nvmeReg.dword[0]);
  ^~~~~~~~~~
../src/nvme/io_access.h:51:34: warning: cast to pointer from integer of different size [-Wint-to-pointer-cast]
 #define IO_WRITE32(addr, val)  *((volatile unsigned int *)(addr)) = val
                                  ^
../src/nvme/host_lld.c:317:2: note: in expansion of macro 'IO_WRITE32'
  IO_WRITE32((addr + 4), nvmeReg.dword[1]);
  ^~~~~~~~~~
../src/nvme/host_lld.c: In function 'set_io_cq':
../src/nvme/io_access.h:51:34: warning: cast to pointer from integer of different size [-Wint-to-pointer-cast]
 #define IO_WRITE32(addr, val)  *((volatile unsigned int *)(addr)) = val
                                  ^
../src/nvme/host_lld.c:333:2: note: in expansion of macro 'IO_WRITE32'
  IO_WRITE32(addr, nvmeReg.dword[0]);
  ^~~~~~~~~~
../src/nvme/io_access.h:51:34: warning: cast to pointer from integer of different size [-Wint-to-pointer-cast]
 #define IO_WRITE32(addr, val)  *((volatile unsigned int *)(addr)) = val
                                  ^
../src/nvme/host_lld.c:334:2: note: in expansion of macro 'IO_WRITE32'
  IO_WRITE32((addr + 4), nvmeReg.dword[1]);
  ^~~~~~~~~~
../src/nvme/host_lld.c: In function 'set_direct_tx_dma':
../src/nvme/host_lld.c:358:64: warning: 'hostDmaReg.<U2980>.dword[4]' may be used uninitialized in this function [-Wmaybe-uninitialized]
  IO_WRITE32((HOST_DMA_CMD_FIFO_REG_ADDR + 16), hostDmaReg.dword[4]);//slot_modified
                                                                ^
../src/nvme/host_lld.c: In function 'set_direct_rx_dma':
../src/nvme/host_lld.c:383:64: warning: 'hostDmaReg.<U2980>.dword[4]' may be used uninitialized in this function [-Wmaybe-uninitialized]
  IO_WRITE32((HOST_DMA_CMD_FIFO_REG_ADDR + 16), hostDmaReg.dword[4]);//slot_modified
                                                                ^
'Finished building: ../src/nvme/host_lld.c'
' '
'Building file: ../src/request_transform.c'
'Invoking: ARM v8 gcc compiler'
aarch64-none-elf-gcc -Wall -O0 -g3 -c -fmessage-length=0 -MT"src/request_transform.o" -I../../nvme_m2_bsp/psu_cortexa53_0/include -MMD -MP -MF"src/request_transform.d" -MT"src/request_transform.o" -o "src/request_transform.o" "../src/request_transform.c"
'Finished building: ../src/request_transform.c'
' '
'Building target: nvme_m2.elf'
'Invoking: ARM v8 gcc linker'
aarch64-none-elf-gcc -Wl,-T -Wl,../src/lscript.ld -L../../nvme_m2_bsp/psu_cortexa53_0/lib -o "nvme_m2.elf"  ./src/pcie/xdmapcie.o  ./src/nvme/debug.o ./src/nvme/host_lld.o ./src/nvme/nvme_admin_cmd.o ./src/nvme/nvme_identify.o ./src/nvme/nvme_io_cmd.o ./src/nvme/nvme_main.o  ./src/data_buffer.o ./src/main.o ./src/request_allocation.o ./src/request_ipc.o ./src/request_schedule.o ./src/request_transform.o   -Wl,--start-group,-lxil,-lgcc,-lc,--end-group
'Finished building target: nvme_m2.elf'
' '
'Invoking: ARM v8 Print Size'
aarch64-none-elf-size nvme_m2.elf  |tee "nvme_m2.elf.size"
   text	   data	    bss	    dec	    hex	filename
 106656	   7856	 267096	 381608	  5d2a8	nvme_m2.elf
'Finished building: nvme_m2.elf.size'
' '
10:47:01 **** Incremental Build of configuration Debug for project nvme_m2_core1 ****
make all 
make: Nothing to be done for 'all'.
19:34:13 **** Incremental Build of configuration Debug for project nvme_m2 ****
make all 
'Building file: ../src/request_transform.c'
'Invoking: ARM v8 gcc compiler'
aarch64-none-elf-gcc -Wall -O0 -g3 -c -fmessage-length=0 -MT"src/request_transform.o" -I../../nvme_m2_bsp/psu_cortexa53_0/include -MMD -MP -MF"src/request_transform.d" -MT"src/request_transform.o" -o "src/request_transform.o" "../src/request_transform.c"
'Finished building: ../src/request_transform.c'
' '
'Building target: nvme_m2.elf'
'Invoking: ARM v8 gcc linker'
aarch64-none-elf-gcc -Wl,-T -Wl,../src/lscript.ld -L../../nvme_m2_bsp/psu_cortexa53_0/lib -o "nvme_m2.elf"  ./src/pcie/xdmapcie.o  ./src/nvme/debug.o ./src/nvme/host_lld.o ./src/nvme/nvme_admin_cmd.o ./src/nvme/nvme_identify.o ./src/nvme/nvme_io_cmd.o ./src/nvme/nvme_main.o  ./src/data_buffer.o ./src/main.o ./src/request_allocation.o ./src/request_ipc.o ./src/request_schedule.o ./src/request_transform.o   -Wl,--start-group,-lxil,-lgcc,-lc,--end-group
'Finished building target: nvme_m2.elf'
' '
'Invoking: ARM v8 Print Size'
aarch64-none-elf-size nvme_m2.elf  |tee "nvme_m2.elf.size"
   text	   data	    bss	    dec	    hex	filename
 106592	   7856	 267096	 381544	  5d268	nvme_m2.elf
'Finished building: nvme_m2.elf.size'
' '
19:34:22 **** Incremental Build of configuration Debug for project nvme_m2_core1 ****
make all 
make: Nothing to be done for 'all'.
19:34:24 **** Incremental Build of configuration Debug for project nvme_m2_core2 ****
make all 
make: Nothing to be done for 'all'.
10:00:54 **** Incremental Build of configuration Debug for project nvme_m2_core2 ****
make all 
'Building file: ../src/nvme_rp/drivers/nvme/nvme-uclass.c'
'Invoking: ARM v8 gcc compiler'
aarch64-none-elf-gcc -Wall -O0 -g3 -I"D:\sources\DaisyPlus\NVMe\512bit\DaisyPlus_NVMe_M.2_multicore_19.1_20230314_old\ps.sdk\nvme_m2_core2\src\nvme_rp\include\dm" -I"D:\sources\DaisyPlus\NVMe\512bit\DaisyPlus_NVMe_M.2_multicore_19.1_20230314_old\ps.sdk\nvme_m2_core2\src\nvme_rp\include" -c -fmessage-length=0 -MT"src/nvme_rp/drivers/nvme/nvme-uclass.o" -I../../nvme_m2_core2_bsp/psu_cortexa53_2/include -MMD -MP -MF"src/nvme_rp/drivers/nvme/nvme-uclass.d" -MT"src/nvme_rp/drivers/nvme/nvme-uclass.o" -o "src/nvme_rp/drivers/nvme/nvme-uclass.o" "../src/nvme_rp/drivers/nvme/nvme-uclass.c"
In file included from ../src/nvme_rp/drivers/nvme/nvme.h:11,
                 from ../src/nvme_rp/drivers/nvme/nvme-uclass.c:12:
D:\sources\DaisyPlus\NVMe\512bit\DaisyPlus_NVMe_M.2_multicore_19.1_20230314_old\ps.sdk\nvme_m2_core2\src\nvme_rp\include/io.h:11:10: fatal error: xil_io.h: No such file or directory
 #include "xil_io.h"
          ^~~~~~~~~~
compilation terminated.
make: *** [src/nvme_rp/drivers/nvme/subdir.mk:23: src/nvme_rp/drivers/nvme/nvme-uclass.o] Error 1
10:01:04 **** Incremental Build of configuration Debug for project nvme_m2 ****
make all 
'Building file: ../src/pcie/xdmapcie.c'
'Invoking: ARM v8 gcc compiler'
aarch64-none-elf-gcc -Wall -O0 -g3 -c -fmessage-length=0 -MT"src/pcie/xdmapcie.o" -I../../nvme_m2_bsp/psu_cortexa53_0/include -MMD -MP -MF"src/pcie/xdmapcie.d" -MT"src/pcie/xdmapcie.o" -o "src/pcie/xdmapcie.o" "../src/pcie/xdmapcie.c"
../src/pcie/xdmapcie.c:8:10: fatal error: sleep.h: No such file or directory
 #include "sleep.h"
          ^~~~~~~~~
compilation terminated.
make: *** [src/pcie/subdir.mk:20: src/pcie/xdmapcie.o] Error 1
10:01:07 **** Incremental Build of configuration Debug for project nvme_m2_core1 ****
make all 
'Building file: ../src/nvme_rp/drivers/nvme/nvme-uclass.c'
'Invoking: ARM v8 gcc compiler'
aarch64-none-elf-gcc -Wall -O0 -g3 -I"D:\sources\DaisyPlus\NVMe\512bit\DaisyPlus_NVMe_M.2_multicore_19.1_20230314_old\ps.sdk\nvme_m2_core1\src\nvme_rp\include" -I"D:\sources\DaisyPlus\NVMe\512bit\DaisyPlus_NVMe_M.2_multicore_19.1_20230314_old\ps.sdk\nvme_m2_core1\src\nvme_rp\include\dm" -c -fmessage-length=0 -MT"src/nvme_rp/drivers/nvme/nvme-uclass.o" -I../../nvme_m2_core1_bsp/psu_cortexa53_1/include -MMD -MP -MF"src/nvme_rp/drivers/nvme/nvme-uclass.d" -MT"src/nvme_rp/drivers/nvme/nvme-uclass.o" -o "src/nvme_rp/drivers/nvme/nvme-uclass.o" "../src/nvme_rp/drivers/nvme/nvme-uclass.c"
In file included from ../src/nvme_rp/drivers/nvme/nvme.h:11,
                 from ../src/nvme_rp/drivers/nvme/nvme-uclass.c:12:
D:\sources\DaisyPlus\NVMe\512bit\DaisyPlus_NVMe_M.2_multicore_19.1_20230314_old\ps.sdk\nvme_m2_core1\src\nvme_rp\include/io.h:11:10: fatal error: xil_io.h: No such file or directory
 #include "xil_io.h"
          ^~~~~~~~~~
compilation terminated.
make: *** [src/nvme_rp/drivers/nvme/subdir.mk:23: src/nvme_rp/drivers/nvme/nvme-uclass.o] Error 1
10:01:24 **** Clean-only build of configuration Debug for project nvme_m2 ****
make clean 
rm -rf  ./src/pcie/xdmapcie.o  ./src/nvme/debug.o ./src/nvme/host_lld.o ./src/nvme/nvme_admin_cmd.o ./src/nvme/nvme_identify.o ./src/nvme/nvme_io_cmd.o ./src/nvme/nvme_main.o  ./src/data_buffer.o ./src/main.o ./src/request_allocation.o ./src/request_ipc.o ./src/request_schedule.o ./src/request_transform.o  ./src/pcie/xdmapcie.d  ./src/nvme/debug.d ./src/nvme/host_lld.d ./src/nvme/nvme_admin_cmd.d ./src/nvme/nvme_identify.d ./src/nvme/nvme_io_cmd.d ./src/nvme/nvme_main.d  ./src/data_buffer.d ./src/main.d ./src/request_allocation.d ./src/request_ipc.d ./src/request_schedule.d ./src/request_transform.d  nvme_m2.elf.size  nvme_m2.elf
' '
10:01:25 **** Clean-only build of configuration Debug for project nvme_m2_core1 ****
make clean 
rm -rf  ./src/nvme_rp/drivers/pci/pci-uclass.o  ./src/nvme_rp/drivers/nvme/nvme-uclass.o ./src/nvme_rp/drivers/nvme/nvme.o  ./src/nvme_rp/drivers/core/device.o ./src/nvme_rp/drivers/core/lists.o ./src/nvme_rp/drivers/core/uclass.o  ./src/nvme_rp/drivers/block/blk-uclass.o  ./src/debug.o ./src/main.o ./src/nvme_api.o ./src/nvme_main.o ./src/request_ipc.o  ./src/nvme_rp/drivers/pci/pci-uclass.d  ./src/nvme_rp/drivers/nvme/nvme-uclass.d ./src/nvme_rp/drivers/nvme/nvme.d  ./src/nvme_rp/drivers/core/device.d ./src/nvme_rp/drivers/core/lists.d ./src/nvme_rp/drivers/core/uclass.d  ./src/nvme_rp/drivers/block/blk-uclass.d  ./src/debug.d ./src/main.d ./src/nvme_api.d ./src/nvme_main.d ./src/request_ipc.d  nvme_m2_core1.elf.size  nvme_m2_core1.elf
' '
10:01:26 **** Clean-only build of configuration Debug for project nvme_m2_core2 ****
make clean 
rm -rf  ./src/nvme_rp/drivers/pci/pci-uclass.o  ./src/nvme_rp/drivers/nvme/nvme-uclass.o ./src/nvme_rp/drivers/nvme/nvme.o  ./src/nvme_rp/drivers/core/device.o ./src/nvme_rp/drivers/core/lists.o ./src/nvme_rp/drivers/core/uclass.o  ./src/nvme_rp/drivers/block/blk-uclass.o  ./src/debug.o ./src/main.o ./src/nvme_api.o ./src/nvme_main.o ./src/request_ipc.o  ./src/nvme_rp/drivers/pci/pci-uclass.d  ./src/nvme_rp/drivers/nvme/nvme-uclass.d ./src/nvme_rp/drivers/nvme/nvme.d  ./src/nvme_rp/drivers/core/device.d ./src/nvme_rp/drivers/core/lists.d ./src/nvme_rp/drivers/core/uclass.d  ./src/nvme_rp/drivers/block/blk-uclass.d  ./src/debug.d ./src/main.d ./src/nvme_api.d ./src/nvme_main.d ./src/request_ipc.d  nvme_m2_core2.elf.size  nvme_m2_core2.elf
' '
10:01:27 **** Clean-only build of project nvme_m2_bsp ****
make -k clean 
make -C psu_cortexa53_0/libsrc/axipmon_v6_7/src -s clean 
make -C psu_cortexa53_0/libsrc/clockps_v1_1/src -s clean 
make -C psu_cortexa53_0/libsrc/coresightps_dcc_v1_5/src -s clean 
make -C psu_cortexa53_0/libsrc/cpu_cortexa53_v1_5/src -s clean 
make -C psu_cortexa53_0/libsrc/csudma_v1_4/src -s clean 
make -C psu_cortexa53_0/libsrc/ddrcpsu_v1_1/src -s clean 
make -C psu_cortexa53_0/libsrc/emacps_v3_9/src -s clean 
make -C psu_cortexa53_0/libsrc/gpiops_v3_5/src -s clean 
make -C psu_cortexa53_0/libsrc/gpio_v4_4/src -s clean 
make -C psu_cortexa53_0/libsrc/iicps_v3_9/src -s clean 
make -C psu_cortexa53_0/libsrc/ipipsu_v2_5/src -s clean 
make -C psu_cortexa53_0/libsrc/qspipsu_v1_9/src -s clean 
make -C psu_cortexa53_0/libsrc/resetps_v1_2/src -s clean 
make -C psu_cortexa53_0/libsrc/rtcpsu_v1_7/src -s clean 
make -C psu_cortexa53_0/libsrc/scugic_v4_0/src -s clean 
make -C psu_cortexa53_0/libsrc/sdps_v3_7/src -s clean 
make -C psu_cortexa53_0/libsrc/standalone_v7_0/src -s clean 
make -C psu_cortexa53_0/libsrc/sysmonpsu_v2_5/src -s clean 
make -C psu_cortexa53_0/libsrc/ttcps_v3_9/src -s clean 
make -C psu_cortexa53_0/libsrc/uartps_v3_7/src -s clean 
make -C psu_cortexa53_0/libsrc/wdtps_v3_1/src -s clean 
make -C psu_cortexa53_0/libsrc/xdmapcie_v1_0/src -s clean 
make -C psu_cortexa53_0/libsrc/zdma_v1_7/src -s clean 
rm -f psu_cortexa53_0/lib/libxil.a
10:01:32 **** Clean-only build of project nvme_m2_core2_bsp ****
10:01:32 **** Clean-only build of project nvme_m2_core1_bsp ****
make -k clean 
make -k clean 
make -C psu_cortexa53_1/libsrc/axipmon_v6_7/src -s clean 
make -C psu_cortexa53_2/libsrc/axipmon_v6_7/src -s clean 
make -C psu_cortexa53_1/libsrc/clockps_v1_1/src -s clean 
make -C psu_cortexa53_2/libsrc/clockps_v1_1/src -s clean 
make -C psu_cortexa53_1/libsrc/coresightps_dcc_v1_5/src -s clean 
make -C psu_cortexa53_2/libsrc/coresightps_dcc_v1_5/src -s clean 
make -C psu_cortexa53_1/libsrc/cpu_cortexa53_v1_5/src -s clean 
make -C psu_cortexa53_2/libsrc/cpu_cortexa53_v1_5/src -s clean 
make -C psu_cortexa53_1/libsrc/csudma_v1_4/src -s clean 
make -C psu_cortexa53_2/libsrc/csudma_v1_4/src -s clean 
make -C psu_cortexa53_1/libsrc/ddrcpsu_v1_1/src -s clean 
make -C psu_cortexa53_2/libsrc/ddrcpsu_v1_1/src -s clean 
make -C psu_cortexa53_1/libsrc/emacps_v3_9/src -s clean 
make -C psu_cortexa53_2/libsrc/emacps_v3_9/src -s clean 
make -C psu_cortexa53_1/libsrc/gpiops_v3_5/src -s clean 
make -C psu_cortexa53_2/libsrc/gpiops_v3_5/src -s clean 
make -C psu_cortexa53_1/libsrc/gpio_v4_4/src -s clean 
make -C psu_cortexa53_2/libsrc/gpio_v4_4/src -s clean 
make -C psu_cortexa53_1/libsrc/iicps_v3_9/src -s clean 
make -C psu_cortexa53_2/libsrc/iicps_v3_9/src -s clean 
make -C psu_cortexa53_1/libsrc/ipipsu_v2_5/src -s clean 
make -C psu_cortexa53_2/libsrc/ipipsu_v2_5/src -s clean 
make -C psu_cortexa53_1/libsrc/qspipsu_v1_9/src -s clean 
make -C psu_cortexa53_2/libsrc/qspipsu_v1_9/src -s clean 
make -C psu_cortexa53_1/libsrc/resetps_v1_2/src -s clean 
make -C psu_cortexa53_2/libsrc/resetps_v1_2/src -s clean 
make -C psu_cortexa53_1/libsrc/rtcpsu_v1_7/src -s clean 
make -C psu_cortexa53_2/libsrc/rtcpsu_v1_7/src -s clean 
make -C psu_cortexa53_1/libsrc/scugic_v4_0/src -s clean 
make -C psu_cortexa53_2/libsrc/scugic_v4_0/src -s clean 
make -C psu_cortexa53_1/libsrc/sdps_v3_7/src -s clean 
make -C psu_cortexa53_2/libsrc/sdps_v3_7/src -s clean 
make -C psu_cortexa53_1/libsrc/standalone_v7_0/src -s clean 
make -C psu_cortexa53_2/libsrc/standalone_v7_0/src -s clean 
make -C psu_cortexa53_2/libsrc/sysmonpsu_v2_5/src -s clean 
make -C psu_cortexa53_1/libsrc/sysmonpsu_v2_5/src -s clean 
make -C psu_cortexa53_2/libsrc/ttcps_v3_9/src -s clean 
make -C psu_cortexa53_1/libsrc/ttcps_v3_9/src -s clean 
make -C psu_cortexa53_2/libsrc/uartps_v3_7/src -s clean 
make -C psu_cortexa53_1/libsrc/uartps_v3_7/src -s clean 
make -C psu_cortexa53_2/libsrc/wdtps_v3_1/src -s clean 
make -C psu_cortexa53_1/libsrc/wdtps_v3_1/src -s clean 
make -C psu_cortexa53_2/libsrc/xdmapcie_v1_0/src -s clean 
make -C psu_cortexa53_1/libsrc/xdmapcie_v1_0/src -s clean 
make -C psu_cortexa53_2/libsrc/zdma_v1_7/src -s clean 
make -C psu_cortexa53_1/libsrc/zdma_v1_7/src -s clean 
rm -f psu_cortexa53_2/lib/libxil.a
rm -f psu_cortexa53_1/lib/libxil.a
10:01:38 **** Build of project nvme_m2_bsp ****
make -k all 
"Running Make include in psu_cortexa53_0/libsrc/axipmon_v6_7/src"
make -C psu_cortexa53_0/libsrc/axipmon_v6_7/src -s include  "SHELL=CMD" "COMPILER=aarch64-none-elf-gcc" "ARCHIVER=aarch64-none-elf-ar" "COMPILER_FLAGS=  -O2 -c" "EXTRA_COMPILER_FLAGS=-g -Wall -Wextra"
"Running Make include in psu_cortexa53_0/libsrc/clockps_v1_1/src"
make -C psu_cortexa53_0/libsrc/clockps_v1_1/src -s include  "SHELL=CMD" "COMPILER=aarch64-none-elf-gcc" "ARCHIVER=aarch64-none-elf-ar" "COMPILER_FLAGS=  -O2 -c" "EXTRA_COMPILER_FLAGS=-g -Wall -Wextra"
"Running Make include in psu_cortexa53_0/libsrc/coresightps_dcc_v1_5/src"
make -C psu_cortexa53_0/libsrc/coresightps_dcc_v1_5/src -s include  "SHELL=CMD" "COMPILER=aarch64-none-elf-gcc" "ARCHIVER=aarch64-none-elf-ar" "COMPILER_FLAGS=  -O2 -c" "EXTRA_COMPILER_FLAGS=-g -Wall -Wextra"
"Running Make include in psu_cortexa53_0/libsrc/cpu_cortexa53_v1_5/src"
make -C psu_cortexa53_0/libsrc/cpu_cortexa53_v1_5/src -s include  "SHELL=CMD" "COMPILER=aarch64-none-elf-gcc" "ARCHIVER=aarch64-none-elf-ar" "COMPILER_FLAGS=  -O2 -c" "EXTRA_COMPILER_FLAGS=-g -Wall -Wextra"
"Running Make include in psu_cortexa53_0/libsrc/csudma_v1_4/src"
make -C psu_cortexa53_0/libsrc/csudma_v1_4/src -s include  "SHELL=CMD" "COMPILER=aarch64-none-elf-gcc" "ARCHIVER=aarch64-none-elf-ar" "COMPILER_FLAGS=  -O2 -c" "EXTRA_COMPILER_FLAGS=-g -Wall -Wextra"
"Running Make include in psu_cortexa53_0/libsrc/ddrcpsu_v1_1/src"
make -C psu_cortexa53_0/libsrc/ddrcpsu_v1_1/src -s include  "SHELL=CMD" "COMPILER=aarch64-none-elf-gcc" "ARCHIVER=aarch64-none-elf-ar" "COMPILER_FLAGS=  -O2 -c" "EXTRA_COMPILER_FLAGS=-g -Wall -Wextra"
"Running Make include in psu_cortexa53_0/libsrc/emacps_v3_9/src"
make -C psu_cortexa53_0/libsrc/emacps_v3_9/src -s include  "SHELL=CMD" "COMPILER=aarch64-none-elf-gcc" "ARCHIVER=aarch64-none-elf-ar" "COMPILER_FLAGS=  -O2 -c" "EXTRA_COMPILER_FLAGS=-g -Wall -Wextra"
"Running Make include in psu_cortexa53_0/libsrc/gpiops_v3_5/src"
make -C psu_cortexa53_0/libsrc/gpiops_v3_5/src -s include  "SHELL=CMD" "COMPILER=aarch64-none-elf-gcc" "ARCHIVER=aarch64-none-elf-ar" "COMPILER_FLAGS=  -O2 -c" "EXTRA_COMPILER_FLAGS=-g -Wall -Wextra"
"Running Make include in psu_cortexa53_0/libsrc/gpio_v4_4/src"
make -C psu_cortexa53_0/libsrc/gpio_v4_4/src -s include  "SHELL=CMD" "COMPILER=aarch64-none-elf-gcc" "ARCHIVER=aarch64-none-elf-ar" "COMPILER_FLAGS=  -O2 -c" "EXTRA_COMPILER_FLAGS=-g -Wall -Wextra"
"Running Make include in psu_cortexa53_0/libsrc/iicps_v3_9/src"
make -C psu_cortexa53_0/libsrc/iicps_v3_9/src -s include  "SHELL=CMD" "COMPILER=aarch64-none-elf-gcc" "ARCHIVER=aarch64-none-elf-ar" "COMPILER_FLAGS=  -O2 -c" "EXTRA_COMPILER_FLAGS=-g -Wall -Wextra"
"Running Make include in psu_cortexa53_0/libsrc/ipipsu_v2_5/src"
make -C psu_cortexa53_0/libsrc/ipipsu_v2_5/src -s include  "SHELL=CMD" "COMPILER=aarch64-none-elf-gcc" "ARCHIVER=aarch64-none-elf-ar" "COMPILER_FLAGS=  -O2 -c" "EXTRA_COMPILER_FLAGS=-g -Wall -Wextra"
"Running Make include in psu_cortexa53_0/libsrc/qspipsu_v1_9/src"
make -C psu_cortexa53_0/libsrc/qspipsu_v1_9/src -s include  "SHELL=CMD" "COMPILER=aarch64-none-elf-gcc" "ARCHIVER=aarch64-none-elf-ar" "COMPILER_FLAGS=  -O2 -c" "EXTRA_COMPILER_FLAGS=-g -Wall -Wextra"
"Running Make include in psu_cortexa53_0/libsrc/resetps_v1_2/src"
make -C psu_cortexa53_0/libsrc/resetps_v1_2/src -s include  "SHELL=CMD" "COMPILER=aarch64-none-elf-gcc" "ARCHIVER=aarch64-none-elf-ar" "COMPILER_FLAGS=  -O2 -c" "EXTRA_COMPILER_FLAGS=-g -Wall -Wextra"
"Running Make include in psu_cortexa53_0/libsrc/rtcpsu_v1_7/src"
make -C psu_cortexa53_0/libsrc/rtcpsu_v1_7/src -s include  "SHELL=CMD" "COMPILER=aarch64-none-elf-gcc" "ARCHIVER=aarch64-none-elf-ar" "COMPILER_FLAGS=  -O2 -c" "EXTRA_COMPILER_FLAGS=-g -Wall -Wextra"
"Running Make include in psu_cortexa53_0/libsrc/scugic_v4_0/src"
make -C psu_cortexa53_0/libsrc/scugic_v4_0/src -s include  "SHELL=CMD" "COMPILER=aarch64-none-elf-gcc" "ARCHIVER=aarch64-none-elf-ar" "COMPILER_FLAGS=  -O2 -c" "EXTRA_COMPILER_FLAGS=-g -Wall -Wextra"
"Running Make include in psu_cortexa53_0/libsrc/sdps_v3_7/src"
make -C psu_cortexa53_0/libsrc/sdps_v3_7/src -s include  "SHELL=CMD" "COMPILER=aarch64-none-elf-gcc" "ARCHIVER=aarch64-none-elf-ar" "COMPILER_FLAGS=  -O2 -c" "EXTRA_COMPILER_FLAGS=-g -Wall -Wextra"
"Running Make include in psu_cortexa53_0/libsrc/standalone_v7_0/src"
[...]
'Finished building: ../src/nvme/debug.c'
' '
'Building file: ../src/nvme/host_lld.c'
'Invoking: ARM v8 gcc compiler'
aarch64-none-elf-gcc -Wall -O0 -g3 -c -fmessage-length=0 -MT"src/nvme/host_lld.o" -I../../nvme_m2_bsp/psu_cortexa53_0/include -MMD -MP -MF"src/nvme/host_lld.d" -MT"src/nvme/host_lld.o" -o "src/nvme/host_lld.o" "../src/nvme/host_lld.c"
In file included from ../src/nvme/host_lld.c:57:
../src/nvme/host_lld.c: In function 'get_nvme_cmd':
../src/nvme/io_access.h:52:30: warning: cast to pointer from integer of different size [-Wint-to-pointer-cast]
 #define IO_READ32(addr)    *((volatile unsigned int *)(addr))
                              ^
../src/nvme/host_lld.c:257:24: note: in expansion of macro 'IO_READ32'
    *(cmdDword + idx) = IO_READ32(addr + (idx * 4));
                        ^~~~~~~~~
../src/nvme/host_lld.c: In function 'set_io_sq':
../src/nvme/io_access.h:51:34: warning: cast to pointer from integer of different size [-Wint-to-pointer-cast]
 #define IO_WRITE32(addr, val)  *((volatile unsigned int *)(addr)) = val
                                  ^
../src/nvme/host_lld.c:316:2: note: in expansion of macro 'IO_WRITE32'
  IO_WRITE32(addr, nvmeReg.dword[0]);
  ^~~~~~~~~~
../src/nvme/io_access.h:51:34: warning: cast to pointer from integer of different size [-Wint-to-pointer-cast]
 #define IO_WRITE32(addr, val)  *((volatile unsigned int *)(addr)) = val
                                  ^
../src/nvme/host_lld.c:317:2: note: in expansion of macro 'IO_WRITE32'
  IO_WRITE32((addr + 4), nvmeReg.dword[1]);
  ^~~~~~~~~~
../src/nvme/host_lld.c: In function 'set_io_cq':
../src/nvme/io_access.h:51:34: warning: cast to pointer from integer of different size [-Wint-to-pointer-cast]
 #define IO_WRITE32(addr, val)  *((volatile unsigned int *)(addr)) = val
                                  ^
../src/nvme/host_lld.c:333:2: note: in expansion of macro 'IO_WRITE32'
  IO_WRITE32(addr, nvmeReg.dword[0]);
  ^~~~~~~~~~
../src/nvme/io_access.h:51:34: warning: cast to pointer from integer of different size [-Wint-to-pointer-cast]
 #define IO_WRITE32(addr, val)  *((volatile unsigned int *)(addr)) = val
                                  ^
../src/nvme/host_lld.c:334:2: note: in expansion of macro 'IO_WRITE32'
  IO_WRITE32((addr + 4), nvmeReg.dword[1]);
  ^~~~~~~~~~
../src/nvme/host_lld.c: In function 'set_direct_tx_dma':
../src/nvme/host_lld.c:358:64: warning: 'hostDmaReg.<Ue7b8>.dword[4]' may be used uninitialized in this function [-Wmaybe-uninitialized]
  IO_WRITE32((HOST_DMA_CMD_FIFO_REG_ADDR + 16), hostDmaReg.dword[4]);//slot_modified
                                                                ^
../src/nvme/host_lld.c: In function 'set_direct_rx_dma':
../src/nvme/host_lld.c:383:64: warning: 'hostDmaReg.<Ue7b8>.dword[4]' may be used uninitialized in this function [-Wmaybe-uninitialized]
  IO_WRITE32((HOST_DMA_CMD_FIFO_REG_ADDR + 16), hostDmaReg.dword[4]);//slot_modified
                                                                ^
'Finished building: ../src/nvme/host_lld.c'
' '
'Building file: ../src/nvme/nvme_admin_cmd.c'
'Invoking: ARM v8 gcc compiler'
aarch64-none-elf-gcc -Wall -O0 -g3 -c -fmessage-length=0 -MT"src/nvme/nvme_admin_cmd.o" -I../../nvme_m2_bsp/psu_cortexa53_0/include -MMD -MP -MF"src/nvme/nvme_admin_cmd.d" -MT"src/nvme/nvme_admin_cmd.o" -o "src/nvme/nvme_admin_cmd.o" "../src/nvme/nvme_admin_cmd.c"
'Finished building: ../src/nvme/nvme_admin_cmd.c'
' '
'Building file: ../src/nvme/nvme_identify.c'
'Invoking: ARM v8 gcc compiler'
aarch64-none-elf-gcc -Wall -O0 -g3 -c -fmessage-length=0 -MT"src/nvme/nvme_identify.o" -I../../nvme_m2_bsp/psu_cortexa53_0/include -MMD -MP -MF"src/nvme/nvme_identify.d" -MT"src/nvme/nvme_identify.o" -o "src/nvme/nvme_identify.o" "../src/nvme/nvme_identify.c"
../src/nvme/nvme_identify.c: In function 'controller_identification':
../src/nvme/nvme_identify.c:64:17: warning: cast to pointer from integer of different size [-Wint-to-pointer-cast]
  identifyCNTL = (ADMIN_IDENTIFY_CONTROLLER*)pBuffer;
                 ^
../src/nvme/nvme_identify.c: In function 'namespace_identification':
../src/nvme/nvme_identify.c:154:15: warning: cast to pointer from integer of different size [-Wint-to-pointer-cast]
  identifyNS = (ADMIN_IDENTIFY_NAMESPACE *)pBuffer;
               ^
'Finished building: ../src/nvme/nvme_identify.c'
' '
'Building file: ../src/nvme/nvme_io_cmd.c'
'Invoking: ARM v8 gcc compiler'
aarch64-none-elf-gcc -Wall -O0 -g3 -c -fmessage-length=0 -MT"src/nvme/nvme_io_cmd.o" -I../../nvme_m2_bsp/psu_cortexa53_0/include -MMD -MP -MF"src/nvme/nvme_io_cmd.d" -MT"src/nvme/nvme_io_cmd.o" -o "src/nvme/nvme_io_cmd.o" "../src/nvme/nvme_io_cmd.c"
'Finished building: ../src/nvme/nvme_io_cmd.c'
' '
'Building file: ../src/nvme/nvme_main.c'
'Invoking: ARM v8 gcc compiler'
aarch64-none-elf-gcc -Wall -O0 -g3 -c -fmessage-length=0 -MT"src/nvme/nvme_main.o" -I../../nvme_m2_bsp/psu_cortexa53_0/include -MMD -MP -MF"src/nvme/nvme_main.d" -MT"src/nvme/nvme_main.o" -o "src/nvme/nvme_main.o" "../src/nvme/nvme_main.c"
../src/nvme/nvme_main.c: In function 'nvme_main':
../src/nvme/nvme_main.c:99:10: warning: cast to pointer from integer of different size [-Wint-to-pointer-cast]
         *(u64 *)bar_addr[i] = bar[i];
          ^
../src/nvme/nvme_main.c:104:16: warning: cast to pointer from integer of different size [-Wint-to-pointer-cast]
         while(*(unsigned int *)start_res_addr[i] == 0)
                ^
../src/nvme/nvme_main.c:105:14: warning: cast to pointer from integer of different size [-Wint-to-pointer-cast]
             *(unsigned int *)start_req_addr[i] = 1;
              ^
../src/nvme/nvme_main.c:110:31: warning: cast to pointer from integer of different size [-Wint-to-pointer-cast]
         nvme_m2_storage[i] = *(unsigned int *)storage_info_addr[i];
                               ^
'Finished building: ../src/nvme/nvme_main.c'
' '
'Building file: ../src/main.c'
'Invoking: ARM v8 gcc compiler'
aarch64-none-elf-gcc -Wall -O0 -g3 -c -fmessage-length=0 -MT"src/main.o" -I../../nvme_m2_bsp/psu_cortexa53_0/include -MMD -MP -MF"src/main.d" -MT"src/main.o" -o "src/main.o" "../src/main.c"
../src/main.c: In function 'main':
../src/main.c:123:10: warning: cast to pointer from integer of different size [-Wint-to-pointer-cast]
         *(unsigned int *)start_req_addr[i]= 0;
          ^
../src/main.c:124:10: warning: cast to pointer from integer of different size [-Wint-to-pointer-cast]
         *(unsigned int *)start_res_addr[i]= 0;
          ^
'Finished building: ../src/main.c'
' '
'Building file: ../src/request_schedule.c'
'Invoking: ARM v8 gcc compiler'
aarch64-none-elf-gcc -Wall -O0 -g3 -c -fmessage-length=0 -MT"src/request_schedule.o" -I../../nvme_m2_bsp/psu_cortexa53_0/include -MMD -MP -MF"src/request_schedule.d" -MT"src/request_schedule.o" -o "src/request_schedule.o" "../src/request_schedule.c"
'Finished building: ../src/request_schedule.c'
' '
'Building target: nvme_m2.elf'
'Invoking: ARM v8 gcc linker'
aarch64-none-elf-gcc -Wl,-T -Wl,../src/lscript.ld -L../../nvme_m2_bsp/psu_cortexa53_0/lib -o "nvme_m2.elf"  ./src/pcie/xdmapcie.o  ./src/nvme/debug.o ./src/nvme/host_lld.o ./src/nvme/nvme_admin_cmd.o ./src/nvme/nvme_identify.o ./src/nvme/nvme_io_cmd.o ./src/nvme/nvme_main.o  ./src/data_buffer.o ./src/main.o ./src/request_allocation.o ./src/request_ipc.o ./src/request_schedule.o ./src/request_transform.o   -Wl,--start-group,-lxil,-lgcc,-lc,--end-group
'Finished building target: nvme_m2.elf'
' '
'Invoking: ARM v8 Print Size'
aarch64-none-elf-size nvme_m2.elf  |tee "nvme_m2.elf.size"
   text	   data	    bss	    dec	    hex	filename
 108208	   7856	 267144	 383208	  5d8e8	nvme_m2.elf
'Finished building: nvme_m2.elf.size'
' '
14:51:06 **** Incremental Build of configuration Debug for project nvme_m2_core2 ****
make all 
make: Nothing to be done for 'all'.
14:51:08 **** Incremental Build of configuration Debug for project nvme_m2 ****
make all 
make: Nothing to be done for 'all'.
14:51:10 **** Incremental Build of configuration Debug for project nvme_m2_core1 ****
make all 
make: Nothing to be done for 'all'.
18:47:18 **** Incremental Build of configuration Debug for project nvme_m2_core2 ****
make all 
make: Nothing to be done for 'all'.
18:47:21 **** Incremental Build of configuration Debug for project nvme_m2 ****
make all 
'Building file: ../src/nvme/nvme_io_cmd.c'
'Invoking: ARM v8 gcc compiler'
aarch64-none-elf-gcc -Wall -O0 -g3 -c -fmessage-length=0 -MT"src/nvme/nvme_io_cmd.o" -I../../nvme_m2_bsp/psu_cortexa53_0/include -MMD -MP -MF"src/nvme/nvme_io_cmd.d" -MT"src/nvme/nvme_io_cmd.o" -o "src/nvme/nvme_io_cmd.o" "../src/nvme/nvme_io_cmd.c"
'Finished building: ../src/nvme/nvme_io_cmd.c'
' '
'Building target: nvme_m2.elf'
'Invoking: ARM v8 gcc linker'
aarch64-none-elf-gcc -Wl,-T -Wl,../src/lscript.ld -L../../nvme_m2_bsp/psu_cortexa53_0/lib -o "nvme_m2.elf"  ./src/pcie/xdmapcie.o  ./src/nvme/debug.o ./src/nvme/host_lld.o ./src/nvme/nvme_admin_cmd.o ./src/nvme/nvme_identify.o ./src/nvme/nvme_io_cmd.o ./src/nvme/nvme_main.o  ./src/data_buffer.o ./src/main.o ./src/request_allocation.o ./src/request_ipc.o ./src/request_schedule.o ./src/request_transform.o   -Wl,--start-group,-lxil,-lgcc,-lc,--end-group
'Finished building target: nvme_m2.elf'
' '
'Invoking: ARM v8 Print Size'
aarch64-none-elf-size nvme_m2.elf  |tee "nvme_m2.elf.size"
   text	   data	    bss	    dec	    hex	filename
 108128	   7856	 267096	 383080	  5d868	nvme_m2.elf
'Finished building: nvme_m2.elf.size'
' '
18:47:26 **** Incremental Build of configuration Debug for project nvme_m2_core1 ****
make all 
make: Nothing to be done for 'all'.
16:33:47 **** Incremental Build of configuration Debug for project nvme_m2_core2 ****
make all 
make: Nothing to be done for 'all'.
16:33:50 **** Incremental Build of configuration Debug for project nvme_m2 ****
make all 
make: Nothing to be done for 'all'.
16:33:52 **** Incremental Build of configuration Debug for project nvme_m2_core1 ****
make all 
make: Nothing to be done for 'all'.
18:00:25 **** Incremental Build of configuration Debug for project nvme_m2 ****
make all 
'Building file: ../src/nvme/nvme_admin_cmd.c'
'Invoking: ARM v8 gcc compiler'
aarch64-none-elf-gcc -Wall -O0 -g3 -c -fmessage-length=0 -MT"src/nvme/nvme_admin_cmd.o" -I../../nvme_m2_bsp/psu_cortexa53_0/include -MMD -MP -MF"src/nvme/nvme_admin_cmd.d" -MT"src/nvme/nvme_admin_cmd.o" -o "src/nvme/nvme_admin_cmd.o" "../src/nvme/nvme_admin_cmd.c"
'Finished building: ../src/nvme/nvme_admin_cmd.c'
' '
'Building file: ../src/nvme/nvme_identify.c'
'Invoking: ARM v8 gcc compiler'
aarch64-none-elf-gcc -Wall -O0 -g3 -c -fmessage-length=0 -MT"src/nvme/nvme_identify.o" -I../../nvme_m2_bsp/psu_cortexa53_0/include -MMD -MP -MF"src/nvme/nvme_identify.d" -MT"src/nvme/nvme_identify.o" -o "src/nvme/nvme_identify.o" "../src/nvme/nvme_identify.c"
../src/nvme/nvme_identify.c: In function 'controller_identification':
../src/nvme/nvme_identify.c:64:17: warning: cast to pointer from integer of different size [-Wint-to-pointer-cast]
  identifyCNTL = (ADMIN_IDENTIFY_CONTROLLER*)pBuffer;
                 ^
../src/nvme/nvme_identify.c: In function 'namespace_identification':
../src/nvme/nvme_identify.c:154:15: warning: cast to pointer from integer of different size [-Wint-to-pointer-cast]
  identifyNS = (ADMIN_IDENTIFY_NAMESPACE *)pBuffer;
               ^
'Finished building: ../src/nvme/nvme_identify.c'
' '
'Building file: ../src/main.c'
'Invoking: ARM v8 gcc compiler'
aarch64-none-elf-gcc -Wall -O0 -g3 -c -fmessage-length=0 -MT"src/main.o" -I../../nvme_m2_bsp/psu_cortexa53_0/include -MMD -MP -MF"src/main.d" -MT"src/main.o" -o "src/main.o" "../src/main.c"
../src/main.c: In function 'main':
../src/main.c:123:10: warning: cast to pointer from integer of different size [-Wint-to-pointer-cast]
         *(unsigned int *)start_req_addr[i]= 0;
          ^
../src/main.c:124:10: warning: cast to pointer from integer of different size [-Wint-to-pointer-cast]
         *(unsigned int *)start_res_addr[i]= 0;
          ^
'Finished building: ../src/main.c'
' '
'Building target: nvme_m2.elf'
'Invoking: ARM v8 gcc linker'
aarch64-none-elf-gcc -Wl,-T -Wl,../src/lscript.ld -L../../nvme_m2_bsp/psu_cortexa53_0/lib -o "nvme_m2.elf"  ./src/pcie/xdmapcie.o  ./src/nvme/debug.o ./src/nvme/host_lld.o ./src/nvme/nvme_admin_cmd.o ./src/nvme/nvme_identify.o ./src/nvme/nvme_io_cmd.o ./src/nvme/nvme_main.o  ./src/data_buffer.o ./src/main.o ./src/request_allocation.o ./src/request_ipc.o ./src/request_schedule.o ./src/request_transform.o   -Wl,--start-group,-lxil,-lgcc,-lc,--end-group
'Finished building target: nvme_m2.elf'
' '
'Invoking: ARM v8 Print Size'
aarch64-none-elf-size nvme_m2.elf  |tee "nvme_m2.elf.size"
   text	   data	    bss	    dec	    hex	filename
 108112	   7856	 267112	 383080	  5d868	nvme_m2.elf
'Finished building: nvme_m2.elf.size'
' '
18:00:35 **** Incremental Build of configuration Debug for project nvme_m2_core1 ****
make all 
make: Nothing to be done for 'all'.
18:00:36 **** Incremental Build of configuration Debug for project nvme_m2_core2 ****
make all 
make: Nothing to be done for 'all'.
20:08:59 **** Clean-only build of configuration Debug for project nvme_m2 ****
make clean 
rm -rf  ./src/pcie/xdmapcie.o  ./src/nvme/debug.o ./src/nvme/host_lld.o ./src/nvme/nvme_admin_cmd.o ./src/nvme/nvme_identify.o ./src/nvme/nvme_io_cmd.o ./src/nvme/nvme_main.o  ./src/data_buffer.o ./src/main.o ./src/request_allocation.o ./src/request_ipc.o ./src/request_schedule.o ./src/request_transform.o  ./src/pcie/xdmapcie.d  ./src/nvme/debug.d ./src/nvme/host_lld.d ./src/nvme/nvme_admin_cmd.d ./src/nvme/nvme_identify.d ./src/nvme/nvme_io_cmd.d ./src/nvme/nvme_main.d  ./src/data_buffer.d ./src/main.d ./src/request_allocation.d ./src/request_ipc.d ./src/request_schedule.d ./src/request_transform.d  nvme_m2.elf.size  nvme_m2.elf
' '
20:09:01 **** Clean-only build of configuration Debug for project nvme_m2_core1 ****
make clean 
rm -rf  ./src/nvme_rp/drivers/pci/pci-uclass.o  ./src/nvme_rp/drivers/nvme/nvme-uclass.o ./src/nvme_rp/drivers/nvme/nvme.o  ./src/nvme_rp/drivers/core/device.o ./src/nvme_rp/drivers/core/lists.o ./src/nvme_rp/drivers/core/uclass.o  ./src/nvme_rp/drivers/block/blk-uclass.o  ./src/debug.o ./src/main.o ./src/nvme_api.o ./src/nvme_main.o ./src/request_ipc.o  ./src/nvme_rp/drivers/pci/pci-uclass.d  ./src/nvme_rp/drivers/nvme/nvme-uclass.d ./src/nvme_rp/drivers/nvme/nvme.d  ./src/nvme_rp/drivers/core/device.d ./src/nvme_rp/drivers/core/lists.d ./src/nvme_rp/drivers/core/uclass.d  ./src/nvme_rp/drivers/block/blk-uclass.d  ./src/debug.d ./src/main.d ./src/nvme_api.d ./src/nvme_main.d ./src/request_ipc.d  nvme_m2_core1.elf.size  nvme_m2_core1.elf
' '
20:09:02 **** Clean-only build of configuration Debug for project nvme_m2_core2 ****
make clean 
rm -rf  ./src/nvme_rp/drivers/pci/pci-uclass.o  ./src/nvme_rp/drivers/nvme/nvme-uclass.o ./src/nvme_rp/drivers/nvme/nvme.o  ./src/nvme_rp/drivers/core/device.o ./src/nvme_rp/drivers/core/lists.o ./src/nvme_rp/drivers/core/uclass.o  ./src/nvme_rp/drivers/block/blk-uclass.o  ./src/debug.o ./src/main.o ./src/nvme_api.o ./src/nvme_main.o ./src/request_ipc.o  ./src/nvme_rp/drivers/pci/pci-uclass.d  ./src/nvme_rp/drivers/nvme/nvme-uclass.d ./src/nvme_rp/drivers/nvme/nvme.d  ./src/nvme_rp/drivers/core/device.d ./src/nvme_rp/drivers/core/lists.d ./src/nvme_rp/drivers/core/uclass.d  ./src/nvme_rp/drivers/block/blk-uclass.d  ./src/debug.d ./src/main.d ./src/nvme_api.d ./src/nvme_main.d ./src/request_ipc.d  nvme_m2_core2.elf.size  nvme_m2_core2.elf
' '
20:09:03 **** Clean-only build of project nvme_m2_bsp ****
make -k clean 
make -C psu_cortexa53_0/libsrc/axipmon_v6_7/src -s clean 
make -C psu_cortexa53_0/libsrc/clockps_v1_1/src -s clean 
make -C psu_cortexa53_0/libsrc/coresightps_dcc_v1_5/src -s clean 
make -C psu_cortexa53_0/libsrc/cpu_cortexa53_v1_5/src -s clean 
make -C psu_cortexa53_0/libsrc/csudma_v1_4/src -s clean 
make -C psu_cortexa53_0/libsrc/ddrcpsu_v1_1/src -s clean 
make -C psu_cortexa53_0/libsrc/emacps_v3_9/src -s clean 
make -C psu_cortexa53_0/libsrc/gpiops_v3_5/src -s clean 
make -C psu_cortexa53_0/libsrc/gpio_v4_4/src -s clean 
make -C psu_cortexa53_0/libsrc/iicps_v3_9/src -s clean 
make -C psu_cortexa53_0/libsrc/ipipsu_v2_5/src -s clean 
make -C psu_cortexa53_0/libsrc/qspipsu_v1_9/src -s clean 
make -C psu_cortexa53_0/libsrc/resetps_v1_2/src -s clean 
make -C psu_cortexa53_0/libsrc/rtcpsu_v1_7/src -s clean 
make -C psu_cortexa53_0/libsrc/scugic_v4_0/src -s clean 
make -C psu_cortexa53_0/libsrc/sdps_v3_7/src -s clean 
make -C psu_cortexa53_0/libsrc/standalone_v7_0/src -s clean 
make -C psu_cortexa53_0/libsrc/sysmonpsu_v2_5/src -s clean 
make -C psu_cortexa53_0/libsrc/ttcps_v3_9/src -s clean 
make -C psu_cortexa53_0/libsrc/uartps_v3_7/src -s clean 
make -C psu_cortexa53_0/libsrc/wdtps_v3_1/src -s clean 
make -C psu_cortexa53_0/libsrc/xdmapcie_v1_0/src -s clean 
make -C psu_cortexa53_0/libsrc/zdma_v1_7/src -s clean 
rm -f psu_cortexa53_0/lib/libxil.a
20:09:09 **** Clean-only build of project nvme_m2_core1_bsp ****
make -k clean 
make -C psu_cortexa53_1/libsrc/axipmon_v6_7/src -s clean 
make -C psu_cortexa53_1/libsrc/clockps_v1_1/src -s clean 
make -C psu_cortexa53_1/libsrc/coresightps_dcc_v1_5/src -s clean 
make -C psu_cortexa53_1/libsrc/cpu_cortexa53_v1_5/src -s clean 
make -C psu_cortexa53_1/libsrc/csudma_v1_4/src -s clean 
make -C psu_cortexa53_1/libsrc/ddrcpsu_v1_1/src -s clean 
make -C psu_cortexa53_1/libsrc/emacps_v3_9/src -s clean 
make -C psu_cortexa53_1/libsrc/gpiops_v3_5/src -s clean 
make -C psu_cortexa53_1/libsrc/gpio_v4_4/src -s clean 
make -C psu_cortexa53_1/libsrc/iicps_v3_9/src -s clean 
make -C psu_cortexa53_1/libsrc/ipipsu_v2_5/src -s clean 
make -C psu_cortexa53_1/libsrc/qspipsu_v1_9/src -s clean 
make -C psu_cortexa53_1/libsrc/resetps_v1_2/src -s clean 
make -C psu_cortexa53_1/libsrc/rtcpsu_v1_7/src -s clean 
make -C psu_cortexa53_1/libsrc/scugic_v4_0/src -s clean 
make -C psu_cortexa53_1/libsrc/sdps_v3_7/src -s clean 
make -C psu_cortexa53_1/libsrc/standalone_v7_0/src -s clean 
make -C psu_cortexa53_1/libsrc/sysmonpsu_v2_5/src -s clean 
make -C psu_cortexa53_1/libsrc/ttcps_v3_9/src -s clean 
make -C psu_cortexa53_1/libsrc/uartps_v3_7/src -s clean 
make -C psu_cortexa53_1/libsrc/wdtps_v3_1/src -s clean 
make -C psu_cortexa53_1/libsrc/xdmapcie_v1_0/src -s clean 
make -C psu_cortexa53_1/libsrc/zdma_v1_7/src -s clean 
rm -f psu_cortexa53_1/lib/libxil.a
20:09:15 **** Clean-only build of project nvme_m2_core2_bsp ****
make -k clean 
make -C psu_cortexa53_2/libsrc/axipmon_v6_7/src -s clean 
make -C psu_cortexa53_2/libsrc/clockps_v1_1/src -s clean 
make -C psu_cortexa53_2/libsrc/coresightps_dcc_v1_5/src -s clean 
make -C psu_cortexa53_2/libsrc/cpu_cortexa53_v1_5/src -s clean 
make -C psu_cortexa53_2/libsrc/csudma_v1_4/src -s clean 
make -C psu_cortexa53_2/libsrc/ddrcpsu_v1_1/src -s clean 
make -C psu_cortexa53_2/libsrc/emacps_v3_9/src -s clean 
make -C psu_cortexa53_2/libsrc/gpiops_v3_5/src -s clean 
make -C psu_cortexa53_2/libsrc/gpio_v4_4/src -s clean 
make -C psu_cortexa53_2/libsrc/iicps_v3_9/src -s clean 
make -C psu_cortexa53_2/libsrc/ipipsu_v2_5/src -s clean 
make -C psu_cortexa53_2/libsrc/qspipsu_v1_9/src -s clean 
make -C psu_cortexa53_2/libsrc/resetps_v1_2/src -s clean 
make -C psu_cortexa53_2/libsrc/rtcpsu_v1_7/src -s clean 
make -C psu_cortexa53_2/libsrc/scugic_v4_0/src -s clean 
make -C psu_cortexa53_2/libsrc/sdps_v3_7/src -s clean 
make -C psu_cortexa53_2/libsrc/standalone_v7_0/src -s clean 
make -C psu_cortexa53_2/libsrc/sysmonpsu_v2_5/src -s clean 
make -C psu_cortexa53_2/libsrc/ttcps_v3_9/src -s clean 
make -C psu_cortexa53_2/libsrc/uartps_v3_7/src -s clean 
make -C psu_cortexa53_2/libsrc/wdtps_v3_1/src -s clean 
make -C psu_cortexa53_2/libsrc/xdmapcie_v1_0/src -s clean 
make -C psu_cortexa53_2/libsrc/zdma_v1_7/src -s clean 
rm -f psu_cortexa53_2/lib/libxil.a
