#-----------------------------------------------------------
# Vivado v2019.1 (64-bit)
# SW Build 2552052 on Fri May 24 14:49:42 MDT 2019
# IP Build 2548770 on Fri May 24 18:01:18 MDT 2019
# Start of session at: Sat Aug 28 21:00:51 2021
# Process ID: 30236
# Current directory: C:/Users/babol/AppData/Roaming/Xilinx/Vivado
# Command line: vivado.exe -gui_launcher_event rodinguilauncherevent43524
# Log file: C:/Users/babol/AppData/Roaming/Xilinx/Vivado/vivado.log
# Journal file: C:/Users/babol/AppData/Roaming/Xilinx/Vivado\vivado.jou
#-----------------------------------------------------------
start_gui
open_project D:/Project/cosm/prj/cosm-plus-sys-66/cosm-plus-sys.xpr
update_compile_order -fileset sources_1
generate_target all [get_files  D:/Project/cosm/prj/cosm-plus-sys-66/cosm-plus-sys.srcs/sources_1/bd/sys_top/sys_top.bd]
catch { config_ip_cache -export [get_ips -all sys_top_t4nfc_hlper_0_0] }
catch { config_ip_cache -export [get_ips -all sys_top_t4nfc_hlper_1_0] }
catch { config_ip_cache -export [get_ips -all sys_top_t4nfc_hlper_2_0] }
catch { config_ip_cache -export [get_ips -all sys_top_t4nfc_hlper_3_0] }
catch { config_ip_cache -export [get_ips -all sys_top_t4nfc_hlper_4_0] }
catch { config_ip_cache -export [get_ips -all sys_top_t4nfc_hlper_5_0] }
catch { config_ip_cache -export [get_ips -all sys_top_t4nfc_hlper_6_0] }
catch { config_ip_cache -export [get_ips -all sys_top_t4nfc_hlper_7_0] }
catch { config_ip_cache -export [get_ips -all sys_top_s00_data_fifo_404] }
catch { config_ip_cache -export [get_ips -all sys_top_auto_pc_0] }
catch { config_ip_cache -export [get_ips -all sys_top_auto_pc_1] }
catch { config_ip_cache -export [get_ips -all sys_top_auto_pc_2] }
catch { config_ip_cache -export [get_ips -all sys_top_auto_pc_3] }
catch { config_ip_cache -export [get_ips -all sys_top_s00_data_fifo_405] }
catch { config_ip_cache -export [get_ips -all sys_top_auto_pc_4] }
catch { config_ip_cache -export [get_ips -all sys_top_auto_pc_5] }
catch { config_ip_cache -export [get_ips -all sys_top_auto_pc_6] }
catch { config_ip_cache -export [get_ips -all sys_top_auto_pc_7] }
catch { config_ip_cache -export [get_ips -all sys_top_s00_data_fifo_406] }
catch { configrelaunch_sim
run 100 us
ps -all sys_top_auto_pc_8] }
catch { config_ip_cache -export [get_ips -all sys_top_auto_us_cc_df_0] }
catch { config_ip_cache -export [get_ips -all sys_top_auto_us_cc_df_1] }
catch { config_ip_cache -export [get_ips -all sys_top_auto_us_cc_df_2] }
catch { config_ip_cache -export [get_ips -all sys_top_auto_us_cc_df_3] }
catch { config_ip_cache -export [get_ips -all sys_top_m00_data_fifo_36] }
catch { config_ip_cache -export [get_ips -all sys_top_auto_pc_9] }
catch { config_ip_cache -export [get_ips -all sys_top_auto_us_cc_df_4] }
catch { config_ip_cache -export [get_ips -all sys_top_auto_us_cc_df_5] }
catch { config_ip_cache -export [get_ips -all sys_top_auto_us_cc_df_6] }
catch { config_ip_cache -export [get_ips -all sys_top_auto_us_cc_df_7] }
catch { config_ip_cache -export [get_ips -all sys_top_m00_data_fifo_37] }
catch { config_ip_cache -export [get_ips -all sys_top_auto_pc_10] }
catch { config_ip_cache -export [get_ips -all sys_top_s00_data_fifo_409] }
catch { config_ip_cache -export [get_ips -all sys_top_auto_pc_11] }
catch { config_ip_cache -export [get_ips -all sys_top_s00_data_fifo_410] }
catch { config_ip_cache -export [get_ips -all sys_top_auto_pc_12] }
catch { config_ip_cache -export [get_ips -all sys_top_auto_cc_0] }
catch { config_ip_cache -export [get_ips -all sys_top_auto_cc_1] }
catch { config_ip_cache -export [get_ips -all sys_top_s00_data_fifo_411] }
catch { config_ip_cache -export [get_ips -all sys_top_auto_cc_2] }
catch { config_ip_cache -export [get_ips -all sys_top_auto_cc_3] }
catch { config_ip_cache -export [get_ips -all sys_top_auto_cc_4] }
catch { config_ip_cache -export [get_ips -all sys_top_auto_cc_5] }
export_ip_user_files -of_objects [get_files D:/Project/cosm/prj/cosm-plus-sys-66/cosm-plus-sys.srcs/sources_1/bd/sys_top/sys_top.bd] -no_script -sync -force -quiet
create_ip_run [get_files -of_objects [get_fileset sources_1] D:/Project/cosm/prj/cosm-plus-sys-66/cosm-plus-sys.srcs/sources_1/bd/sys_top/sys_top.bd]
launch_runs -jobs 4 {sys_top_t4nfc_hlper_0_0_synth_1 sys_top_t4nfc_hlper_1_0_synth_1 sys_top_t4nfc_hlper_2_0_synth_1 sys_top_t4nfc_hlper_3_0_synth_1 sys_top_t4nfc_hlper_4_0_synth_1 sys_top_t4nfc_hlper_5_0_synth_1 sys_top_t4nfc_hlper_6_0_synth_1 sys_top_t4nfc_hlper_7_0_synth_1}
export_simulation -of_objects [get_files D:/Project/cosm/prj/cosm-plus-sys-66/cosm-plus-sys.srcs/sources_1/bd/sys_top/sys_top.bd] -directory D:/Project/cosm/prj/cosm-plus-sys-66/cosm-plus-sys.ip_user_files/sim_scripts -ip_user_files_dir D:/Project/cosm/prj/cosm-plus-sys-66/cosm-plus-sys.ip_user_files -ipstatic_source_dir D:/Project/cosm/prj/cosm-plus-sys-66/cosm-plus-sys.ip_user_files/ipstatic -lib_map_path [list {modelsim=D:/Project/cosm/prj/cosm-plus-sys-66/cosm-plus-sys.cache/compile_simlib/modelsim} {questa=D:/Project/cosm/prj/cosm-plus-sys-66/cosm-plus-sys.cache/compile_simlib/questa} {riviera=D:/Project/cosm/prj/cosm-plus-sys-66/cosm-plus-sys.cache/compile_simlib/riviera} {activehdl=D:/Project/cosm/prj/cosm-plus-sys-66/cosm-plus-sys.cache/compile_simlib/activehdl}] -use_ip_compiled_libs -force -quiet
reset_run synth_1
launch_runs impl_1 -jobs 4
wait_on_run impl_1
open_run synth_1 -name synth_1
set_property port_width 336 [get_debug_ports u_ila_0/probe0]
set_property port_width 389 [get_debug_ports u_ila_1/probe0]
save_constraints
close_design
reset_run impl_1
launch_runs impl_1 -jobs 4
wait_on_run impl_1
launch_runs impl_1 -to_step write_bitstream -jobs 4
wait_on_run impl_1
file copy -force D:/Project/cosm/prj/cosm-plus-sys-66/cosm-plus-sys.runs/impl_1/sys_top_wrapper.sysdef D:/Project/cosm/prj/cosm-plus-sys-66/cosm-plus-sys.sdk/sys_top_wrapper.hdf

open_bd_design {D:/Project/cosm/prj/cosm-plus-sys-66/cosm-plus-sys.srcs/sources_1/bd/sys_top/sys_top.bd}
open_hw
connect_hw_server
open_hw_target
set_property PROGRAM.FILE {D:/Project/cosm/prj/cosm-plus-sys-66/cosm-plus-sys.runs/impl_1/sys_top_wrapper.bit} [get_hw_devices xc7z045_1]
set_property PROBES.FILE {D:/Project/cosm/prj/cosm-plus-sys-66/cosm-plus-sys.runs/impl_1/sys_top_wrapper.ltx} [get_hw_devices xc7z045_1]
set_property FULL_PROBES.FILE {D:/Project/cosm/prj/cosm-plus-sys-66/cosm-plus-sys.runs/impl_1/sys_top_wrapper.ltx} [get_hw_devices xc7z045_1]
current_hw_device [get_hw_devices xc7z045_1]
refresh_hw_device [lindex [get_hw_devices xc7z045_1] 0]
refresh_hw_device [lindex [get_hw_devices xc7z045_1] 0]
display_hw_ila_data [ get_hw_ila_data hw_ila_data_1 -of_objects [get_hw_ilas -of_objects [get_hw_devices xc7z045_1] -filter {CELL_NAME=~"u_ila_0"}]]
display_hw_ila_data [ get_hw_ila_data hw_ila_data_2 -of_objects [get_hw_ilas -of_objects [get_hw_devices xc7z045_1] -filter {CELL_NAME=~"u_ila_1"}]]
run_hw_ila [get_hw_ilas -of_objects [get_hw_devices xc7z045_1] -filter {CELL_NAME=~"u_ila_1"}]
wait_on_hw_ila [get_hw_ilas -of_objects [get_hw_devices xc7z045_1] -filter {CELL_NAME=~"u_ila_1"}]
display_hw_ila_data [upload_hw_ila_data [get_hw_ilas -of_objects [get_hw_devices xc7z045_1] -filter {CELL_NAME=~"u_ila_1"}]]
open_bd_design {D:/Project/cosm/prj/cosm-plus-sys-66/cosm-plus-sys.srcs/sources_1/bd/sys_top/sys_top.bd}
open_bd_design {D:/Project/cosm/prj/cosm-plus-sys-66/cosm-plus-sys.srcs/sources_1/bd/sys_top/sys_top.bd}
run_hw_ila [get_hw_ilas -of_objects [get_hw_devices xc7z045_1] -filter {CELL_NAME=~"u_ila_1"}]
wait_on_hw_ila [get_hw_ilas -of_objects [get_hw_devices xc7z045_1] -filter {CELL_NAME=~"u_ila_1"}]
display_hw_ila_data [upload_hw_ila_data [get_hw_ilas -of_objects [get_hw_devices xc7z045_1] -filter {CELL_NAME=~"u_ila_1"}]]
set_property TRIGGER_COMPARE_VALUE eq1'bX [get_hw_probes sys_top_i/t4nfc_hlper_3/C_AWVALID -of_objects [get_hw_ilas -of_objects [get_hw_devices xc7z045_1] -filter {CELL_NAME=~"u_ila_0"}]]
set_property TRIGGER_COMPARE_VALUE eq6'bXX_XXXX [get_hw_probes sys_top_i/t4nfc_hlper_3/oOpcode -of_objects [get_hw_ilas -of_objects [get_hw_devices xc7z045_1] -filter {CELL_NAME=~"u_ila_0"}]]
set_property TRIGGER_COMPARE_VALUE eq6'b10_1011 [get_hw_probes sys_top_i/t4nfc_hlper_3/oOpcode -of_objects [get_hw_ilas -of_objects [get_hw_devices xc7z045_1] -filter {CELL_NAME=~"u_ila_0"}]]
run_hw_ila [get_hw_ilas -of_objects [get_hw_devices xc7z045_1] -filter {CELL_NAME=~"u_ila_0"}]
wait_on_hw_ila [get_hw_ilas -of_objects [get_hw_devices xc7z045_1] -filter {CELL_NAME=~"u_ila_0"}]
display_hw_ila_data [upload_hw_ila_data [get_hw_ilas -of_objects [get_hw_devices xc7z045_1] -filter {CELL_NAME=~"u_ila_0"}]]
save_wave_config {D:/Project/cosm/prj/cosm-plus-sys-66/cosm-plus-sys.hw/hw_1/wave/hw_ila_data_1/hw_ila_data_1.wcfg}
save_wave_config {D:/Project/cosm/prj/cosm-plus-sys-66/cosm-plus-sys.hw/hw_1/wave/hw_ila_data_2/hw_ila_data_2.wcfg}
disconnect_hw_server localhost:3121
connect_hw_server
open_hw_target
set_property PROGRAM.FILE {D:/Project/cosm/prj/cosm-plus-sys-66/cosm-plus-sys.runs/impl_1/sys_top_wrapper.bit} [get_hw_devices xc7z045_1]
set_property PROBES.FILE {D:/Project/cosm/prj/cosm-plus-sys-66/cosm-plus-sys.runs/impl_1/sys_top_wrapper.ltx} [get_hw_devices xc7z045_1]
set_property FULL_PROBES.FILE {D:/Project/cosm/prj/cosm-plus-sys-66/cosm-plus-sys.runs/impl_1/sys_top_wrapper.ltx} [get_hw_devices xc7z045_1]
current_hw_device [get_hw_devices xc7z045_1]
refresh_hw_device [lindex [get_hw_devices xc7z045_1] 0]
display_hw_ila_data [ get_hw_ila_data hw_ila_data_1 -of_objects [get_hw_ilas -of_objects [get_hw_devices xc7z045_1] -filter {CELL_NAME=~"u_ila_0"}]]
display_hw_ila_data [ get_hw_ila_data hw_ila_data_2 -of_objects [get_hw_ilas -of_objects [get_hw_devices xc7z045_1] -filter {CELL_NAME=~"u_ila_1"}]]
run_hw_ila [get_hw_ilas -of_objects [get_hw_devices xc7z045_1] -filter {CELL_NAME=~"u_ila_0"}]
wait_on_hw_ila [get_hw_ilas -of_objects [get_hw_devices xc7z045_1] -filter {CELL_NAME=~"u_ila_0"}]
display_hw_ila_data [upload_hw_ila_data [get_hw_ilas -of_objects [get_hw_devices xc7z045_1] -filter {CELL_NAME=~"u_ila_0"}]]
save_wave_config {D:/Project/cosm/prj/cosm-plus-sys-66/cosm-plus-sys.hw/hw_1/wave/hw_ila_data_1/hw_ila_data_1.wcfg}
save_wave_config {D:/Project/cosm/prj/cosm-plus-sys-66/cosm-plus-sys.hw/hw_1/wave/hw_ila_data_2/hw_ila_data_2.wcfg}
disconnect_hw_server localhost:3121
connect_hw_server
open_hw_target
set_property PROGRAM.FILE {D:/Project/cosm/prj/cosm-plus-sys-66/cosm-plus-sys.runs/impl_1/sys_top_wrapper.bit} [get_hw_devices xc7z045_1]
set_property PROBES.FILE {D:/Project/cosm/prj/cosm-plus-sys-66/cosm-plus-sys.runs/impl_1/sys_top_wrapper.ltx} [get_hw_devices xc7z045_1]
set_property FULL_PROBES.FILE {D:/Project/cosm/prj/cosm-plus-sys-66/cosm-plus-sys.runs/impl_1/sys_top_wrapper.ltx} [get_hw_devices xc7z045_1]
current_hw_device [get_hw_devices xc7z045_1]
refresh_hw_device [lindex [get_hw_devices xc7z045_1] 0]
display_hw_ila_data [ get_hw_ila_data hw_ila_data_1 -of_objects [get_hw_ilas -of_objects [get_hw_devices xc7z045_1] -filter {CELL_NAME=~"u_ila_0"}]]
display_hw_ila_data [ get_hw_ila_data hw_ila_data_2 -of_objects [get_hw_ilas -of_objects [get_hw_devices xc7z045_1] -filter {CELL_NAME=~"u_ila_1"}]]
run_hw_ila [get_hw_ilas -of_objects [get_hw_devices xc7z045_1] -filter {CELL_NAME=~"u_ila_1"}]
wait_on_hw_ila -timeout 0 [get_hw_ilas -of_objects [get_hw_devices xc7z045_1] -filter {CELL_NAME=~"u_ila_1"}]
upload_hw_ila_data [get_hw_ilas -of_objects [get_hw_devices xc7z045_1] -filter {CELL_NAME=~"u_ila_1"}]
run_hw_ila [get_hw_ilas -of_objects [get_hw_devices xc7z045_1] -filter {CELL_NAME=~"u_ila_1"}] -trigger_now
wait_on_hw_ila [get_hw_ilas -of_objects [get_hw_devices xc7z045_1] -filter {CELL_NAME=~"u_ila_1"}]
display_hw_ila_data [upload_hw_ila_data [get_hw_ilas -of_objects [get_hw_devices xc7z045_1] -filter {CELL_NAME=~"u_ila_1"}]]
open_bd_design {D:/Project/cosm/prj/cosm-plus-sys-66/cosm-plus-sys.srcs/sources_1/bd/sys_top/sys_top.bd}
open_run impl_1
open_run impl_1
set_property iostandard SSTL18_II [get_ports [list {nand_if_4_nand_rb[0]}]]
startgroup
set_property INTERNAL_VREF 0.900 [get_iobanks 11]
endgroup

startgroup
set_property INTERNAL_VREF 0.900 [get_iobanks 12]
set_property INTERNAL_VREF 0.900 [get_iobanks 13]
set_property INTERNAL_VREF 0.900 [get_iobanks 33]
set_property INTERNAL_VREF 0.900 [get_iobanks 34]
set_property INTERNAL_VREF 0.900 [get_iobanks 35]
endgroup

save_constraints
reset_run impl_1
launch_runs impl_1 -jobs 4
wait_on_run impl_1
close_design
open_run synth_1 -name synth_1
connect_debug_port u_ila_0/clk [get_nets [list sys_top_i/t4nfc_hlper_3/iClock ]] -channel_start_index 0
connect_debug_port u_ila_1/clk [get_nets [list sys_top_i/t4nfc_hlper_0/iClock ]]
save_constraints
close_design
reset_run impl_1
launch_runs impl_1 -jobs 4
wait_on_run impl_1
launch_runs impl_1 -to_step write_bitstream -jobs 4
wait_on_run impl_1
file copy -force D:/Project/cosm/prj/cosm-plus-sys-66/cosm-plus-sys.runs/impl_1/sys_top_wrapper.sysdef D:/Project/cosm/prj/cosm-plus-sys-66/cosm-plus-sys.sdk/sys_top_wrapper.hdf

disconnect_hw_server localhost:3121
connect_hw_server
open_hw_target
set_property PROGRAM.FILE {D:/Project/cosm/prj/cosm-plus-sys-66/cosm-plus-sys.runs/impl_1/sys_top_wrapper.bit} [get_hw_devices xc7z045_1]
set_property PROBES.FILE {D:/Project/cosm/prj/cosm-plus-sys-66/cosm-plus-sys.runs/impl_1/sys_top_wrapper.ltx} [get_hw_devices xc7z045_1]
set_property FULL_PROBES.FILE {D:/Project/cosm/prj/cosm-plus-sys-66/cosm-plus-sys.runs/impl_1/sys_top_wrapper.ltx} [get_hw_devices xc7z045_1]
current_hw_device [get_hw_devices xc7z045_1]
refresh_hw_device [lindex [get_hw_devices xc7z045_1] 0]
display_hw_ila_data [ get_hw_ila_data hw_ila_data_1 -of_objects [get_hw_ilas -of_objects [get_hw_devices xc7z045_1] -filter {CELL_NAME=~"u_ila_0"}]]
display_hw_ila_data [ get_hw_ila_data hw_ila_data_2 -of_objects [get_hw_ilas -of_objects [get_hw_devices xc7z045_1] -filter {CELL_NAME=~"u_ila_1"}]]
set_property TRIGGER_COMPARE_VALUE eq6'hXX [get_hw_probes sys_top_i/t4nfc_hlper_0/oOpcode -of_objects [get_hw_ilas -of_objects [get_hw_devices xc7z045_1] -filter {CELL_NAME=~"u_ila_1"}]]
set_property TRIGGER_COMPARE_VALUE eq1'b1 [get_hw_probes sys_top_i/t4nfc_hlper_0/oCMDValid -of_objects [get_hw_ilas -of_objects [get_hw_devices xc7z045_1] -filter {CELL_NAME=~"u_ila_1"}]]
run_hw_ila [get_hw_ilas -of_objects [get_hw_devices xc7z045_1] -filter {CELL_NAME=~"u_ila_1"}]
wait_on_hw_ila [get_hw_ilas -of_objects [get_hw_devices xc7z045_1] -filter {CELL_NAME=~"u_ila_1"}]
display_hw_ila_data [upload_hw_ila_data [get_hw_ilas -of_objects [get_hw_devices xc7z045_1] -filter {CELL_NAME=~"u_ila_1"}]]
run_hw_ila [get_hw_ilas -of_objects [get_hw_devices xc7z045_1] -filter {CELL_NAME=~"u_ila_1"}] -trigger_now
wait_on_hw_ila [get_hw_ilas -of_objects [get_hw_devices xc7z045_1] -filter {CELL_NAME=~"u_ila_1"}]
display_hw_ila_data [upload_hw_ila_data [get_hw_ilas -of_objects [get_hw_devices xc7z045_1] -filter {CELL_NAME=~"u_ila_1"}]]
run_hw_ila [get_hw_ilas -of_objects [get_hw_devices xc7z045_1] -filter {CELL_NAME=~"u_ila_1"}]
wait_on_hw_ila [get_hw_ilas -of_objects [get_hw_devices xc7z045_1] -filter {CELL_NAME=~"u_ila_1"}]
display_hw_ila_data [upload_hw_ila_data [get_hw_ilas -of_objects [get_hw_devices xc7z045_1] -filter {CELL_NAME=~"u_ila_1"}]]
set_property TRIGGER_COMPARE_VALUE eq1'bX [get_hw_probes sys_top_i/t4nfc_hlper_0/oCMDValid -of_objects [get_hw_ilas -of_objects [get_hw_devices xc7z045_1] -filter {CELL_NAME=~"u_ila_1"}]]
set_property CONTROL.TRIGGER_CONDITION NAND [get_hw_ilas -of_objects [get_hw_devices xc7z045_1] -filter {CELL_NAME=~"u_ila_1"}]
set_property TRIGGER_COMPARE_VALUE eq1'b0 [get_hw_probes sys_top_i/t4nfc_hlper_0/D_ARVALID -of_objects [get_hw_ilas -of_objects [get_hw_devices xc7z045_1] -filter {CELL_NAME=~"u_ila_1"}]]
set_property TRIGGER_COMPARE_VALUE eq1'b0 [get_hw_probes sys_top_i/t4nfc_hlper_0/D_AWVALID -of_objects [get_hw_ilas -of_objects [get_hw_devices xc7z045_1] -filter {CELL_NAME=~"u_ila_1"}]]
run_hw_ila [get_hw_ilas -of_objects [get_hw_devices xc7z045_1] -filter {CELL_NAME=~"u_ila_1"}]
wait_on_hw_ila [get_hw_ilas -of_objects [get_hw_devices xc7z045_1] -filter {CELL_NAME=~"u_ila_1"}]
display_hw_ila_data [upload_hw_ila_data [get_hw_ilas -of_objects [get_hw_devices xc7z045_1] -filter {CELL_NAME=~"u_ila_1"}]]
save_wave_config {D:/Project/cosm/prj/cosm-plus-sys-66/cosm-plus-sys.hw/hw_1/wave/hw_ila_data_1/hw_ila_data_1.wcfg}
save_wave_config {D:/Project/cosm/prj/cosm-plus-sys-66/cosm-plus-sys.hw/hw_1/wave/hw_ila_data_2/hw_ila_data_2.wcfg}
disconnect_hw_server localhost:3121
open_bd_design {D:/Project/cosm/prj/cosm-plus-sys-66/cosm-plus-sys.srcs/sources_1/bd/sys_top/sys_top.bd}
open_bd_design {D:/Project/cosm/prj/cosm-plus-sys-66/cosm-plus-sys.srcs/sources_1/bd/sys_top/sys_top.bd}
reset_run impl_1
launch_runs impl_1 -jobs 4
wait_on_run impl_1
open_run impl_1
reset_run impl_1
launch_runs impl_1 -jobs 4
wait_on_run impl_1
create_ip_run [get_files -of_objects [get_fileset sources_1] D:/Project/cosm/prj/cosm-plus-sys-66/cosm-plus-sys.srcs/sources_1/bd/sys_top/sys_top.bd]
refresh_design
open_bd_design {D:/Project/cosm/prj/cosm-plus-sys-66/cosm-plus-sys.srcs/sources_1/bd/sys_top/sys_top.bd}
startgroup
set_property -dict [list CONFIG.M00_HAS_DATA_FIFO {0}] [get_bd_cells hpic_0]
endgroup
startgroup
set_property -dict [list CONFIG.M00_HAS_DATA_FIFO {0} CONFIG.S00_HAS_REGSLICE {4} CONFIG.S01_HAS_REGSLICE {4} CONFIG.S02_HAS_REGSLICE {4} CONFIG.S03_HAS_REGSLICE {4}] [get_bd_cells hpic_1]
endgroup
startgroup
set_property -dict [list CONFIG.S00_HAS_REGSLICE {4} CONFIG.S01_HAS_REGSLICE {4} CONFIG.S02_HAS_REGSLICE {4} CONFIG.S03_HAS_REGSLICE {4}] [get_bd_cells hpic_0]
endgroup
save_bd_design
generate_target all [get_files  D:/Project/cosm/prj/cosm-plus-sys-66/cosm-plus-sys.srcs/sources_1/bd/sys_top/sys_top.bd]
catch { config_ip_cache -export [get_ips -all sys_top_processing_system7_0_0] }
catch { config_ip_cache -export [get_ips -all sys_top_s00_data_fifo_415] }
catch { config_ip_cache -export [get_ips -all sys_top_auto_pc_0] }
catch { config_ip_cache -export [get_ips -all sys_top_auto_pc_1] }
catch { config_ip_cache -export [get_ips -all sys_top_auto_pc_2] }
catch { config_ip_cache -export [get_ips -all sys_top_auto_pc_3] }
catch { config_ip_cache -export [get_ips -all sys_top_s00_data_fifo_416] }
catch { config_ip_cache -export [get_ips -all sys_top_auto_pc_4] }
catch { config_ip_cache -export [get_ips -all sys_top_auto_pc_5] }
catch { config_ip_cache -export [get_ips -all sys_top_auto_pc_6] }
catch { config_ip_cache -export [get_ips -all sys_top_auto_pc_7] }
catch { config_ip_cache -export [get_ips -all sys_top_s00_data_fifo_417] }
catch { config_ip_cache -export [get_ips -all sys_top_auto_pc_8] }
catch { config_ip_cache -export [get_ips -all sys_top_s00_regslice_1] }
catch { config_ip_cache -export [get_ips -all sys_top_auto_us_cc_df_0] }
catch { config_ip_cache -export [get_ips -all sys_top_s01_regslice_1] }
catch { config_ip_cache -export [get_ips -all sys_top_auto_us_cc_df_1] }
catch { config_ip_cache -export [get_ips -all sys_top_s02_regslice_1] }
catch { config_ip_cache -export [get_ips -all sys_top_auto_us_cc_df_2] }
catch { config_ip_cache -export [get_ips -all sys_top_s03_regslice_1] }
catch { config_ip_cache -export [get_ips -all sys_top_auto_us_cc_df_3] }
catch { config_ip_cache -export [get_ips -all sys_top_auto_pc_9] }
catch { config_ip_cache -export [get_ips -all sys_top_s00_regslice_2] }
catch { config_ip_cache -export [get_ips -all sys_top_auto_us_cc_df_4] }
catch { config_ip_cache -export [get_ips -all sys_top_s01_regslice_2] }
catch { config_ip_cache -export [get_ips -all sys_top_auto_us_cc_df_5] }
catch { config_ip_cache -export [get_ips -all sys_top_s02_regslice_2] }
catch { config_ip_cache -export [get_ips -all sys_top_auto_us_cc_df_6] }
catch { config_ip_cache -export [get_ips -all sys_top_s03_regslice_2] }
catch { config_ip_cache -export [get_ips -all sys_top_auto_us_cc_df_7] }
catch { config_ip_cache -export [get_ips -all sys_top_auto_pc_10] }
catch { config_ip_cache -export [get_ips -all sys_top_s00_data_fifo_420] }
catch { config_ip_cache -export [get_ips -all sys_top_auto_pc_11] }
catch { config_ip_cache -export [get_ips -all sys_top_s00_data_fifo_421] }
catch { config_ip_cache -export [get_ips -all sys_top_auto_pc_12] }
catch { config_ip_cache -export [get_ips -all sys_top_auto_cc_0] }
catch { config_ip_cache -export [get_ips -all sys_top_auto_cc_1] }
catch { config_ip_cache -export [get_ips -all sys_top_s00_data_fifo_422] }
catch { config_ip_cache -export [get_ips -all sys_top_auto_cc_2] }
catch { config_ip_cache -export [get_ips -all sys_top_auto_cc_3] }
catch { config_ip_cache -export [get_ips -all sys_top_auto_cc_4] }
catch { config_ip_cache -export [get_ips -all sys_top_auto_cc_5] }
export_ip_user_files -of_objects [get_files D:/Project/cosm/prj/cosm-plus-sys-66/cosm-plus-sys.srcs/sources_1/bd/sys_top/sys_top.bd] -no_script -sync -force -quiet
create_ip_run [get_files -of_objects [get_fileset sources_1] D:/Project/cosm/prj/cosm-plus-sys-66/cosm-plus-sys.srcs/sources_1/bd/sys_top/sys_top.bd]
launch_runs -jobs 4 {sys_top_processing_system7_0_0_synth_1 sys_top_s00_regslice_1_synth_1 sys_top_s01_regslice_1_synth_1 sys_top_s02_regslice_1_synth_1 sys_top_s03_regslice_1_synth_1 sys_top_s00_regslice_2_synth_1 sys_top_s01_regslice_2_synth_1 sys_top_s02_regslice_2_synth_1 sys_top_s03_regslice_2_synth_1}
export_simulation -of_objects [get_files D:/Project/cosm/prj/cosm-plus-sys-66/cosm-plus-sys.srcs/sources_1/bd/sys_top/sys_top.bd] -directory D:/Project/cosm/prj/cosm-plus-sys-66/cosm-plus-sys.ip_user_files/sim_scripts -ip_user_files_dir D:/Project/cosm/prj/cosm-plus-sys-66/cosm-plus-sys.ip_user_files -ipstatic_source_dir D:/Project/cosm/prj/cosm-plus-sys-66/cosm-plus-sys.ip_user_files/ipstatic -lib_map_path [list {modelsim=D:/Project/cosm/prj/cosm-plus-sys-66/cosm-plus-sys.cache/compile_simlib/modelsim} {questa=D:/Project/cosm/prj/cosm-plus-sys-66/cosm-plus-sys.cache/compile_simlib/questa} {riviera=D:/Project/cosm/prj/cosm-plus-sys-66/cosm-plus-sys.cache/compile_simlib/riviera} {activehdl=D:/Project/cosm/prj/cosm-plus-sys-66/cosm-plus-sys.cache/compile_simlib/activehdl}] -use_ip_compiled_libs -force -quiet
reset_run synth_1
launch_runs impl_1 -jobs 4
wait_on_run impl_1
launch_runs impl_1 -to_step write_bitstream -jobs 4
wait_on_run impl_1
file copy -force D:/Project/cosm/prj/cosm-plus-sys-66/cosm-plus-sys.runs/impl_1/sys_top_wrapper.sysdef D:/Project/cosm/prj/cosm-plus-sys-66/cosm-plus-sys.sdk/sys_top_wrapper.hdf

archive_project D:/Project/cosm/prj/cosm-plus-sys-083021.xpr.zip -temp_dir C:/Users/babol/AppData/Roaming/Xilinx/Vivado/.Xil/Vivado-30236-07d2-terminal -force -include_local_ip_cache
